Archive member included to satisfy reference by file (symbol)

F:\GPS_Project\COASolutions\ArduinoCore\Release\libArduinoCore.a(wiring.o)
                              main.o (delay)
F:\GPS_Project\COASolutions\ArduinoCore\Release\libArduinoCore.a(hooks.o)
                              F:\GPS_Project\COASolutions\ArduinoCore\Release\libArduinoCore.a(wiring.o) (yield)
F:\GPS_Project\COASolutions\OneSheeld\Release\libOneSheeld.a(OneSheeld.o)
                              main.o (OneSheeld)
F:\GPS_Project\COASolutions\OneSheeld\Release\libOneSheeld.a(OneSheeldPrintln.o)
                              main.o (_ZN12PrintlnClass7printlnEPKc)
F:\GPS_Project\COASolutions\OneSheeld\Release\libOneSheeld.a(ShieldParent.o)
                              F:\GPS_Project\COASolutions\OneSheeld\Release\libOneSheeld.a(OneSheeld.o) (_ZN12ShieldParent11getShieldIdEv)
F:\GPS_Project\COASolutions\OneSheeld\Release\libOneSheeld.a(TerminalShield.o)
                              main.o (_ZN14TerminalShieldC1Ev)
F:\GPS_Project\COASolutions\OneSheeld\Release\libOneSheeld.a(HttpRequest.o)
                              F:\GPS_Project\COASolutions\OneSheeld\Release\libOneSheeld.a(OneSheeld.o) (_ZN11HttpRequest13sendInitFrameEv)
F:\GPS_Project\COASolutions\OneSheeld\Release\libOneSheeld.a(HttpResponse.o)
                              F:\GPS_Project\COASolutions\OneSheeld\Release\libOneSheeld.a(HttpRequest.o) (_ZN12HttpResponseC1Ev)
F:\GPS_Project\COASolutions\OneSheeld\Release\libOneSheeld.a(JsonKeyChain.o)
                              F:\GPS_Project\COASolutions\OneSheeld\Release\libOneSheeld.a(HttpResponse.o) (_ZN12JsonKeyChainC1Ei)
F:\GPS_Project\COASolutions\OneSheeld\Release\libOneSheeld.a(OneSheeldPrint.o)
                              F:\GPS_Project\COASolutions\OneSheeld\Release\libOneSheeld.a(OneSheeldPrintln.o) (_ZN10PrintClassC2Ehhh)
F:\GPS_Project\COASolutions\OneSheeld\Release\libOneSheeld.a(JsonKey.o)
                              F:\GPS_Project\COASolutions\OneSheeld\Release\libOneSheeld.a(JsonKeyChain.o) (_ZN7JsonKeyC1Ei)
F:\GPS_Project\COASolutions\ArduinoCore\Release\libArduinoCore.a(HardwareSerial.o)
                              F:\GPS_Project\COASolutions\OneSheeld\Release\libOneSheeld.a(OneSheeld.o) (_ZN14HardwareSerial5beginEmh)
F:\GPS_Project\COASolutions\ArduinoCore\Release\libArduinoCore.a(HardwareSerial0.o)
                              F:\GPS_Project\COASolutions\OneSheeld\Release\libOneSheeld.a(OneSheeld.o) (Serial)
F:\GPS_Project\COASolutions\ArduinoCore\Release\libArduinoCore.a(new.o)
                              F:\GPS_Project\COASolutions\OneSheeld\Release\libOneSheeld.a(OneSheeld.o) (_Znwj)
F:\GPS_Project\COASolutions\ArduinoCore\Release\libArduinoCore.a(Print.o)
                              F:\GPS_Project\COASolutions\ArduinoCore\Release\libArduinoCore.a(HardwareSerial.o) (_ZN5Print5writeEPKhj)
F:\GPS_Project\COASolutions\ArduinoCore\Release\libArduinoCore.a(wiring_pulse.o)
                              F:\GPS_Project\COASolutions\OneSheeld\Release\libOneSheeld.a(OneSheeld.o) (pulseIn)
F:\GPS_Project\COASolutions\ArduinoCore\Release\libArduinoCore.a(WMath.o)
                              F:\GPS_Project\COASolutions\OneSheeld\Release\libOneSheeld.a(OneSheeld.o) (_Z6randomll)
F:\GPS_Project\COASolutions\ArduinoCore\Release\libArduinoCore.a(WString.o)
                              F:\GPS_Project\COASolutions\OneSheeld\Release\libOneSheeld.a(OneSheeldPrintln.o) (_ZN6StringixEj)
F:\GPS_Project\COASolutions\ArduinoCore\Release\libArduinoCore.a(abi.o)
                              F:\GPS_Project\COASolutions\ArduinoCore\Release\libArduinoCore.a(Print.o) (__cxa_pure_virtual)
F:\GPS_Project\COASolutions\ArduinoCore\Release\libArduinoCore.a(wiring_digital.o)
                              F:\GPS_Project\COASolutions\ArduinoCore\Release\libArduinoCore.a(wiring_pulse.o) (digital_pin_to_bit_mask_PGM)
f:/atmel/studio/7.0/toolchain/avr8/avr8-gnu-toolchain/bin/../lib/gcc/avr/4.9.2/avr5\libgcc.a(_mulsi3.o)
                              F:\GPS_Project\COASolutions\ArduinoCore\Release\libArduinoCore.a(WMath.o) (__mulsi3)
f:/atmel/studio/7.0/toolchain/avr8/avr8-gnu-toolchain/bin/../lib/gcc/avr/4.9.2/avr5\libgcc.a(_udivmodsi4.o)
                              F:\GPS_Project\COASolutions\ArduinoCore\Release\libArduinoCore.a(HardwareSerial.o) (__udivmodsi4)
f:/atmel/studio/7.0/toolchain/avr8/avr8-gnu-toolchain/bin/../lib/gcc/avr/4.9.2/avr5\libgcc.a(_divmodsi4.o)
                              F:\GPS_Project\COASolutions\ArduinoCore\Release\libArduinoCore.a(WMath.o) (__divmodsi4)
f:/atmel/studio/7.0/toolchain/avr8/avr8-gnu-toolchain/bin/../lib/gcc/avr/4.9.2/avr5\libgcc.a(_negsi2.o)
                              f:/atmel/studio/7.0/toolchain/avr8/avr8-gnu-toolchain/bin/../lib/gcc/avr/4.9.2/avr5\libgcc.a(_divmodsi4.o) (__negsi2)
f:/atmel/studio/7.0/toolchain/avr8/avr8-gnu-toolchain/bin/../lib/gcc/avr/4.9.2/avr5\libgcc.a(_exit.o)
[...]
Memory Configuration

Name             Origin             Length             Attributes
text             0x00000000         0x00020000         xr
data             0x00800060         0x0000ffa0         rw !x
eeprom           0x00810000         0x00010000         rw !x
fuse             0x00820000         0x00000400         rw !x
lock             0x00830000         0x00000400         rw !x
signature        0x00840000         0x00000400         rw !x
user_signatures  0x00850000         0x00000400         rw !x
*default*        0x00000000         0xffffffff

Linker script and memory map

Address of section .data set to 0x800100
LOAD F:/Atmel/Studio/7.0/Packs/atmel/ATmega_DFP/1.0.106/gcc/dev/atmega328p/avr5/crtatmega328p.o
LOAD main.o
START GROUP
LOAD F:\GPS_Project\COASolutions\ArduinoCore\Release\libArduinoCore.a
LOAD F:\GPS_Project\COASolutions\OneSheeld\Release\libOneSheeld.a
END GROUP
LOAD f:/atmel/studio/7.0/toolchain/avr8/avr8-gnu-toolchain/bin/../lib/gcc/avr/4.9.2/avr5\libgcc.a
LOAD f:/atmel/studio/7.0/toolchain/avr8/avr8-gnu-toolchain/bin/../lib/gcc/avr/4.9.2/../../../../avr/lib/avr5\libm.a
START GROUP
LOAD f:/atmel/studio/7.0/toolchain/avr8/avr8-gnu-toolchain/bin/../lib/gcc/avr/4.9.2/avr5\libgcc.a
LOAD f:/atmel/studio/7.0/toolchain/avr8/avr8-gnu-toolchain/bin/../lib/gcc/avr/4.9.2/../../../../avr/lib/avr5\libm.a
LOAD f:/atmel/studio/7.0/toolchain/avr8/avr8-gnu-toolchain/bin/../lib/gcc/avr/4.9.2/../../../../avr/lib/avr5\libc.a
LOAD F:/Atmel/Studio/7.0/Packs/atmel/ATmega_DFP/1.0.106/gcc/dev/atmega328p/avr5\libatmega328p.a
END GROUP
                0x00020000                __TEXT_REGION_LENGTH__ = DEFINED (__TEXT_REGION_LENGTH__)?__TEXT_REGION_LENGTH__:0x20000
                0x0000ffa0                __DATA_REGION_LENGTH__ = DEFINED (__DATA_REGION_LENGTH__)?__DATA_REGION_LENGTH__:0xffa0
                0x00010000                __EEPROM_REGION_LENGTH__ = DEFINED (__EEPROM_REGION_LENGTH__)?__EEPROM_REGION_LENGTH__:0x10000
                0x00000400                __FUSE_REGION_LENGTH__ = DEFINED (__FUSE_REGION_LENGTH__)?__FUSE_REGION_LENGTH__:0x400
                0x00000400                __LOCK_REGION_LENGTH__ = DEFINED (__LOCK_REGION_LENGTH__)?__LOCK_REGION_LENGTH__:0x400
                0x00000400                __SIGNATURE_REGION_LENGTH__ = DEFINED (__SIGNATURE_REGION_LENGTH__)?__SIGNATURE_REGION_LENGTH__:0x400
                0x00000400                __USER_SIGNATURE_REGION_LENGTH__ = DEFINED (__USER_SIGNATURE_REGION_LENGTH__)?__USER_SIGNATURE_REGION_LENGTH__:0x400

.hash
 *(.hash)

.dynsym
 *(.dynsym)

.dynstr
 *(.dynstr)

.gnu.version
 *(.gnu.version)

.gnu.version_d
 *(.gnu.version_d)

.gnu.version_r
 *(.gnu.version_r)

.rel.init
 *(.rel.init)

.rela.init
 *(.rela.init)

.rel.text
 *(.rel.text)
 *(.rel.text.*)
 *(.rel.gnu.linkonce.t*)

.rela.text
 *(.rela.text)
 *(.rela.text.*)
 *(.rela.gnu.linkonce.t*)

.rel.fini
 *(.rel.fini)

.rela.fini
 *(.rela.fini)

.rel.rodata
 *(.rel.rodata)
 *(.rel.rodata.*)
 *(.rel.gnu.linkonce.r*)

.rela.rodata
 *(.rela.rodata)
 *(.rela.rodata.*)
 *(.rela.gnu.linkonce.r*)

.rel.data
 *(.rel.data)
 *(.rel.data.*)
 *(.rel.gnu.linkonce.d*)

.rela.data
 *(.rela.data)
 *(.rela.data.*)
 *(.rela.gnu.linkonce.d*)

.rel.ctors
 *(.rel.ctors)

.rela.ctors
 *(.rela.ctors)

.rel.dtors
 *(.rel.dtors)

.rela.dtors
 *(.rela.dtors)

.rel.got
 *(.rel.got)

.rela.got
 *(.rela.got)

.rel.bss
 *(.rel.bss)

.rela.bss
 *(.rela.bss)

.rel.plt
 *(.rel.plt)

.rela.plt
 *(.rela.plt)

.text           0x00000000     0x1984
 *(.vectors)
 .vectors       0x00000000       0x68 F:/Atmel/Studio/7.0/Packs/atmel/ATmega_DFP/1.0.106/gcc/dev/atmega328p/avr5/crtatmega328p.o
                0x00000000                __vector_default
                0x00000000                __vectors
 *(.vectors)
 *(.progmem.gcc*)
                0x00000068                . = ALIGN (0x2)
                0x00000068                __trampolines_start = .
 *(.trampolines)
 .trampolines   0x00000068        0x0 linker stubs
 *(.trampolines*)
                0x00000068                __trampolines_end = .
 *(.progmem*)
                0x00000068                . = ALIGN (0x2)
 *(.jumptables)
 *(.jumptables*)
 *(.lowtext)
 *(.lowtext*)
                0x00000068                __ctors_start = .
 *(.ctors)
 .ctors         0x00000068        0x2 main.o
 .ctors         0x0000006a        0x2 F:\GPS_Project\COASolutions\OneSheeld\Release\libOneSheeld.a(OneSheeld.o)
 .ctors         0x0000006c        0x2 F:\GPS_Project\COASolutions\ArduinoCore\Release\libArduinoCore.a(HardwareSerial0.o)
                0x0000006e                __ctors_end = .
                0x0000006e                __dtors_start = .
 *(.dtors)
 .dtors         0x0000006e        0x2 main.o
                0x00000070                __dtors_end = .
 SORT(*)(.ctors)
 SORT(*)(.dtors)
 *(.init0)
 .init0         0x00000070        0x0 F:/Atmel/Studio/7.0/Packs/atmel/ATmega_DFP/1.0.106/gcc/dev/atmega328p/avr5/crtatmega328p.o
                0x00000070                __init
 *(.init0)
 *(.init1)
 *(.init1)
 *(.init2)
 .init2         0x00000070        0xc F:/Atmel/Studio/7.0/Packs/atmel/ATmega_DFP/1.0.106/gcc/dev/atmega328p/avr5/crtatmega328p.o
 *(.init2)
 *(.init3)
 *(.init3)
 *(.init4)
 .init4         0x0000007c       0x16 f:/atmel/studio/7.0/toolchain/avr8/avr8-gnu-toolchain/bin/../lib/gcc/avr/4.9.2/avr5\libgcc.a(_copy_data.o)
                0x0000007c                __do_copy_data
 .init4         0x00000092       0x10 f:/atmel/studio/7.0/toolchain/avr8/avr8-gnu-toolchain/bin/../lib/gcc/avr/4.9.2/avr5\libgcc.a(_clear_bss.o)
                0x00000092                __do_clear_bss
 *(.init4)
 *(.init5)
 *(.init5)
 *(.init6)
 .init6         0x000000a2       0x16 f:/atmel/studio/7.0/toolchain/avr8/avr8-gnu-toolchain/bin/../lib/gcc/avr/4.9.2/avr5\libgcc.a(_ctors.o)
                0x000000a2                __do_global_ctors
 *(.init6)
 *(.init7)
 *(.init7)
 *(.init8)
 *(.init8)
 *(.init9)
 .init9         0x000000b8        0x8 F:/Atmel/Studio/7.0/Packs/atmel/ATmega_DFP/1.0.106/gcc/dev/atmega328p/avr5/crtatmega328p.o
 *(.init9)
 *(.text)
 .text          0x000000c0        0x4 F:/Atmel/Studio/7.0/Packs/atmel/ATmega_DFP/1.0.106/gcc/dev/atmega328p/avr5/crtatmega328p.o
                0x000000c0                __vector_22
                0x000000c0                __vector_1
                0x000000c0                __vector_24
                0x000000c0                __vector_12
                0x000000c0                __bad_interrupt
                0x000000c0                __vector_6
                0x000000c0                __vector_3
                0x000000c0                __vector_23
                0x000000c0                __vector_25
                0x000000c0                __vector_11
                0x000000c0                __vector_13
                0x000000c0                __vector_17
                0x000000c0                __vector_7
                0x000000c0                __vector_5
                0x000000c0                __vector_4
                0x000000c0                __vector_9
                0x000000c0                __vector_2
                0x000000c0                __vector_21
                0x000000c0                __vector_15
                0x000000c0                __vector_8
                0x000000c0                __vector_14
                0x000000c0                __vector_10
                0x000000c0                __vector_20
                0x000000c4                . = ALIGN (0x2)
 *(.text.*)
 .text.startup.main
                0x000000c4       0x26 main.o
                0x000000c4                main
 .text.startup._GLOBAL__sub_I_Terminal
                0x000000ea        0x8 main.o
 .text.exit._GLOBAL__sub_D_Terminal
                0x000000f2        0x2 main.o
 .text.__vector_16
                0x000000f4       0x94 F:\GPS_Project\COASolutions\ArduinoCore\Release\libArduinoCore.a(wiring.o)
                0x000000f4                __vector_16
 .text.millis   0x00000188       0x18 F:\GPS_Project\COASolutions\ArduinoCore\Release\libArduinoCore.a(wiring.o)
                0x00000188                millis
 .text.micros   0x000001a0       0x4c F:\GPS_Project\COASolutions\ArduinoCore\Release\libArduinoCore.a(wiring.o)
                0x000001a0                micros
 .text.delay    0x000001ec       0x76 F:\GPS_Project\COASolutions\ArduinoCore\Release\libArduinoCore.a(wiring.o)
                0x000001ec                delay
 .text.init     0x00000262       0x76 F:\GPS_Project\COASolutions\ArduinoCore\Release\libArduinoCore.a(wiring.o)
                0x00000262                init
 .text.__empty  0x000002d8        0x2 F:\GPS_Project\COASolutions\ArduinoCore\Release\libArduinoCore.a(hooks.o)
                0x000002d8                yield
 .text._ZN14OneSheeldClassC2Ev
                0x000002da       0x2a F:\GPS_Project\COASolutions\OneSheeld\Release\libOneSheeld.a(OneSheeld.o)
                0x000002da                _ZN14OneSheeldClassC1Ev
                0x000002da                _ZN14OneSheeldClassC2Ev
 .text._ZN14OneSheeldClass5beginEl
                0x00000304       0x12 F:\GPS_Project\COASolutions\OneSheeld\Release\libOneSheeld.a(OneSheeld.o)
                0x00000304                _ZN14OneSheeldClass5beginEl
 .text._ZN14OneSheeldClass17addToShieldsArrayEP12ShieldParent
                0x00000316       0x20 F:\GPS_Project\COASolutions\OneSheeld\Release\libOneSheeld.a(OneSheeld.o)
                0x00000316                _ZN14OneSheeldClass17addToShieldsArrayEP12ShieldParent
 .text._ZN14OneSheeldClass14oneSheeldWriteEh
                0x00000336       0x38 F:\GPS_Project\COASolutions\OneSheeld\Release\libOneSheeld.a(OneSheeld.o)
                0x00000336                _ZN14OneSheeldClass14oneSheeldWriteEh
 .text._ZN14OneSheeldClass11getShieldIdEv
                0x0000036e        0x6 F:\GPS_Project\COASolutions\OneSheeld\Release\libOneSheeld.a(OneSheeld.o)
                0x0000036e                _ZN14OneSheeldClass11getShieldIdEv
 .text._ZN14OneSheeldClass13getFunctionIdEv
                0x00000374        0x6 F:\GPS_Project\COASolutions\OneSheeld\Release\libOneSheeld.a(OneSheeld.o)
                0x00000374                _ZN14OneSheeldClass13getFunctionIdEv
 .text._ZN14OneSheeldClass17getArgumentLengthEh
                0x0000037a       0x12 F:\GPS_Project\COASolutions\OneSheeld\Release\libOneSheeld.a(OneSheeld.o)
                0x0000037a                _ZN14OneSheeldClass17getArgumentLengthEh
 .text._ZN14OneSheeldClass15getArgumentDataEh
                0x0000038c       0x32 F:\GPS_Project\COASolutions\OneSheeld\Release\libOneSheeld.a(OneSheeld.o)
                0x0000038c                _ZN14OneSheeldClass15getArgumentDataEh
 .text._ZN14OneSheeldClass19freeMemoryAllocatedEv
                0x000003be       0x88 F:\GPS_Project\COASolutions\OneSheeld\Release\libOneSheeld.a(OneSheeld.o)
                0x000003be                _ZN14OneSheeldClass19freeMemoryAllocatedEv
 .text._ZN14OneSheeldClass13isInACallbackEv
                0x00000446       0x12 F:\GPS_Project\COASolutions\OneSheeld\Release\libOneSheeld.a(OneSheeld.o)
                0x00000446                _ZN14OneSheeldClass13isInACallbackEv
 .text._ZN14OneSheeldClass19getVerificationByteEv
                0x00000458       0x24 F:\GPS_Project\COASolutions\OneSheeld\Release\libOneSheeld.a(OneSheeld.o)
                0x00000458                _ZN14OneSheeldClass19getVerificationByteEv
 .text._ZN14OneSheeldClass15sendShieldFrameEhhhhz
                0x0000047c      0x278 F:\GPS_Project\COASolutions\OneSheeld\Release\libOneSheeld.a(OneSheeld.o)
                0x0000047c                _ZN14OneSheeldClass15sendShieldFrameEhhhhz
 .text._ZN14OneSheeldClass4initEv
                0x000006f4       0x72 F:\GPS_Project\COASolutions\OneSheeld\Release\libOneSheeld.a(OneSheeld.o)
                0x000006f4                _ZN14OneSheeldClass4initEv
 .text._ZN14OneSheeldClass5beginEv
                0x00000766       0x2e F:\GPS_Project\COASolutions\OneSheeld\Release\libOneSheeld.a(OneSheeld.o)
                0x00000766                _ZN14OneSheeldClass5beginEv
 .text._ZN14OneSheeldClass12processFrameEv
                0x00000794      0x15c F:\GPS_Project\COASolutions\OneSheeld\Release\libOneSheeld.a(OneSheeld.o)
                0x00000794                _ZN14OneSheeldClass12processFrameEv
 .text._ZN14OneSheeldClass13sendToShieldsEv
                0x000008f0       0x56 F:\GPS_Project\COASolutions\OneSheeld\Release\libOneSheeld.a(OneSheeld.o)
                0x000008f0                _ZN14OneSheeldClass13sendToShieldsEv
 .text._ZN14OneSheeldClass17enteringACallbackEv
                0x00000946       0x3c F:\GPS_Project\COASolutions\OneSheeld\Release\libOneSheeld.a(OneSheeld.o)
                0x00000946                _ZN14OneSheeldClass17enteringACallbackEv
 .text._ZN14OneSheeldClass16exitingACallbackEv
                0x00000982       0x3c F:\GPS_Project\COASolutions\OneSheeld\Release\libOneSheeld.a(OneSheeld.o)
                0x00000982                _ZN14OneSheeldClass16exitingACallbackEv
 .text._ZN14OneSheeldClass12processInputEi
                0x000009be      0x30c F:\GPS_Project\COASolutions\OneSheeld\Release\libOneSheeld.a(OneSheeld.o)
                0x000009be                _ZN14OneSheeldClass12processInputEi
 .text.startup._GLOBAL__sub_I__ZN14OneSheeldClass6isInitE
                0x00000cca        0x8 F:\GPS_Project\COASolutions\OneSheeld\Release\libOneSheeld.a(OneSheeld.o)
 .text._ZN12PrintlnClassC2Ehhh
                0x00000cd2        0x4 F:\GPS_Project\COASolutions\OneSheeld\Release\libOneSheeld.a(OneSheeldPrintln.o)
                0x00000cd2                _ZN12PrintlnClassC1Ehhh
                0x00000cd2                _ZN12PrintlnClassC2Ehhh
 .text._ZN12PrintlnClass7printlnEPKc
                0x00000cd6       0x80 F:\GPS_Project\COASolutions\OneSheeld\Release\libOneSheeld.a(OneSheeldPrintln.o)
                0x00000cd6                _ZN12PrintlnClass7printlnEPKc
 .text._ZN12ShieldParent11processDataEv
                0x00000d56        0x2 F:\GPS_Project\COASolutions\OneSheeld\Release\libOneSheeld.a(ShieldParent.o)
                0x00000d56                _ZN12ShieldParent11processDataEv
 .text._ZN12ShieldParentC2Eh
                0x00000d58       0x12 F:\GPS_Project\COASolutions\OneSheeld\Release\libOneSheeld.a(ShieldParent.o)
                0x00000d58                _ZN12ShieldParentC1Eh
                0x00000d58                _ZN12ShieldParentC2Eh
 .text._ZN12ShieldParent11getShieldIdEv
                0x00000d6a        0x6 F:\GPS_Project\COASolutions\OneSheeld\Release\libOneSheeld.a(ShieldParent.o)
                0x00000d6a                _ZN12ShieldParent11getShieldIdEv
 .text._ZN12ShieldParent20setOneSheeldInstanceER14OneSheeldClass
                0x00000d70       0x10 F:\GPS_Project\COASolutions\OneSheeld\Release\libOneSheeld.a(ShieldParent.o)
                0x00000d70                _ZN12ShieldParent20setOneSheeldInstanceER14OneSheeldClass
 .text._ZN12ShieldParent22unSetOneSheeldInstanceEv
                0x00000d80        0xe F:\GPS_Project\COASolutions\OneSheeld\Release\libOneSheeld.a(ShieldParent.o)
                0x00000d80                _ZN12ShieldParent22unSetOneSheeldInstanceEv
 .text._ZN12ShieldParent20getOneSheeldInstanceEv
                0x00000d8e       0x18 F:\GPS_Project\COASolutions\OneSheeld\Release\libOneSheeld.a(ShieldParent.o)
                0x00000d8e                _ZN12ShieldParent20getOneSheeldInstanceEv
 .text._ZN12ShieldParent12processFrameEv
                0x00000da6       0x6e F:\GPS_Project\COASolutions\OneSheeld\Release\libOneSheeld.a(ShieldParent.o)
                0x00000da6                _ZN12ShieldParent12processFrameEv
 .text._ZN14TerminalShield11processDataEv
                0x00000e14       0xe4 F:\GPS_Project\COASolutions\OneSheeld\Release\libOneSheeld.a(TerminalShield.o)
                0x00000e14                _ZN14TerminalShield11processDataEv
 .text._ZN14TerminalShieldC2Ev
                0x00000ef8       0x50 F:\GPS_Project\COASolutions\OneSheeld\Release\libOneSheeld.a(TerminalShield.o)
                0x00000ef8                _ZN14TerminalShieldC2Ev
                0x00000ef8                _ZN14TerminalShieldC1Ev
 .text._ZN11HttpRequest13sendInitFrameEPKc
                0x00000f48       0xaa F:\GPS_Project\COASolutions\OneSheeld\Release\libOneSheeld.a(HttpRequest.o)
                0x00000f48                _ZN11HttpRequest13sendInitFrameEPKc
 .text._ZN11HttpRequest13sendInitFrameEv
                0x00000ff2       0x28 F:\GPS_Project\COASolutions\OneSheeld\Release\libOneSheeld.a(HttpRequest.o)
                0x00000ff2                _ZN11HttpRequest13sendInitFrameEv
 .text._ZN10PrintClassC2Ehhh
                0x0000101a        0xa F:\GPS_Project\COASolutions\OneSheeld\Release\libOneSheeld.a(OneSheeldPrint.o)
                0x0000101a                _ZN10PrintClassC2Ehhh
                0x0000101a                _ZN10PrintClassC1Ehhh
 .text._ZN10PrintClass5printEPKc
                0x00001024       0x80 F:\GPS_Project\COASolutions\OneSheeld\Release\libOneSheeld.a(OneSheeldPrint.o)
                0x00001024                _ZN10PrintClass5printEPKc
 .text._ZN14HardwareSerial9availableEv
                0x000010a4       0x18 F:\GPS_Project\COASolutions\ArduinoCore\Release\libArduinoCore.a(HardwareSerial.o)
                0x000010a4                _ZN14HardwareSerial9availableEv
 .text._ZN14HardwareSerial4peekEv
                0x000010bc       0x1c F:\GPS_Project\COASolutions\ArduinoCore\Release\libArduinoCore.a(HardwareSerial.o)
                0x000010bc                _ZN14HardwareSerial4peekEv
 .text._ZN14HardwareSerial4readEv
                0x000010d8       0x28 F:\GPS_Project\COASolutions\ArduinoCore\Release\libArduinoCore.a(HardwareSerial.o)
                0x000010d8                _ZN14HardwareSerial4readEv
 .text._ZN14HardwareSerial17_tx_udr_empty_irqEv
                0x00001100       0x42 F:\GPS_Project\COASolutions\ArduinoCore\Release\libArduinoCore.a(HardwareSerial.o)
                0x00001100                _ZN14HardwareSerial17_tx_udr_empty_irqEv
 .text._ZN14HardwareSerial5flushEv
                0x00001142       0x40 F:\GPS_Project\COASolutions\ArduinoCore\Release\libArduinoCore.a(HardwareSerial.o)
                0x00001142                _ZN14HardwareSerial5flushEv
 .text._ZN14HardwareSerial5writeEh
                0x00001182       0x96 F:\GPS_Project\COASolutions\ArduinoCore\Release\libArduinoCore.a(HardwareSerial.o)
                0x00001182                _ZN14HardwareSerial5writeEh
 .text._ZN14HardwareSerial5beginEmh
                0x00001218       0xd2 F:\GPS_Project\COASolutions\ArduinoCore\Release\libArduinoCore.a(HardwareSerial.o)
                0x00001218                _ZN14HardwareSerial5beginEmh
 .text.__vector_18
                0x000012ea       0x64 F:\GPS_Project\COASolutions\ArduinoCore\Release\libArduinoCore.a(HardwareSerial0.o)
                0x000012ea                __vector_18
 .text.__vector_19
                0x0000134e       0x4c F:\GPS_Project\COASolutions\ArduinoCore\Release\libArduinoCore.a(HardwareSerial0.o)
                0x0000134e                __vector_19
 .text.startup._GLOBAL__sub_I___vector_18
                0x0000139a       0x5a F:\GPS_Project\COASolutions\ArduinoCore\Release\libArduinoCore.a(HardwareSerial0.o)
 .text._Znwj    0x000013f4        0x4 F:\GPS_Project\COASolutions\ArduinoCore\Release\libArduinoCore.a(new.o)
                0x000013f4                _Znwj
 .text._ZdlPv   0x000013f8        0x4 F:\GPS_Project\COASolutions\ArduinoCore\Release\libArduinoCore.a(new.o)
                0x000013f8                _ZdlPv
 .text._ZN5Print5writeEPKhj
                0x000013fc       0x5e F:\GPS_Project\COASolutions\ArduinoCore\Release\libArduinoCore.a(Print.o)
                0x000013fc                _ZN5Print5writeEPKhj
 .text._ZN5Print5printEPKc
                0x0000145a       0x2a F:\GPS_Project\COASolutions\ArduinoCore\Release\libArduinoCore.a(Print.o)
                0x0000145a                _ZN5Print5printEPKc
 .text._ZN5Print7printlnEPKc
                0x00001484       0x58 F:\GPS_Project\COASolutions\ArduinoCore\Release\libArduinoCore.a(Print.o)
                0x00001484                _ZN5Print7printlnEPKc
 .text._Z6randomll
                0x000014dc       0x7a F:\GPS_Project\COASolutions\ArduinoCore\Release\libArduinoCore.a(WMath.o)
                0x000014dc                _Z6randomll
 .text.libgcc.div
                0x00001556       0x44 f:/atmel/studio/7.0/toolchain/avr8/avr8-gnu-toolchain/bin/../lib/gcc/avr/4.9.2/avr5\libgcc.a(_udivmodsi4.o)
                0x00001556                __udivmodsi4
 .text.libgcc.div
                0x0000159a       0x2e f:/atmel/studio/7.0/toolchain/avr8/avr8-gnu-toolchain/bin/../lib/gcc/avr/4.9.2/avr5\libgcc.a(_divmodsi4.o)
                0x0000159a                __divmodsi4
 .text.libgcc.div
                0x000015c8       0x10 f:/atmel/studio/7.0/toolchain/avr8/avr8-gnu-toolchain/bin/../lib/gcc/avr/4.9.2/avr5\libgcc.a(_negsi2.o)
                0x000015c8                __negsi2
 .text.libgcc.mul
                0x000015d8       0x16 f:/atmel/studio/7.0/toolchain/avr8/avr8-gnu-toolchain/bin/../lib/gcc/avr/4.9.2/avr5\libgcc.a(_muluhisi3.o)
                0x000015d8                __muluhisi3
 .text.libgcc   0x000015ee        0xc f:/atmel/studio/7.0/toolchain/avr8/avr8-gnu-toolchain/bin/../lib/gcc/avr/4.9.2/avr5\libgcc.a(_tablejump2.o)
                0x000015ee                __tablejump2__
 .text.libgcc.mul
                0x000015fa       0x1e f:/atmel/studio/7.0/toolchain/avr8/avr8-gnu-toolchain/bin/../lib/gcc/avr/4.9.2/avr5\libgcc.a(_umulhisi3.o)
                0x000015fa                __umulhisi3
 .text.avr-libc
                0x00001618      0x25a f:/atmel/studio/7.0/toolchain/avr8/avr8-gnu-toolchain/bin/../lib/gcc/avr/4.9.2/../../../../avr/lib/avr5\libc.a(malloc.o)
                0x00001618                malloc
                0x00001742                free
 .text.avr-libc
                0x00001872       0xb8 f:/atmel/studio/7.0/toolchain/avr8/avr8-gnu-toolchain/bin/../lib/gcc/avr/4.9.2/../../../../avr/lib/avr5\libc.a(random.o)
                0x00001908                random_r
                0x0000190e                random
                0x00001918                srandom
 .text.avr-libc
                0x0000192a       0x1a f:/atmel/studio/7.0/toolchain/avr8/avr8-gnu-toolchain/bin/../lib/gcc/avr/4.9.2/../../../../avr/lib/avr5\libc.a(memcmp.o)
                0x0000192a                memcmp
 .text.avr-libc
                0x00001944       0x16 f:/atmel/studio/7.0/toolchain/avr8/avr8-gnu-toolchain/bin/../lib/gcc/avr/4.9.2/../../../../avr/lib/avr5\libc.a(strcat.o)
                0x00001944                strcat
 .text.libgcc.mul
                0x0000195a       0x10 f:/atmel/studio/7.0/toolchain/avr8/avr8-gnu-toolchain/bin/../lib/gcc/avr/4.9.2/avr5\libgcc.a(_mulshisi3.o)
                0x0000195a                __mulshisi3
                0x00001960                __mulohisi3
                0x0000196a                . = ALIGN (0x2)
 *(.fini9)
 .fini9         0x0000196a        0x0 f:/atmel/studio/7.0/toolchain/avr8/avr8-gnu-toolchain/bin/../lib/gcc/avr/4.9.2/avr5\libgcc.a(_exit.o)
                0x0000196a                _exit
                0x0000196a                exit
 *(.fini9)
 *(.fini8)
 *(.fini8)
 *(.fini7)
 *(.fini7)
 *(.fini6)
 .fini6         0x0000196a       0x16 f:/atmel/studio/7.0/toolchain/avr8/avr8-gnu-toolchain/bin/../lib/gcc/avr/4.9.2/avr5\libgcc.a(_dtors.o)
                0x0000196a                __do_global_dtors
 *(.fini6)
 *(.fini5)
 *(.fini5)
 *(.fini4)
 *(.fini4)
 *(.fini3)
 *(.fini3)
 *(.fini2)
 *(.fini2)
 *(.fini1)
 *(.fini1)
 *(.fini0)
 .fini0         0x00001980        0x4 f:/atmel/studio/7.0/toolchain/avr8/avr8-gnu-toolchain/bin/../lib/gcc/avr/4.9.2/avr5\libgcc.a(_exit.o)
 *(.fini0)
                0x00001984                _etext = .

.data           0x00800100       0xaa load address 0x00001984
                0x00800100                PROVIDE (__data_start, .)
 *(.data)
 .data          0x00800100        0x6 f:/atmel/studio/7.0/toolchain/avr8/avr8-gnu-toolchain/bin/../lib/gcc/avr/4.9.2/../../../../avr/lib/avr5\libc.a(malloc.o)
                0x00800100                __malloc_heap_end
                0x00800102                __malloc_heap_start
                0x00800104                __malloc_margin
 .data          0x00800106        0x4 f:/atmel/studio/7.0/toolchain/avr8/avr8-gnu-toolchain/bin/../lib/gcc/avr/4.9.2/../../../../avr/lib/avr5\libc.a(random.o)
 *(.data*)
 *(.rodata)
 *(.rodata*)
 .rodata.str1.1
                0x0080010a        0x3 main.o
 .rodata.str1.1
                0x0080010d       0x60 F:\GPS_Project\COASolutions\OneSheeld\Release\libOneSheeld.a(OneSheeld.o)
 .rodata.str1.1
                0x0080016d        0xe F:\GPS_Project\COASolutions\OneSheeld\Release\libOneSheeld.a(OneSheeldPrintln.o)
 .rodata._ZTV12ShieldParent
                0x0080017b        0x8 F:\GPS_Project\COASolutions\OneSheeld\Release\libOneSheeld.a(ShieldParent.o)
                0x0080017b                _ZTV12ShieldParent
 .rodata._ZTV14TerminalShield
                0x00800183        0x8 F:\GPS_Project\COASolutions\OneSheeld\Release\libOneSheeld.a(TerminalShield.o)
                0x00800183                _ZTV14TerminalShield
 .rodata._ZTV14HardwareSerial
                0x0080018b       0x10 F:\GPS_Project\COASolutions\ArduinoCore\Release\libArduinoCore.a(HardwareSerial.o)
                0x0080018b                _ZTV14HardwareSerial
 .rodata.str1.1
                0x0080019b        0xe F:\GPS_Project\COASolutions\ArduinoCore\Release\libArduinoCore.a(Print.o)
                                 0x11 (size before relaxing)
 *(.gnu.linkonce.d*)
                0x008001aa                . = ALIGN (0x2)
 *fill*         0x008001a9        0x1 
                0x008001aa                _edata = .
                0x008001aa                PROVIDE (__data_end, .)

.bss            0x008001aa      0x1c0
                0x008001aa                PROVIDE (__bss_start, .)
 *(.bss)
 *(.bss*)
 .bss.Terminal  0x008001aa       0x51 main.o
                0x008001aa                Terminal
 .bss.timer0_fract
                0x008001fb        0x1 F:\GPS_Project\COASolutions\ArduinoCore\Release\libArduinoCore.a(wiring.o)
 .bss.timer0_millis
                0x008001fc        0x4 F:\GPS_Project\COASolutions\ArduinoCore\Release\libArduinoCore.a(wiring.o)
                0x008001fc                timer0_millis
 .bss.timer0_overflow_count
                0x00800200        0x4 F:\GPS_Project\COASolutions\ArduinoCore\Release\libArduinoCore.a(wiring.o)
                0x00800200                timer0_overflow_count
 .bss.OneSheeld
                0x00800204       0x1f F:\GPS_Project\COASolutions\OneSheeld\Release\libOneSheeld.a(OneSheeld.o)
                0x00800204                OneSheeld
 .bss._ZN14OneSheeldClass13requestsArrayE
                0x00800223        0x2 F:\GPS_Project\COASolutions\OneSheeld\Release\libOneSheeld.a(OneSheeld.o)
                0x00800223                _ZN14OneSheeldClass13requestsArrayE
 .bss._ZN14OneSheeldClass15requestsCounterE
                0x00800225        0x1 F:\GPS_Project\COASolutions\OneSheeld\Release\libOneSheeld.a(OneSheeld.o)
                0x00800225                _ZN14OneSheeldClass15requestsCounterE
 .bss._ZN14OneSheeldClass15OneSheeldSerialE
                0x00800226        0x2 F:\GPS_Project\COASolutions\OneSheeld\Release\libOneSheeld.a(OneSheeld.o)
                0x00800226                _ZN14OneSheeldClass15OneSheeldSerialE
 .bss._ZN14OneSheeldClass12shieldsArrayE
                0x00800228       0x54 F:\GPS_Project\COASolutions\OneSheeld\Release\libOneSheeld.a(OneSheeld.o)
                0x00800228                _ZN14OneSheeldClass12shieldsArrayE
 .bss._ZN14OneSheeldClass12isFirstFrameE
                0x0080027c        0x1 F:\GPS_Project\COASolutions\OneSheeld\Release\libOneSheeld.a(OneSheeld.o)
                0x0080027c                _ZN14OneSheeldClass12isFirstFrameE
 .bss._ZN14OneSheeldClass19callbacksInterruptsE
                0x0080027d        0x1 F:\GPS_Project\COASolutions\OneSheeld\Release\libOneSheeld.a(OneSheeld.o)
                0x0080027d                _ZN14OneSheeldClass19callbacksInterruptsE
 .bss._ZN14OneSheeldClass11inACallbackE
                0x0080027e        0x1 F:\GPS_Project\COASolutions\OneSheeld\Release\libOneSheeld.a(OneSheeld.o)
                0x0080027e                _ZN14OneSheeldClass11inACallbackE
 .bss._ZN14OneSheeldClass17lastTimeFrameSentE
                0x0080027f        0x4 F:\GPS_Project\COASolutions\OneSheeld\Release\libOneSheeld.a(OneSheeld.o)
                0x0080027f                _ZN14OneSheeldClass17lastTimeFrameSentE
 .bss._ZN14OneSheeldClass14shieldsCounterE
                0x00800283        0x1 F:\GPS_Project\COASolutions\OneSheeld\Release\libOneSheeld.a(OneSheeld.o)
                0x00800283                _ZN14OneSheeldClass14shieldsCounterE
 .bss._ZN14OneSheeldClass5isSwsE
                0x00800284        0x1 F:\GPS_Project\COASolutions\OneSheeld\Release\libOneSheeld.a(OneSheeld.o)
                0x00800284                _ZN14OneSheeldClass5isSwsE
 .bss._ZN14OneSheeldClass6isInitE
                0x00800285        0x1 F:\GPS_Project\COASolutions\OneSheeld\Release\libOneSheeld.a(OneSheeld.o)
                0x00800285                _ZN14OneSheeldClass6isInitE
 .bss._ZN12ShieldParent26oneSheeldInstanceAvailableE
                0x00800286        0x1 F:\GPS_Project\COASolutions\OneSheeld\Release\libOneSheeld.a(ShieldParent.o)
                0x00800286                _ZN12ShieldParent26oneSheeldInstanceAvailableE
 .bss._ZN12ShieldParent17oneSheeldInstanceE
                0x00800287        0x2 F:\GPS_Project\COASolutions\OneSheeld\Release\libOneSheeld.a(ShieldParent.o)
                0x00800287                _ZN12ShieldParent17oneSheeldInstanceE
 .bss.Serial    0x00800289       0xdd F:\GPS_Project\COASolutions\ArduinoCore\Release\libArduinoCore.a(HardwareSerial0.o)
                0x00800289                Serial
 *(COMMON)
 COMMON         0x00800366        0x4 f:/atmel/studio/7.0/toolchain/avr8/avr8-gnu-toolchain/bin/../lib/gcc/avr/4.9.2/../../../../avr/lib/avr5\libc.a(malloc.o)
                0x00800366                __brkval
                0x00800368                __flp
                0x0080036a                PROVIDE (__bss_end, .)
                0x00001984                __data_load_start = LOADADDR (.data)
                0x00001a2e                __data_load_end = (__data_load_start + SIZEOF (.data))

.noinit         0x0080036a        0x0
                [!provide]                PROVIDE (__noinit_start, .)
 *(.noinit*)
                [!provide]                PROVIDE (__noinit_end, .)
                0x0080036a                _end = .
                0x0080036a                PROVIDE (__heap_start, .)

.eeprom         0x00810000        0x0
 *(.eeprom*)
                0x00810000                __eeprom_end = .

.fuse
 *(.fuse)
 *(.lfuse)
 *(.hfuse)
 *(.efuse)

.lock
 *(.lock*)

.signature
 *(.signature*)

.user_signatures
 *(.user_signatures*)

.stab
 *(.stab)

.stabstr
 *(.stabstr)

.stab.excl
 *(.stab.excl)

.stab.exclstr
 *(.stab.exclstr)

.stab.index
 *(.stab.index)

.stab.indexstr
 *(.stab.indexstr)

.comment        0x00000000       0x30
 *(.comment)
 .comment       0x00000000       0x30 main.o
                                 0x31 (size before relaxing)
 .comment       0x00000030       0x31 F:\GPS_Project\COASolutions\ArduinoCore\Release\libArduinoCore.a(wiring.o)
 .comment       0x00000030       0x31 F:\GPS_Project\COASolutions\ArduinoCore\Release\libArduinoCore.a(hooks.o)
 .comment       0x00000030       0x31 F:\GPS_Project\COASolutions\OneSheeld\Release\libOneSheeld.a(OneSheeld.o)
 .comment       0x00000030       0x31 F:\GPS_Project\COASolutions\OneSheeld\Release\libOneSheeld.a(OneSheeldPrintln.o)
 .comment       0x00000030       0x31 F:\GPS_Project\COASolutions\OneSheeld\Release\libOneSheeld.a(ShieldParent.o)
 .comment       0x00000030       0x31 F:\GPS_Project\COASolutions\OneSheeld\Release\libOneSheeld.a(TerminalShield.o)
 .comment       0x00000030       0x31 F:\GPS_Project\COASolutions\OneSheeld\Release\libOneSheeld.a(HttpRequest.o)
 .comment       0x00000030       0x31 F:\GPS_Project\COASolutions\OneSheeld\Release\libOneSheeld.a(OneSheeldPrint.o)
 .comment       0x00000030       0x31 F:\GPS_Project\COASolutions\ArduinoCore\Release\libArduinoCore.a(HardwareSerial.o)
 .comment       0x00000030       0x31 F:\GPS_Project\COASolutions\ArduinoCore\Release\libArduinoCore.a(HardwareSerial0.o)
 .comment       0x00000030       0x31 F:\GPS_Project\COASolutions\ArduinoCore\Release\libArduinoCore.a(new.o)
 .comment       0x00000030       0x31 F:\GPS_Project\COASolutions\ArduinoCore\Release\libArduinoCore.a(Print.o)
 .comment       0x00000030       0x31 F:\GPS_Project\COASolutions\ArduinoCore\Release\libArduinoCore.a(WMath.o)
 .comment       0x00000030       0x31 f:/atmel/studio/7.0/toolchain/avr8/avr8-gnu-toolchain/bin/../lib/gcc/avr/4.9.2/../../../../avr/lib/avr5\libc.a(malloc.o)
 .comment       0x00000030       0x31 f:/atmel/studio/7.0/toolchain/avr8/avr8-gnu-toolchain/bin/../lib/gcc/avr/4.9.2/../../../../avr/lib/avr5\libc.a(random.o)

.note.gnu.avr.deviceinfo
                0x00000000       0x40
 .note.gnu.avr.deviceinfo
                0x00000000       0x40 F:/Atmel/Studio/7.0/Packs/atmel/ATmega_DFP/1.0.106/gcc/dev/atmega328p/avr5/crtatmega328p.o

.note.gnu.build-id
 *(.note.gnu.build-id)

.debug
 *(.debug)

.line
 *(.line)

.debug_srcinfo
 *(.debug_srcinfo)

.debug_sfnames
 *(.debug_sfnames)

.debug_aranges  0x00000000      0x630
 *(.debug_aranges)
 .debug_aranges
                0x00000000       0x48 F:\GPS_Project\COASolutions\ArduinoCore\Release\libArduinoCore.a(wiring.o)
 .debug_aranges
                0x00000048       0x20 F:\GPS_Project\COASolutions\ArduinoCore\Release\libArduinoCore.a(hooks.o)
 .debug_aranges
                0x00000068      0x158 F:\GPS_Project\COASolutions\OneSheeld\Release\libOneSheeld.a(OneSheeld.o)
 .debug_aranges
                0x000001c0       0x68 F:\GPS_Project\COASolutions\OneSheeld\Release\libOneSheeld.a(OneSheeldPrintln.o)
 .debug_aranges
                0x00000228       0x80 F:\GPS_Project\COASolutions\OneSheeld\Release\libOneSheeld.a(ShieldParent.o)
 .debug_aranges
                0x000002a8       0x48 F:\GPS_Project\COASolutions\OneSheeld\Release\libOneSheeld.a(TerminalShield.o)
 .debug_aranges
                0x000002f0       0xc8 F:\GPS_Project\COASolutions\OneSheeld\Release\libOneSheeld.a(HttpRequest.o)
 .debug_aranges
                0x000003b8       0x68 F:\GPS_Project\COASolutions\OneSheeld\Release\libOneSheeld.a(OneSheeldPrint.o)
 .debug_aranges
                0x00000420       0x68 F:\GPS_Project\COASolutions\ArduinoCore\Release\libArduinoCore.a(HardwareSerial.o)
 .debug_aranges
                0x00000488       0x38 F:\GPS_Project\COASolutions\ArduinoCore\Release\libArduinoCore.a(HardwareSerial0.o)
 .debug_aranges
                0x000004c0       0x38 F:\GPS_Project\COASolutions\ArduinoCore\Release\libArduinoCore.a(new.o)
 .debug_aranges
                0x000004f8       0xe8 F:\GPS_Project\COASolutions\ArduinoCore\Release\libArduinoCore.a(Print.o)
 .debug_aranges
                0x000005e0       0x50 F:\GPS_Project\COASolutions\ArduinoCore\Release\libArduinoCore.a(WMath.o)

.debug_pubnames
 *(.debug_pubnames)

.debug_info     0x00000000    0x1842a
 *(.debug_info .gnu.linkonce.wi.*)
 .debug_info    0x00000000      0x2c8 F:\GPS_Project\COASolutions\ArduinoCore\Release\libArduinoCore.a(wiring.o)
 .debug_info    0x000002c8       0x3e F:\GPS_Project\COASolutions\ArduinoCore\Release\libArduinoCore.a(hooks.o)
 .debug_info    0x00000306     0x41e9 F:\GPS_Project\COASolutions\OneSheeld\Release\libOneSheeld.a(OneSheeld.o)
 .debug_info    0x000044ef     0x19cd F:\GPS_Project\COASolutions\OneSheeld\Release\libOneSheeld.a(OneSheeldPrintln.o)
 .debug_info    0x00005ebc     0x2d07 F:\GPS_Project\COASolutions\OneSheeld\Release\libOneSheeld.a(ShieldParent.o)
 .debug_info    0x00008bc3     0x2fc2 F:\GPS_Project\COASolutions\OneSheeld\Release\libOneSheeld.a(TerminalShield.o)
 .debug_info    0x0000bb85     0x341a F:\GPS_Project\COASolutions\OneSheeld\Release\libOneSheeld.a(HttpRequest.o)
 .debug_info    0x0000ef9f     0x3046 F:\GPS_Project\COASolutions\OneSheeld\Release\libOneSheeld.a(OneSheeldPrint.o)
 .debug_info    0x00011fe5     0x1b99 F:\GPS_Project\COASolutions\ArduinoCore\Release\libArduinoCore.a(HardwareSerial.o)
 .debug_info    0x00013b7e     0x17a8 F:\GPS_Project\COASolutions\ArduinoCore\Release\libArduinoCore.a(HardwareSerial0.o)
 .debug_info    0x00015326      0x18c F:\GPS_Project\COASolutions\ArduinoCore\Release\libArduinoCore.a(new.o)
 .debug_info    0x000154b2     0x2cca F:\GPS_Project\COASolutions\ArduinoCore\Release\libArduinoCore.a(Print.o)
 .debug_info    0x0001817c      0x2ae F:\GPS_Project\COASolutions\ArduinoCore\Release\libArduinoCore.a(WMath.o)

.debug_abbrev   0x00000000     0x2fc5
 *(.debug_abbrev)
 .debug_abbrev  0x00000000      0x145 F:\GPS_Project\COASolutions\ArduinoCore\Release\libArduinoCore.a(wiring.o)
 .debug_abbrev  0x00000145       0x2a F:\GPS_Project\COASolutions\ArduinoCore\Release\libArduinoCore.a(hooks.o)
 .debug_abbrev  0x0000016f      0x82d F:\GPS_Project\COASolutions\OneSheeld\Release\libOneSheeld.a(OneSheeld.o)
 .debug_abbrev  0x0000099c      0x345 F:\GPS_Project\COASolutions\OneSheeld\Release\libOneSheeld.a(OneSheeldPrintln.o)
 .debug_abbrev  0x00000ce1      0x520 F:\GPS_Project\COASolutions\OneSheeld\Release\libOneSheeld.a(ShieldParent.o)
 .debug_abbrev  0x00001201      0x4b5 F:\GPS_Project\COASolutions\OneSheeld\Release\libOneSheeld.a(TerminalShield.o)
 .debug_abbrev  0x000016b6      0x554 F:\GPS_Project\COASolutions\OneSheeld\Release\libOneSheeld.a(HttpRequest.o)
 .debug_abbrev  0x00001c0a      0x500 F:\GPS_Project\COASolutions\OneSheeld\Release\libOneSheeld.a(OneSheeldPrint.o)
 .debug_abbrev  0x0000210a      0x451 F:\GPS_Project\COASolutions\ArduinoCore\Release\libArduinoCore.a(HardwareSerial.o)
 .debug_abbrev  0x0000255b      0x3a1 F:\GPS_Project\COASolutions\ArduinoCore\Release\libArduinoCore.a(HardwareSerial0.o)
 .debug_abbrev  0x000028fc       0xd9 F:\GPS_Project\COASolutions\ArduinoCore\Release\libArduinoCore.a(new.o)
 .debug_abbrev  0x000029d5      0x454 F:\GPS_Project\COASolutions\ArduinoCore\Release\libArduinoCore.a(Print.o)
 .debug_abbrev  0x00002e29      0x19c F:\GPS_Project\COASolutions\ArduinoCore\Release\libArduinoCore.a(WMath.o)

.debug_line     0x00000000     0x3564
 *(.debug_line .debug_line.* .debug_line_end)
 .debug_line    0x00000000      0x21a F:\GPS_Project\COASolutions\ArduinoCore\Release\libArduinoCore.a(wiring.o)
 .debug_line    0x0000021a       0x3a F:\GPS_Project\COASolutions\ArduinoCore\Release\libArduinoCore.a(hooks.o)
 .debug_line    0x00000254      0xe61 F:\GPS_Project\COASolutions\OneSheeld\Release\libOneSheeld.a(OneSheeld.o)
 .debug_line    0x000010b5      0x394 F:\GPS_Project\COASolutions\OneSheeld\Release\libOneSheeld.a(OneSheeldPrintln.o)
 .debug_line    0x00001449      0x373 F:\GPS_Project\COASolutions\OneSheeld\Release\libOneSheeld.a(ShieldParent.o)
 .debug_line    0x000017bc      0x32f F:\GPS_Project\COASolutions\OneSheeld\Release\libOneSheeld.a(TerminalShield.o)
 .debug_line    0x00001aeb      0x8af F:\GPS_Project\COASolutions\OneSheeld\Release\libOneSheeld.a(HttpRequest.o)
 .debug_line    0x0000239a      0x428 F:\GPS_Project\COASolutions\OneSheeld\Release\libOneSheeld.a(OneSheeldPrint.o)
 .debug_line    0x000027c2      0x39b F:\GPS_Project\COASolutions\ArduinoCore\Release\libArduinoCore.a(HardwareSerial.o)
 .debug_line    0x00002b5d      0x1d3 F:\GPS_Project\COASolutions\ArduinoCore\Release\libArduinoCore.a(HardwareSerial0.o)
 .debug_line    0x00002d30       0xf5 F:\GPS_Project\COASolutions\ArduinoCore\Release\libArduinoCore.a(new.o)
 .debug_line    0x00002e25      0x606 F:\GPS_Project\COASolutions\ArduinoCore\Release\libArduinoCore.a(Print.o)
 .debug_line    0x0000342b      0x139 F:\GPS_Project\COASolutions\ArduinoCore\Release\libArduinoCore.a(WMath.o)

.debug_frame    0x00000000     0x1860
 *(.debug_frame)
 .debug_frame   0x00000000       0xc4 F:\GPS_Project\COASolutions\ArduinoCore\Release\libArduinoCore.a(wiring.o)
 .debug_frame   0x000000c4       0x24 F:\GPS_Project\COASolutions\ArduinoCore\Release\libArduinoCore.a(hooks.o)
 .debug_frame   0x000000e8      0x4d0 F:\GPS_Project\COASolutions\OneSheeld\Release\libOneSheeld.a(OneSheeld.o)
 .debug_frame   0x000005b8      0x220 F:\GPS_Project\COASolutions\OneSheeld\Release\libOneSheeld.a(OneSheeldPrintln.o)
 .debug_frame   0x000007d8      0x150 F:\GPS_Project\COASolutions\OneSheeld\Release\libOneSheeld.a(ShieldParent.o)
 .debug_frame   0x00000928       0xfc F:\GPS_Project\COASolutions\OneSheeld\Release\libOneSheeld.a(TerminalShield.o)
 .debug_frame   0x00000a24      0x4cc F:\GPS_Project\COASolutions\OneSheeld\Release\libOneSheeld.a(HttpRequest.o)
 .debug_frame   0x00000ef0      0x23c F:\GPS_Project\COASolutions\OneSheeld\Release\libOneSheeld.a(OneSheeldPrint.o)
 .debug_frame   0x0000112c      0x11c F:\GPS_Project\COASolutions\ArduinoCore\Release\libArduinoCore.a(HardwareSerial.o)
 .debug_frame   0x00001248       0xc0 F:\GPS_Project\COASolutions\ArduinoCore\Release\libArduinoCore.a(HardwareSerial0.o)
 .debug_frame   0x00001308       0x54 F:\GPS_Project\COASolutions\ArduinoCore\Release\libArduinoCore.a(new.o)
 .debug_frame   0x0000135c      0x394 F:\GPS_Project\COASolutions\ArduinoCore\Release\libArduinoCore.a(Print.o)
 .debug_frame   0x000016f0      0x170 F:\GPS_Project\COASolutions\ArduinoCore\Release\libArduinoCore.a(WMath.o)

.debug_str      0x00000000     0x3a54
 *(.debug_str)
 .debug_str     0x00000000      0x1b3 F:\GPS_Project\COASolutions\ArduinoCore\Release\libArduinoCore.a(wiring.o)
                                0x1f9 (size before relaxing)
 .debug_str     0x000001b3       0x15 F:\GPS_Project\COASolutions\ArduinoCore\Release\libArduinoCore.a(hooks.o)
                                 0xee (size before relaxing)
 .debug_str     0x000001c8     0x27a4 F:\GPS_Project\COASolutions\OneSheeld\Release\libOneSheeld.a(OneSheeld.o)
                               0x293a (size before relaxing)
 .debug_str     0x0000296c      0x2e1 F:\GPS_Project\COASolutions\OneSheeld\Release\libOneSheeld.a(OneSheeldPrintln.o)
                                0xdae (size before relaxing)
 .debug_str     0x00002c4d      0x276 F:\GPS_Project\COASolutions\OneSheeld\Release\libOneSheeld.a(ShieldParent.o)
                               0x2767 (size before relaxing)
 .debug_str     0x00002ec3      0x1a5 F:\GPS_Project\COASolutions\OneSheeld\Release\libOneSheeld.a(TerminalShield.o)
                               0x2861 (size before relaxing)
 .debug_str     0x00003068      0x135 F:\GPS_Project\COASolutions\OneSheeld\Release\libOneSheeld.a(HttpRequest.o)
                               0x25a0 (size before relaxing)
 .debug_str     0x0000319d       0x2e F:\GPS_Project\COASolutions\OneSheeld\Release\libOneSheeld.a(OneSheeldPrint.o)
                               0x25eb (size before relaxing)
 .debug_str     0x000031cb      0x3f5 F:\GPS_Project\COASolutions\ArduinoCore\Release\libArduinoCore.a(HardwareSerial.o)
                               0x1220 (size before relaxing)
 .debug_str     0x000035c0       0x40 F:\GPS_Project\COASolutions\ArduinoCore\Release\libArduinoCore.a(HardwareSerial0.o)
                               0x1020 (size before relaxing)
 .debug_str     0x00003600       0x42 F:\GPS_Project\COASolutions\ArduinoCore\Release\libArduinoCore.a(new.o)
                                0x1a1 (size before relaxing)
 .debug_str     0x00003642      0x35b F:\GPS_Project\COASolutions\ArduinoCore\Release\libArduinoCore.a(Print.o)
                                0xe99 (size before relaxing)
 .debug_str     0x0000399d       0xb7 F:\GPS_Project\COASolutions\ArduinoCore\Release\libArduinoCore.a(WMath.o)
                                0x212 (size before relaxing)

.debug_loc      0x00000000     0x7cd5
 *(.debug_loc)
 .debug_loc     0x00000000      0x274 F:\GPS_Project\COASolutions\ArduinoCore\Release\libArduinoCore.a(wiring.o)
 .debug_loc     0x00000274     0x1569 F:\GPS_Project\COASolutions\OneSheeld\Release\libOneSheeld.a(OneSheeld.o)
 .debug_loc     0x000017dd      0x9dc F:\GPS_Project\COASolutions\OneSheeld\Release\libOneSheeld.a(OneSheeldPrintln.o)
 .debug_loc     0x000021b9      0x4d9 F:\GPS_Project\COASolutions\OneSheeld\Release\libOneSheeld.a(ShieldParent.o)
 .debug_loc     0x00002692      0x4e5 F:\GPS_Project\COASolutions\OneSheeld\Release\libOneSheeld.a(TerminalShield.o)
 .debug_loc     0x00002b77     0x142e F:\GPS_Project\COASolutions\OneSheeld\Release\libOneSheeld.a(HttpRequest.o)
 .debug_loc     0x00003fa5      0xb98 F:\GPS_Project\COASolutions\OneSheeld\Release\libOneSheeld.a(OneSheeldPrint.o)
 .debug_loc     0x00004b3d      0x4f5 F:\GPS_Project\COASolutions\ArduinoCore\Release\libArduinoCore.a(HardwareSerial.o)
 .debug_loc     0x00005032      0x161 F:\GPS_Project\COASolutions\ArduinoCore\Release\libArduinoCore.a(HardwareSerial0.o)
 .debug_loc     0x00005193       0x98 F:\GPS_Project\COASolutions\ArduinoCore\Release\libArduinoCore.a(new.o)
 .debug_loc     0x0000522b     0x2487 F:\GPS_Project\COASolutions\ArduinoCore\Release\libArduinoCore.a(Print.o)
 .debug_loc     0x000076b2      0x623 F:\GPS_Project\COASolutions\ArduinoCore\Release\libArduinoCore.a(WMath.o)

.debug_macinfo
 *(.debug_macinfo)

.debug_weaknames
 *(.debug_weaknames)

.debug_funcnames
 *(.debug_funcnames)

.debug_typenames
 *(.debug_typenames)

.debug_varnames
 *(.debug_varnames)

.debug_pubtypes
 *(.debug_pubtypes)

.debug_ranges   0x00000000      0x920
 *(.debug_ranges)
 .debug_ranges  0x00000000       0x38 F:\GPS_Project\COASolutions\ArduinoCore\Release\libArduinoCore.a(wiring.o)
 .debug_ranges  0x00000038       0x10 F:\GPS_Project\COASolutions\ArduinoCore\Release\libArduinoCore.a(hooks.o)
 .debug_ranges  0x00000048      0x190 F:\GPS_Project\COASolutions\OneSheeld\Release\libOneSheeld.a(OneSheeld.o)
 .debug_ranges  0x000001d8       0x58 F:\GPS_Project\COASolutions\OneSheeld\Release\libOneSheeld.a(OneSheeldPrintln.o)
 .debug_ranges  0x00000230       0xc0 F:\GPS_Project\COASolutions\OneSheeld\Release\libOneSheeld.a(ShieldParent.o)
 .debug_ranges  0x000002f0       0x50 F:\GPS_Project\COASolutions\OneSheeld\Release\libOneSheeld.a(TerminalShield.o)
 .debug_ranges  0x00000340      0x1f0 F:\GPS_Project\COASolutions\OneSheeld\Release\libOneSheeld.a(HttpRequest.o)
 .debug_ranges  0x00000530       0x58 F:\GPS_Project\COASolutions\OneSheeld\Release\libOneSheeld.a(OneSheeldPrint.o)
 .debug_ranges  0x00000588       0xa0 F:\GPS_Project\COASolutions\ArduinoCore\Release\libArduinoCore.a(HardwareSerial.o)
 .debug_ranges  0x00000628       0x58 F:\GPS_Project\COASolutions\ArduinoCore\Release\libArduinoCore.a(HardwareSerial0.o)
 .debug_ranges  0x00000680       0x28 F:\GPS_Project\COASolutions\ArduinoCore\Release\libArduinoCore.a(new.o)
 .debug_ranges  0x000006a8      0x208 F:\GPS_Project\COASolutions\ArduinoCore\Release\libArduinoCore.a(Print.o)
 .debug_ranges  0x000008b0       0x70 F:\GPS_Project\COASolutions\ArduinoCore\Release\libArduinoCore.a(WMath.o)

.debug_macro
 *(.debug_macro)
OUTPUT(Debugger.elf elf32-avr)
LOAD linker stubs
