Archive member included to satisfy reference by file (symbol)

F:\GPS_Project\COASolutions\ArduinoCore\Release\libArduinoCore.a(HardwareSerial.o)
                              GeoCache.o (_ZN14HardwareSerial5beginEmh)
F:\GPS_Project\COASolutions\ArduinoCore\Release\libArduinoCore.a(HardwareSerial0.o)
                              GeoCache.o (Serial)
F:\GPS_Project\COASolutions\ArduinoCore\Release\libArduinoCore.a(Print.o)
                              F:\GPS_Project\COASolutions\ArduinoCore\Release\libArduinoCore.a(HardwareSerial.o) (_ZN5Print5writeEPKhj)
F:\GPS_Project\COASolutions\ArduinoCore\Release\libArduinoCore.a(wiring.o)
                              GeoCache.o (init)
F:\GPS_Project\COASolutions\ArduinoCore\Release\libArduinoCore.a(WString.o)
                              GeoCache.o (_ZN6StringD1Ev)
F:\GPS_Project\COASolutions\ArduinoCore\Release\libArduinoCore.a(abi.o)
                              F:\GPS_Project\COASolutions\ArduinoCore\Release\libArduinoCore.a(Print.o) (__cxa_pure_virtual)
F:\GPS_Project\COASolutions\ArduinoCore\Release\libArduinoCore.a(hooks.o)
                              F:\GPS_Project\COASolutions\ArduinoCore\Release\libArduinoCore.a(wiring.o) (yield)
F:\GPS_Project\COASolutions\NeoPixel\Release\libNeoPixel.a(NeoPixel.o)
                              GeoCache.o (_ZN17Adafruit_NeoPixelC1Ejhh)
F:\GPS_Project\COASolutions\OneSheeld\Release\libOneSheeld.a(OneSheeld.o)
                              GeoCache.o (OneSheeld)
F:\GPS_Project\COASolutions\OneSheeld\Release\libOneSheeld.a(OneSheeldPrintln.o)
                              GeoCache.o (_ZN12PrintlnClass7printlnEPKc)
F:\GPS_Project\COASolutions\OneSheeld\Release\libOneSheeld.a(ShieldParent.o)
                              F:\GPS_Project\COASolutions\OneSheeld\Release\libOneSheeld.a(OneSheeld.o) (_ZN12ShieldParent11getShieldIdEv)
F:\GPS_Project\COASolutions\OneSheeld\Release\libOneSheeld.a(TerminalShield.o)
                              GeoCache.o (_ZN14TerminalShieldC1Ev)
F:\GPS_Project\COASolutions\OneSheeld\Release\libOneSheeld.a(HttpRequest.o)
                              F:\GPS_Project\COASolutions\OneSheeld\Release\libOneSheeld.a(OneSheeld.o) (_ZN11HttpRequest13sendInitFrameEv)
F:\GPS_Project\COASolutions\OneSheeld\Release\libOneSheeld.a(HttpResponse.o)
                              F:\GPS_Project\COASolutions\OneSheeld\Release\libOneSheeld.a(HttpRequest.o) (_ZN12HttpResponseC1Ev)
F:\GPS_Project\COASolutions\OneSheeld\Release\libOneSheeld.a(JsonKeyChain.o)
                              F:\GPS_Project\COASolutions\OneSheeld\Release\libOneSheeld.a(HttpResponse.o) (_ZN12JsonKeyChainC1Ei)
F:\GPS_Project\COASolutions\OneSheeld\Release\libOneSheeld.a(OneSheeldPrint.o)
                              F:\GPS_Project\COASolutions\OneSheeld\Release\libOneSheeld.a(OneSheeldPrintln.o) (_ZN10PrintClassC2Ehhh)
F:\GPS_Project\COASolutions\OneSheeld\Release\libOneSheeld.a(JsonKey.o)
                              F:\GPS_Project\COASolutions\OneSheeld\Release\libOneSheeld.a(JsonKeyChain.o) (_ZN7JsonKeyC1Ei)
F:\GPS_Project\COASolutions\SoftwareSerial\Release\libSoftwareSerial.a(SoftwareSerial.o)
                              GeoCache.o (_ZN14SoftwareSerial4readEv)
F:\GPS_Project\COASolutions\ArduinoCore\Release\libArduinoCore.a(new.o)
                              F:\GPS_Project\COASolutions\OneSheeld\Release\libOneSheeld.a(OneSheeld.o) (_Znwj)
F:\GPS_Project\COASolutions\ArduinoCore\Release\libArduinoCore.a(wiring_digital.o)
                              F:\GPS_Project\COASolutions\NeoPixel\Release\libNeoPixel.a(NeoPixel.o) (pinMode)
F:\GPS_Project\COASolutions\ArduinoCore\Release\libArduinoCore.a(wiring_pulse.o)
                              F:\GPS_Project\COASolutions\OneSheeld\Release\libOneSheeld.a(OneSheeld.o) (pulseIn)
F:\GPS_Project\COASolutions\ArduinoCore\Release\libArduinoCore.a(WMath.o)
                              F:\GPS_Project\COASolutions\OneSheeld\Release\libOneSheeld.a(OneSheeld.o) (_Z6randomll)
f:/atmel/studio/7.0/toolchain/avr8/avr8-gnu-toolchain/bin/../lib/gcc/avr/4.9.2/avr5\libgcc.a(_mulsi3.o)
                              F:\GPS_Project\COASolutions\ArduinoCore\Release\libArduinoCore.a(WMath.o) (__mulsi3)
f:/atmel/studio/7.0/toolchain/avr8/avr8-gnu-toolchain/bin/../lib/gcc/avr/4.9.2/avr5\libgcc.a(_udivmodhi4.o)
                              F:\GPS_Project\COASolutions\NeoPixel\Release\libNeoPixel.a(NeoPixel.o) (__udivmodhi4)
f:/atmel/studio/7.0/toolchain/avr8/avr8-gnu-toolchain/bin/../lib/gcc/avr/4.9.2/avr5\libgcc.a(_divmodhi4.o)
                              F:\GPS_Project\COASolutions\SoftwareSerial\Release\libSoftwareSerial.a(SoftwareSerial.o) (__divmodhi4)
f:/atmel/studio/7.0/toolchain/avr8/avr8-gnu-toolchain/bin/../lib/gcc/avr/4.9.2/avr5\libgcc.a(_udivmodsi4.o)
                              F:\GPS_Project\COASolutions\ArduinoCore\Release\libArduinoCore.a(HardwareSerial.o) (__udivmodsi4)
f:/atmel/studio/7.0/toolchain/avr8/avr8-gnu-toolchain/bin/../lib/gcc/avr/4.9.2/avr5\libgcc.a(_divmodsi4.o)
[...]
Memory Configuration

Name             Origin             Length             Attributes
text             0x00000000         0x00020000         xr
data             0x00800060         0x0000ffa0         rw !x
eeprom           0x00810000         0x00010000         rw !x
fuse             0x00820000         0x00000400         rw !x
lock             0x00830000         0x00000400         rw !x
signature        0x00840000         0x00000400         rw !x
user_signatures  0x00850000         0x00000400         rw !x
*default*        0x00000000         0xffffffff

Linker script and memory map

Address of section .data set to 0x800100
LOAD F:/Atmel/Studio/7.0/Packs/atmel/ATmega_DFP/1.0.106/gcc/dev/atmega328p/avr5/crtatmega328p.o
LOAD GeoCache.o
START GROUP
LOAD F:\GPS_Project\COASolutions\ArduinoCore\Release\libArduinoCore.a
LOAD F:\GPS_Project\COASolutions\NeoPixel\Release\libNeoPixel.a
LOAD F:\GPS_Project\COASolutions\OneSheeld\Release\libOneSheeld.a
LOAD F:\GPS_Project\COASolutions\SecureDigital\Release\libSecureDigital.a
LOAD F:\GPS_Project\COASolutions\SoftwareSerial\Release\libSoftwareSerial.a
END GROUP
LOAD f:/atmel/studio/7.0/toolchain/avr8/avr8-gnu-toolchain/bin/../lib/gcc/avr/4.9.2/avr5\libgcc.a
LOAD f:/atmel/studio/7.0/toolchain/avr8/avr8-gnu-toolchain/bin/../lib/gcc/avr/4.9.2/../../../../avr/lib/avr5\libm.a
START GROUP
LOAD f:/atmel/studio/7.0/toolchain/avr8/avr8-gnu-toolchain/bin/../lib/gcc/avr/4.9.2/avr5\libgcc.a
LOAD f:/atmel/studio/7.0/toolchain/avr8/avr8-gnu-toolchain/bin/../lib/gcc/avr/4.9.2/../../../../avr/lib/avr5\libm.a
LOAD f:/atmel/studio/7.0/toolchain/avr8/avr8-gnu-toolchain/bin/../lib/gcc/avr/4.9.2/../../../../avr/lib/avr5\libc.a
LOAD F:/Atmel/Studio/7.0/Packs/atmel/ATmega_DFP/1.0.106/gcc/dev/atmega328p/avr5\libatmega328p.a
END GROUP
                0x00020000                __TEXT_REGION_LENGTH__ = DEFINED (__TEXT_REGION_LENGTH__)?__TEXT_REGION_LENGTH__:0x20000
                0x0000ffa0                __DATA_REGION_LENGTH__ = DEFINED (__DATA_REGION_LENGTH__)?__DATA_REGION_LENGTH__:0xffa0
                0x00010000                __EEPROM_REGION_LENGTH__ = DEFINED (__EEPROM_REGION_LENGTH__)?__EEPROM_REGION_LENGTH__:0x10000
                0x00000400                __FUSE_REGION_LENGTH__ = DEFINED (__FUSE_REGION_LENGTH__)?__FUSE_REGION_LENGTH__:0x400
                0x00000400                __LOCK_REGION_LENGTH__ = DEFINED (__LOCK_REGION_LENGTH__)?__LOCK_REGION_LENGTH__:0x400
                0x00000400                __SIGNATURE_REGION_LENGTH__ = DEFINED (__SIGNATURE_REGION_LENGTH__)?__SIGNATURE_REGION_LENGTH__:0x400
                0x00000400                __USER_SIGNATURE_REGION_LENGTH__ = DEFINED (__USER_SIGNATURE_REGION_LENGTH__)?__USER_SIGNATURE_REGION_LENGTH__:0x400

.hash
 *(.hash)

.dynsym
 *(.dynsym)

.dynstr
 *(.dynstr)

.gnu.version
 *(.gnu.version)

.gnu.version_d
 *(.gnu.version_d)

.gnu.version_r
 *(.gnu.version_r)

.rel.init
 *(.rel.init)

.rela.init
 *(.rela.init)

.rel.text
 *(.rel.text)
 *(.rel.text.*)
 *(.rel.gnu.linkonce.t*)

.rela.text
 *(.rela.text)
 *(.rela.text.*)
 *(.rela.gnu.linkonce.t*)

.rel.fini
 *(.rel.fini)

.rela.fini
 *(.rela.fini)

.rel.rodata
 *(.rel.rodata)
 *(.rel.rodata.*)
 *(.rel.gnu.linkonce.r*)

.rela.rodata
 *(.rela.rodata)
 *(.rela.rodata.*)
 *(.rela.gnu.linkonce.r*)

.rel.data
 *(.rel.data)
 *(.rel.data.*)
 *(.rel.gnu.linkonce.d*)

.rela.data
 *(.rela.data)
 *(.rela.data.*)
 *(.rela.gnu.linkonce.d*)

.rel.ctors
 *(.rel.ctors)

.rela.ctors
 *(.rela.ctors)

.rel.dtors
 *(.rel.dtors)

.rela.dtors
 *(.rela.dtors)

.rel.got
 *(.rel.got)

.rela.got
 *(.rela.got)

.rel.bss
 *(.rel.bss)

.rela.bss
 *(.rela.bss)

.rel.plt
 *(.rel.plt)

.rela.plt
 *(.rela.plt)

.text           0x00000000     0x4c0c
 *(.vectors)
 .vectors       0x00000000       0x68 F:/Atmel/Studio/7.0/Packs/atmel/ATmega_DFP/1.0.106/gcc/dev/atmega328p/avr5/crtatmega328p.o
                0x00000000                __vector_default
                0x00000000                __vectors
 *(.vectors)
 *(.progmem.gcc*)
 .progmem.gcc_fplib
                0x00000068       0x14 f:/atmel/studio/7.0/toolchain/avr8/avr8-gnu-toolchain/bin/../lib/gcc/avr/4.9.2/../../../../avr/lib/avr5\libm.a(asin.o)
 .progmem.gcc_fplib
                0x0000007c       0x2d f:/atmel/studio/7.0/toolchain/avr8/avr8-gnu-toolchain/bin/../lib/gcc/avr/4.9.2/../../../../avr/lib/avr5\libm.a(atan.o)
 .progmem.gcc_fplib
                0x000000a9       0x28 f:/atmel/studio/7.0/toolchain/avr8/avr8-gnu-toolchain/bin/../lib/gcc/avr/4.9.2/../../../../avr/lib/avr5\libm.a(fp_arccos.o)
 .progmem.gcc_fplib
                0x000000d1       0x1e f:/atmel/studio/7.0/toolchain/avr8/avr8-gnu-toolchain/bin/../lib/gcc/avr/4.9.2/../../../../avr/lib/avr5\libm.a(fp_sinus.o)
                0x000000f0                . = ALIGN (0x2)
 *fill*         0x000000ef        0x1 
                0x000000f0                __trampolines_start = .
 *(.trampolines)
 .trampolines   0x000000f0        0x0 linker stubs
 *(.trampolines*)
                0x000000f0                __trampolines_end = .
 *(.progmem*)
 .progmem.data.digital_pin_to_timer_PGM
                0x000000f0       0x14 F:\GPS_Project\COASolutions\ArduinoCore\Release\libArduinoCore.a(wiring_digital.o)
                0x000000f0                digital_pin_to_timer_PGM
 .progmem.data.digital_pin_to_bit_mask_PGM
                0x00000104       0x14 F:\GPS_Project\COASolutions\ArduinoCore\Release\libArduinoCore.a(wiring_digital.o)
                0x00000104                digital_pin_to_bit_mask_PGM
 .progmem.data.digital_pin_to_port_PGM
                0x00000118       0x14 F:\GPS_Project\COASolutions\ArduinoCore\Release\libArduinoCore.a(wiring_digital.o)
                0x00000118                digital_pin_to_port_PGM
 .progmem.data.port_to_input_PGM
                0x0000012c        0xa F:\GPS_Project\COASolutions\ArduinoCore\Release\libArduinoCore.a(wiring_digital.o)
                0x0000012c                port_to_input_PGM
 .progmem.data.port_to_output_PGM
                0x00000136        0xa F:\GPS_Project\COASolutions\ArduinoCore\Release\libArduinoCore.a(wiring_digital.o)
                0x00000136                port_to_output_PGM
 .progmem.data.port_to_mode_PGM
                0x00000140        0xa F:\GPS_Project\COASolutions\ArduinoCore\Release\libArduinoCore.a(wiring_digital.o)
                0x00000140                port_to_mode_PGM
 .progmem.data  0x0000014a       0x3b f:/atmel/studio/7.0/toolchain/avr8/avr8-gnu-toolchain/bin/../lib/gcc/avr/4.9.2/../../../../avr/lib/avr5\libc.a(strtod.o)
 .progmem.data  0x00000185       0xfa f:/atmel/studio/7.0/toolchain/avr8/avr8-gnu-toolchain/bin/../lib/gcc/avr/4.9.2/../../../../avr/lib/avr5\libc.a(ftoa_engine.o)
                0x00000280                . = ALIGN (0x2)
 *fill*         0x0000027f        0x1 
 *(.jumptables)
 *(.jumptables*)
 *(.lowtext)
 *(.lowtext*)
                0x00000280                __ctors_start = .
 *(.ctors)
 .ctors         0x00000280        0x2 GeoCache.o
 .ctors         0x00000282        0x2 F:\GPS_Project\COASolutions\ArduinoCore\Release\libArduinoCore.a(HardwareSerial0.o)
 .ctors         0x00000284        0x2 F:\GPS_Project\COASolutions\OneSheeld\Release\libOneSheeld.a(OneSheeld.o)
                0x00000286                __ctors_end = .
                0x00000286                __dtors_start = .
 *(.dtors)
 .dtors         0x00000286        0x2 GeoCache.o
                0x00000288                __dtors_end = .
 SORT(*)(.ctors)
 SORT(*)(.dtors)
 *(.init0)
 .init0         0x00000288        0x0 F:/Atmel/Studio/7.0/Packs/atmel/ATmega_DFP/1.0.106/gcc/dev/atmega328p/avr5/crtatmega328p.o
                0x00000288                __init
 *(.init0)
 *(.init1)
 *(.init1)
 *(.init2)
 .init2         0x00000288        0xc F:/Atmel/Studio/7.0/Packs/atmel/ATmega_DFP/1.0.106/gcc/dev/atmega328p/avr5/crtatmega328p.o
 *(.init2)
 *(.init3)
 *(.init3)
 *(.init4)
 .init4         0x00000294       0x16 f:/atmel/studio/7.0/toolchain/avr8/avr8-gnu-toolchain/bin/../lib/gcc/avr/4.9.2/avr5\libgcc.a(_copy_data.o)
                0x00000294                __do_copy_data
 .init4         0x000002aa       0x10 f:/atmel/studio/7.0/toolchain/avr8/avr8-gnu-toolchain/bin/../lib/gcc/avr/4.9.2/avr5\libgcc.a(_clear_bss.o)
                0x000002aa                __do_clear_bss
 *(.init4)
 *(.init5)
 *(.init5)
 *(.init6)
 .init6         0x000002ba       0x16 f:/atmel/studio/7.0/toolchain/avr8/avr8-gnu-toolchain/bin/../lib/gcc/avr/4.9.2/avr5\libgcc.a(_ctors.o)
                0x000002ba                __do_global_ctors
 *(.init6)
 *(.init7)
 *(.init7)
 *(.init8)
 *(.init8)
 *(.init9)
 .init9         0x000002d0        0x8 F:/Atmel/Studio/7.0/Packs/atmel/ATmega_DFP/1.0.106/gcc/dev/atmega328p/avr5/crtatmega328p.o
 *(.init9)
 *(.text)
 .text          0x000002d8        0x4 F:/Atmel/Studio/7.0/Packs/atmel/ATmega_DFP/1.0.106/gcc/dev/atmega328p/avr5/crtatmega328p.o
                0x000002d8                __vector_22
                0x000002d8                __vector_1
                0x000002d8                __vector_24
                0x000002d8                __vector_12
                0x000002d8                __bad_interrupt
                0x000002d8                __vector_6
                0x000002d8                __vector_23
                0x000002d8                __vector_25
                0x000002d8                __vector_11
                0x000002d8                __vector_13
                0x000002d8                __vector_17
                0x000002d8                __vector_7
                0x000002d8                __vector_9
                0x000002d8                __vector_2
                0x000002d8                __vector_21
                0x000002d8                __vector_15
                0x000002d8                __vector_8
                0x000002d8                __vector_14
                0x000002d8                __vector_10
                0x000002d8                __vector_20
                0x000002dc                . = ALIGN (0x2)
 *(.text.*)
 .text._Z9haversineRK8PositionS1_
                0x000002dc      0x164 GeoCache.o
                0x000002dc                _Z9haversineRK8PositionS1_
 .text._Z18GreatCircleBearingRK8PositionS1_
                0x00000440      0x1f8 GeoCache.o
                0x00000440                _Z18GreatCircleBearingRK8PositionS1_
 .text._Z18distance_in_metersRK8PositionS1_
                0x00000638       0x12 GeoCache.o
                0x00000638                _Z18distance_in_metersRK8PositionS1_
 .text._Z11setNeoPixelhff
                0x0000064a      0x4ac GeoCache.o
                0x0000064a                _Z11setNeoPixelhff
 .text._Z15DMtoDDLongitude6StringRf
                0x00000af6       0xee GeoCache.o
                0x00000af6                _Z15DMtoDDLongitude6StringRf
 .text._Z14DMtoDDLatitude6StringRf
                0x00000be4       0xee GeoCache.o
                0x00000be4                _Z14DMtoDDLatitude6StringRf
 .text._Z18ParseGPSStringDatav
                0x00000cd2      0x16c GeoCache.o
                0x00000cd2                _Z18ParseGPSStringDatav
 .text.startup._GLOBAL__sub_I_GpsData
                0x00000e3e       0x46 GeoCache.o
 .text.exit._GLOBAL__sub_D_GpsData
                0x00000e84       0x2e GeoCache.o
 .text._Z13getGPSMessagev
                0x00000eb2       0xac GeoCache.o
                0x00000eb2                _Z13getGPSMessagev
 .text.startup.main
                0x00000f5e      0x1e0 GeoCache.o
                0x00000f5e                main
 .text._ZN14HardwareSerial9availableEv
                0x0000113e       0x18 F:\GPS_Project\COASolutions\ArduinoCore\Release\libArduinoCore.a(HardwareSerial.o)
                0x0000113e                _ZN14HardwareSerial9availableEv
 .text._ZN14HardwareSerial4peekEv
                0x00001156       0x1c F:\GPS_Project\COASolutions\ArduinoCore\Release\libArduinoCore.a(HardwareSerial.o)
                0x00001156                _ZN14HardwareSerial4peekEv
 .text._ZN14HardwareSerial4readEv
                0x00001172       0x28 F:\GPS_Project\COASolutions\ArduinoCore\Release\libArduinoCore.a(HardwareSerial.o)
                0x00001172                _ZN14HardwareSerial4readEv
 .text._Z14serialEventRunv
                0x0000119a       0x1c F:\GPS_Project\COASolutions\ArduinoCore\Release\libArduinoCore.a(HardwareSerial.o)
                0x0000119a                _Z14serialEventRunv
 .text._ZN14HardwareSerial17_tx_udr_empty_irqEv
                0x000011b6       0x42 F:\GPS_Project\COASolutions\ArduinoCore\Release\libArduinoCore.a(HardwareSerial.o)
                0x000011b6                _ZN14HardwareSerial17_tx_udr_empty_irqEv
 .text._ZN14HardwareSerial5flushEv
                0x000011f8       0x40 F:\GPS_Project\COASolutions\ArduinoCore\Release\libArduinoCore.a(HardwareSerial.o)
                0x000011f8                _ZN14HardwareSerial5flushEv
 .text._ZN14HardwareSerial5writeEh
                0x00001238       0x96 F:\GPS_Project\COASolutions\ArduinoCore\Release\libArduinoCore.a(HardwareSerial.o)
                0x00001238                _ZN14HardwareSerial5writeEh
 .text._ZN14HardwareSerial5beginEmh
                0x000012ce       0xd2 F:\GPS_Project\COASolutions\ArduinoCore\Release\libArduinoCore.a(HardwareSerial.o)
                0x000012ce                _ZN14HardwareSerial5beginEmh
 .text.__vector_18
                0x000013a0       0x64 F:\GPS_Project\COASolutions\ArduinoCore\Release\libArduinoCore.a(HardwareSerial0.o)
                0x000013a0                __vector_18
 .text.__vector_19
                0x00001404       0x4c F:\GPS_Project\COASolutions\ArduinoCore\Release\libArduinoCore.a(HardwareSerial0.o)
                0x00001404                __vector_19
 .text._Z17Serial0_availablev
                0x00001450       0x14 F:\GPS_Project\COASolutions\ArduinoCore\Release\libArduinoCore.a(HardwareSerial0.o)
                0x00001450                _Z17Serial0_availablev
 .text.startup._GLOBAL__sub_I___vector_18
                0x00001464       0x5a F:\GPS_Project\COASolutions\ArduinoCore\Release\libArduinoCore.a(HardwareSerial0.o)
 .text._ZN5Print5writeEPKhj
                0x000014be       0x5e F:\GPS_Project\COASolutions\ArduinoCore\Release\libArduinoCore.a(Print.o)
                0x000014be                _ZN5Print5writeEPKhj
 .text._ZN5Print5printEPKc
                0x0000151c       0x2a F:\GPS_Project\COASolutions\ArduinoCore\Release\libArduinoCore.a(Print.o)
                0x0000151c                _ZN5Print5printEPKc
 .text._ZN5Print7printlnEPKc
                0x00001546       0x58 F:\GPS_Project\COASolutions\ArduinoCore\Release\libArduinoCore.a(Print.o)
                0x00001546                _ZN5Print7printlnEPKc
 .text.__vector_16
                0x0000159e       0x94 F:\GPS_Project\COASolutions\ArduinoCore\Release\libArduinoCore.a(wiring.o)
                0x0000159e                __vector_16
 .text.millis   0x00001632       0x18 F:\GPS_Project\COASolutions\ArduinoCore\Release\libArduinoCore.a(wiring.o)
                0x00001632                millis
 .text.micros   0x0000164a       0x4c F:\GPS_Project\COASolutions\ArduinoCore\Release\libArduinoCore.a(wiring.o)
                0x0000164a                micros
 .text.delay    0x00001696       0x76 F:\GPS_Project\COASolutions\ArduinoCore\Release\libArduinoCore.a(wiring.o)
                0x00001696                delay
 .text.init     0x0000170c       0x76 F:\GPS_Project\COASolutions\ArduinoCore\Release\libArduinoCore.a(wiring.o)
                0x0000170c                init
 .text._ZN6StringD2Ev
                0x00001782        0xa F:\GPS_Project\COASolutions\ArduinoCore\Release\libArduinoCore.a(WString.o)
                0x00001782                _ZN6StringD2Ev
                0x00001782                _ZN6StringD1Ev
 .text._ZN6String7reserveEj
                0x0000178c       0x50 F:\GPS_Project\COASolutions\ArduinoCore\Release\libArduinoCore.a(WString.o)
                0x0000178c                _ZN6String7reserveEj
 .text._ZN6String4copyEPKcj
                0x000017dc       0x62 F:\GPS_Project\COASolutions\ArduinoCore\Release\libArduinoCore.a(WString.o)
                0x000017dc                _ZN6String4copyEPKcj
 .text._ZN6StringC2EPKc
                0x0000183e       0x2a F:\GPS_Project\COASolutions\ArduinoCore\Release\libArduinoCore.a(WString.o)
                0x0000183e                _ZN6StringC2EPKc
                0x0000183e                _ZN6StringC1EPKc
 .text._ZN6StringaSERKS_
                0x00001868       0x48 F:\GPS_Project\COASolutions\ArduinoCore\Release\libArduinoCore.a(WString.o)
                0x00001868                _ZN6StringaSERKS_
 .text._ZN6StringC2ERKS_
                0x000018b0       0x12 F:\GPS_Project\COASolutions\ArduinoCore\Release\libArduinoCore.a(WString.o)
                0x000018b0                _ZN6StringC2ERKS_
                0x000018b0                _ZN6StringC1ERKS_
 .text._ZN6StringaSEPKc
                0x000018c2       0x48 F:\GPS_Project\COASolutions\ArduinoCore\Release\libArduinoCore.a(WString.o)
                0x000018c2                _ZN6StringaSEPKc
 .text._ZN6String6concatEPKcj
                0x0000190a       0x78 F:\GPS_Project\COASolutions\ArduinoCore\Release\libArduinoCore.a(WString.o)
                0x0000190a                _ZN6String6concatEPKcj
 .text._ZN6String6concatEc
                0x00001982       0x26 F:\GPS_Project\COASolutions\ArduinoCore\Release\libArduinoCore.a(WString.o)
                0x00001982                _ZN6String6concatEc
 .text._ZN6StringixEj
                0x000019a8       0x24 F:\GPS_Project\COASolutions\ArduinoCore\Release\libArduinoCore.a(WString.o)
                0x000019a8                _ZN6StringixEj
 .text._ZNK6String7toFloatEv
                0x000019cc       0x16 F:\GPS_Project\COASolutions\ArduinoCore\Release\libArduinoCore.a(WString.o)
                0x000019cc                _ZNK6String7toFloatEv
 .text.__empty  0x000019e2        0x2 F:\GPS_Project\COASolutions\ArduinoCore\Release\libArduinoCore.a(hooks.o)
                0x000019e2                yield
 .text._ZN17Adafruit_NeoPixelC2Ejhh
                0x000019e4       0x94 F:\GPS_Project\COASolutions\NeoPixel\Release\libNeoPixel.a(NeoPixel.o)
                0x000019e4                _ZN17Adafruit_NeoPixelC2Ejhh
                0x000019e4                _ZN17Adafruit_NeoPixelC1Ejhh
 .text._ZN17Adafruit_NeoPixelD2Ev
                0x00001a78       0x1e F:\GPS_Project\COASolutions\NeoPixel\Release\libNeoPixel.a(NeoPixel.o)
                0x00001a78                _ZN17Adafruit_NeoPixelD2Ev
                0x00001a78                _ZN17Adafruit_NeoPixelD1Ev
 .text._ZN17Adafruit_NeoPixel5beginEv
                0x00001a96       0x1a F:\GPS_Project\COASolutions\NeoPixel\Release\libNeoPixel.a(NeoPixel.o)
                0x00001a96                _ZN17Adafruit_NeoPixel5beginEv
 .text._ZN17Adafruit_NeoPixel4showEv
                0x00001ab0      0x18a F:\GPS_Project\COASolutions\NeoPixel\Release\libNeoPixel.a(NeoPixel.o)
                0x00001ab0                _ZN17Adafruit_NeoPixel4showEv
 .text._ZN17Adafruit_NeoPixel13setPixelColorEjm
                0x00001c3a       0x98 F:\GPS_Project\COASolutions\NeoPixel\Release\libNeoPixel.a(NeoPixel.o)
                0x00001c3a                _ZN17Adafruit_NeoPixel13setPixelColorEjm
 .text._ZN17Adafruit_NeoPixel5ColorEhhh
                0x00001cd2       0x1e F:\GPS_Project\COASolutions\NeoPixel\Release\libNeoPixel.a(NeoPixel.o)
                0x00001cd2                _ZN17Adafruit_NeoPixel5ColorEhhh
 .text._ZN17Adafruit_NeoPixel13setBrightnessEh
                0x00001cf0       0x82 F:\GPS_Project\COASolutions\NeoPixel\Release\libNeoPixel.a(NeoPixel.o)
                0x00001cf0                _ZN17Adafruit_NeoPixel13setBrightnessEh
 .text._ZN14OneSheeldClassC2Ev
                0x00001d72       0x2a F:\GPS_Project\COASolutions\OneSheeld\Release\libOneSheeld.a(OneSheeld.o)
                0x00001d72                _ZN14OneSheeldClassC1Ev
                0x00001d72                _ZN14OneSheeldClassC2Ev
 .text._ZN14OneSheeldClass5beginEl
                0x00001d9c       0x12 F:\GPS_Project\COASolutions\OneSheeld\Release\libOneSheeld.a(OneSheeld.o)
                0x00001d9c                _ZN14OneSheeldClass5beginEl
 .text._ZN14OneSheeldClass17addToShieldsArrayEP12ShieldParent
                0x00001dae       0x20 F:\GPS_Project\COASolutions\OneSheeld\Release\libOneSheeld.a(OneSheeld.o)
                0x00001dae                _ZN14OneSheeldClass17addToShieldsArrayEP12ShieldParent
 .text._ZN14OneSheeldClass14oneSheeldWriteEh
                0x00001dce       0x38 F:\GPS_Project\COASolutions\OneSheeld\Release\libOneSheeld.a(OneSheeld.o)
                0x00001dce                _ZN14OneSheeldClass14oneSheeldWriteEh
 .text._ZN14OneSheeldClass11getShieldIdEv
                0x00001e06        0x6 F:\GPS_Project\COASolutions\OneSheeld\Release\libOneSheeld.a(OneSheeld.o)
                0x00001e06                _ZN14OneSheeldClass11getShieldIdEv
 .text._ZN14OneSheeldClass13getFunctionIdEv
                0x00001e0c        0x6 F:\GPS_Project\COASolutions\OneSheeld\Release\libOneSheeld.a(OneSheeld.o)
                0x00001e0c                _ZN14OneSheeldClass13getFunctionIdEv
 .text._ZN14OneSheeldClass17getArgumentLengthEh
                0x00001e12       0x12 F:\GPS_Project\COASolutions\OneSheeld\Release\libOneSheeld.a(OneSheeld.o)
                0x00001e12                _ZN14OneSheeldClass17getArgumentLengthEh
 .text._ZN14OneSheeldClass15getArgumentDataEh
                0x00001e24       0x32 F:\GPS_Project\COASolutions\OneSheeld\Release\libOneSheeld.a(OneSheeld.o)
                0x00001e24                _ZN14OneSheeldClass15getArgumentDataEh
 .text._ZN14OneSheeldClass19freeMemoryAllocatedEv
                0x00001e56       0x88 F:\GPS_Project\COASolutions\OneSheeld\Release\libOneSheeld.a(OneSheeld.o)
                0x00001e56                _ZN14OneSheeldClass19freeMemoryAllocatedEv
 .text._ZN14OneSheeldClass13isInACallbackEv
                0x00001ede       0x12 F:\GPS_Project\COASolutions\OneSheeld\Release\libOneSheeld.a(OneSheeld.o)
                0x00001ede                _ZN14OneSheeldClass13isInACallbackEv
 .text._ZN14OneSheeldClass19getVerificationByteEv
                0x00001ef0       0x24 F:\GPS_Project\COASolutions\OneSheeld\Release\libOneSheeld.a(OneSheeld.o)
                0x00001ef0                _ZN14OneSheeldClass19getVerificationByteEv
 .text._ZN14OneSheeldClass15sendShieldFrameEhhhhz
                0x00001f14      0x278 F:\GPS_Project\COASolutions\OneSheeld\Release\libOneSheeld.a(OneSheeld.o)
                0x00001f14                _ZN14OneSheeldClass15sendShieldFrameEhhhhz
 .text._ZN14OneSheeldClass4initEv
                0x0000218c       0x72 F:\GPS_Project\COASolutions\OneSheeld\Release\libOneSheeld.a(OneSheeld.o)
                0x0000218c                _ZN14OneSheeldClass4initEv
 .text._ZN14OneSheeldClass5beginEv
                0x000021fe       0x2e F:\GPS_Project\COASolutions\OneSheeld\Release\libOneSheeld.a(OneSheeld.o)
                0x000021fe                _ZN14OneSheeldClass5beginEv
 .text._ZN14OneSheeldClass12processFrameEv
                0x0000222c      0x15c F:\GPS_Project\COASolutions\OneSheeld\Release\libOneSheeld.a(OneSheeld.o)
                0x0000222c                _ZN14OneSheeldClass12processFrameEv
 .text._ZN14OneSheeldClass13sendToShieldsEv
                0x00002388       0x56 F:\GPS_Project\COASolutions\OneSheeld\Release\libOneSheeld.a(OneSheeld.o)
                0x00002388                _ZN14OneSheeldClass13sendToShieldsEv
 .text._ZN14OneSheeldClass17enteringACallbackEv
                0x000023de       0x3c F:\GPS_Project\COASolutions\OneSheeld\Release\libOneSheeld.a(OneSheeld.o)
                0x000023de                _ZN14OneSheeldClass17enteringACallbackEv
 .text._ZN14OneSheeldClass16exitingACallbackEv
                0x0000241a       0x3c F:\GPS_Project\COASolutions\OneSheeld\Release\libOneSheeld.a(OneSheeld.o)
                0x0000241a                _ZN14OneSheeldClass16exitingACallbackEv
 .text._ZN14OneSheeldClass12processInputEi
                0x00002456      0x30c F:\GPS_Project\COASolutions\OneSheeld\Release\libOneSheeld.a(OneSheeld.o)
                0x00002456                _ZN14OneSheeldClass12processInputEi
 .text._ZN14OneSheeldClass12processInputEv
                0x00002762       0x6c F:\GPS_Project\COASolutions\OneSheeld\Release\libOneSheeld.a(OneSheeld.o)
                0x00002762                _ZN14OneSheeldClass12processInputEv
 .text._Z11serialEventv
                0x000027ce       0x12 F:\GPS_Project\COASolutions\OneSheeld\Release\libOneSheeld.a(OneSheeld.o)
                0x000027ce                _Z11serialEventv
 .text.startup._GLOBAL__sub_I__ZN14OneSheeldClass6isInitE
                0x000027e0        0x8 F:\GPS_Project\COASolutions\OneSheeld\Release\libOneSheeld.a(OneSheeld.o)
 .text._ZN12PrintlnClassC2Ehhh
                0x000027e8        0x4 F:\GPS_Project\COASolutions\OneSheeld\Release\libOneSheeld.a(OneSheeldPrintln.o)
                0x000027e8                _ZN12PrintlnClassC1Ehhh
                0x000027e8                _ZN12PrintlnClassC2Ehhh
 .text._ZN12PrintlnClass7printlnEPKc
                0x000027ec       0x80 F:\GPS_Project\COASolutions\OneSheeld\Release\libOneSheeld.a(OneSheeldPrintln.o)
                0x000027ec                _ZN12PrintlnClass7printlnEPKc
 .text._ZN12PrintlnClass7printlnEdi
                0x0000286c       0x96 F:\GPS_Project\COASolutions\OneSheeld\Release\libOneSheeld.a(OneSheeldPrintln.o)
                0x0000286c                _ZN12PrintlnClass7printlnEdi
 .text._ZN12ShieldParent11processDataEv
                0x00002902        0x2 F:\GPS_Project\COASolutions\OneSheeld\Release\libOneSheeld.a(ShieldParent.o)
                0x00002902                _ZN12ShieldParent11processDataEv
 .text._ZN12ShieldParentC2Eh
                0x00002904       0x12 F:\GPS_Project\COASolutions\OneSheeld\Release\libOneSheeld.a(ShieldParent.o)
                0x00002904                _ZN12ShieldParentC1Eh
                0x00002904                _ZN12ShieldParentC2Eh
 .text._ZN12ShieldParent11getShieldIdEv
                0x00002916        0x6 F:\GPS_Project\COASolutions\OneSheeld\Release\libOneSheeld.a(ShieldParent.o)
                0x00002916                _ZN12ShieldParent11getShieldIdEv
 .text._ZN12ShieldParent20setOneSheeldInstanceER14OneSheeldClass
                0x0000291c       0x10 F:\GPS_Project\COASolutions\OneSheeld\Release\libOneSheeld.a(ShieldParent.o)
                0x0000291c                _ZN12ShieldParent20setOneSheeldInstanceER14OneSheeldClass
 .text._ZN12ShieldParent22unSetOneSheeldInstanceEv
                0x0000292c        0xe F:\GPS_Project\COASolutions\OneSheeld\Release\libOneSheeld.a(ShieldParent.o)
                0x0000292c                _ZN12ShieldParent22unSetOneSheeldInstanceEv
 .text._ZN12ShieldParent20getOneSheeldInstanceEv
                0x0000293a       0x18 F:\GPS_Project\COASolutions\OneSheeld\Release\libOneSheeld.a(ShieldParent.o)
                0x0000293a                _ZN12ShieldParent20getOneSheeldInstanceEv
 .text._ZN12ShieldParent12processFrameEv
                0x00002952       0x6e F:\GPS_Project\COASolutions\OneSheeld\Release\libOneSheeld.a(ShieldParent.o)
                0x00002952                _ZN12ShieldParent12processFrameEv
 .text._ZN14TerminalShield11processDataEv
                0x000029c0       0xe4 F:\GPS_Project\COASolutions\OneSheeld\Release\libOneSheeld.a(TerminalShield.o)
                0x000029c0                _ZN14TerminalShield11processDataEv
 .text._ZN14TerminalShieldC2Ev
                0x00002aa4       0x50 F:\GPS_Project\COASolutions\OneSheeld\Release\libOneSheeld.a(TerminalShield.o)
                0x00002aa4                _ZN14TerminalShieldC2Ev
                0x00002aa4                _ZN14TerminalShieldC1Ev
 .text._ZN11HttpRequest13sendInitFrameEPKc
                0x00002af4       0xaa F:\GPS_Project\COASolutions\OneSheeld\Release\libOneSheeld.a(HttpRequest.o)
                0x00002af4                _ZN11HttpRequest13sendInitFrameEPKc
 .text._ZN11HttpRequest13sendInitFrameEv
                0x00002b9e       0x28 F:\GPS_Project\COASolutions\OneSheeld\Release\libOneSheeld.a(HttpRequest.o)
                0x00002b9e                _ZN11HttpRequest13sendInitFrameEv
 .text._ZN10PrintClassC2Ehhh
                0x00002bc6        0xa F:\GPS_Project\COASolutions\OneSheeld\Release\libOneSheeld.a(OneSheeldPrint.o)
                0x00002bc6                _ZN10PrintClassC2Ehhh
                0x00002bc6                _ZN10PrintClassC1Ehhh
 .text._ZN10PrintClass5printEPKc
                0x00002bd0       0x80 F:\GPS_Project\COASolutions\OneSheeld\Release\libOneSheeld.a(OneSheeldPrint.o)
                0x00002bd0                _ZN10PrintClass5printEPKc
 .text._ZN14SoftwareSerial4readEv
                0x00002c50       0x42 F:\GPS_Project\COASolutions\SoftwareSerial\Release\libSoftwareSerial.a(SoftwareSerial.o)
                0x00002c50                _ZN14SoftwareSerial4readEv
 .text._ZN14SoftwareSerial5writeEh
                0x00002c92       0xa8 F:\GPS_Project\COASolutions\SoftwareSerial\Release\libSoftwareSerial.a(SoftwareSerial.o)
                0x00002c92                _ZN14SoftwareSerial5writeEh
 .text._ZN14SoftwareSerial5flushEv
                0x00002d3a        0x2 F:\GPS_Project\COASolutions\SoftwareSerial\Release\libSoftwareSerial.a(SoftwareSerial.o)
                0x00002d3a                _ZN14SoftwareSerial5flushEv
 .text._ZN14SoftwareSerial4peekEv
                0x00002d3c       0x30 F:\GPS_Project\COASolutions\SoftwareSerial\Release\libSoftwareSerial.a(SoftwareSerial.o)
                0x00002d3c                _ZN14SoftwareSerial4peekEv
 .text._ZN14SoftwareSerial9availableEv
                0x00002d6c       0x30 F:\GPS_Project\COASolutions\SoftwareSerial\Release\libSoftwareSerial.a(SoftwareSerial.o)
                0x00002d6c                _ZN14SoftwareSerial9availableEv
 .text._ZN14SoftwareSerial13stopListeningEv
                0x00002d9c       0x2c F:\GPS_Project\COASolutions\SoftwareSerial\Release\libSoftwareSerial.a(SoftwareSerial.o)
                0x00002d9c                _ZN14SoftwareSerial13stopListeningEv
 .text._ZN14SoftwareSerial6listenEv
                0x00002dc8       0x52 F:\GPS_Project\COASolutions\SoftwareSerial\Release\libSoftwareSerial.a(SoftwareSerial.o)
                0x00002dc8                _ZN14SoftwareSerial6listenEv
 .text.__vector_3
                0x00002e1a       0xf4 F:\GPS_Project\COASolutions\SoftwareSerial\Release\libSoftwareSerial.a(SoftwareSerial.o)
                0x00002e1a                __vector_5
                0x00002e1a                __vector_4
                0x00002e1a                __vector_3
 .text._ZN14SoftwareSerialD2Ev
                0x00002f0e        0xe F:\GPS_Project\COASolutions\SoftwareSerial\Release\libSoftwareSerial.a(SoftwareSerial.o)
                0x00002f0e                _ZN14SoftwareSerialD1Ev
                0x00002f0e                _ZN14SoftwareSerialD2Ev
 .text._ZN14SoftwareSerial5setTXEh
                0x00002f1c       0x52 F:\GPS_Project\COASolutions\SoftwareSerial\Release\libSoftwareSerial.a(SoftwareSerial.o)
                0x00002f1c                _ZN14SoftwareSerial5setTXEh
 .text._ZN14SoftwareSerial5setRXEh
                0x00002f6e       0x52 F:\GPS_Project\COASolutions\SoftwareSerial\Release\libSoftwareSerial.a(SoftwareSerial.o)
                0x00002f6e                _ZN14SoftwareSerial5setRXEh
 .text._ZN14SoftwareSerialC2Ehhb
                0x00002fc0       0x56 F:\GPS_Project\COASolutions\SoftwareSerial\Release\libSoftwareSerial.a(SoftwareSerial.o)
                0x00002fc0                _ZN14SoftwareSerialC1Ehhb
                0x00002fc0                _ZN14SoftwareSerialC2Ehhb
 .text._ZN14SoftwareSerial5beginEl
                0x00003016      0x11c F:\GPS_Project\COASolutions\SoftwareSerial\Release\libSoftwareSerial.a(SoftwareSerial.o)
                0x00003016                _ZN14SoftwareSerial5beginEl
 .text._Znwj    0x00003132        0x4 F:\GPS_Project\COASolutions\ArduinoCore\Release\libArduinoCore.a(new.o)
                0x00003132                _Znwj
 .text._ZdlPv   0x00003136        0x4 F:\GPS_Project\COASolutions\ArduinoCore\Release\libArduinoCore.a(new.o)
                0x00003136                _ZdlPv
 .text.turnOffPWM
                0x0000313a       0x5e F:\GPS_Project\COASolutions\ArduinoCore\Release\libArduinoCore.a(wiring_digital.o)
 .text.pinMode  0x00003198       0x82 F:\GPS_Project\COASolutions\ArduinoCore\Release\libArduinoCore.a(wiring_digital.o)
                0x00003198                pinMode
 .text.digitalWrite
                0x0000321a       0x68 F:\GPS_Project\COASolutions\ArduinoCore\Release\libArduinoCore.a(wiring_digital.o)
                0x0000321a                digitalWrite
 .text._Z6randomll
                0x00003282       0x7a F:\GPS_Project\COASolutions\ArduinoCore\Release\libArduinoCore.a(WMath.o)
                0x00003282                _Z6randomll
 .text.libgcc.mul
                0x000032fc       0x20 f:/atmel/studio/7.0/toolchain/avr8/avr8-gnu-toolchain/bin/../lib/gcc/avr/4.9.2/avr5\libgcc.a(_mulsi3.o)
                0x000032fc                __mulsi3
 .text.libgcc.div
                0x0000331c       0x28 f:/atmel/studio/7.0/toolchain/avr8/avr8-gnu-toolchain/bin/../lib/gcc/avr/4.9.2/avr5\libgcc.a(_udivmodhi4.o)
                0x0000331c                __udivmodhi4
 .text.libgcc.div
                0x00003344       0x28 f:/atmel/studio/7.0/toolchain/avr8/avr8-gnu-toolchain/bin/../lib/gcc/avr/4.9.2/avr5\libgcc.a(_divmodhi4.o)
                0x00003344                _div
                0x00003344                __divmodhi4
 .text.libgcc.div
                0x0000336c       0x44 f:/atmel/studio/7.0/toolchain/avr8/avr8-gnu-toolchain/bin/../lib/gcc/avr/4.9.2/avr5\libgcc.a(_udivmodsi4.o)
                0x0000336c                __udivmodsi4
 .text.libgcc.div
                0x000033b0       0x2e f:/atmel/studio/7.0/toolchain/avr8/avr8-gnu-toolchain/bin/../lib/gcc/avr/4.9.2/avr5\libgcc.a(_divmodsi4.o)
                0x000033b0                __divmodsi4
 .text.libgcc.div
                0x000033de       0x10 f:/atmel/studio/7.0/toolchain/avr8/avr8-gnu-toolchain/bin/../lib/gcc/avr/4.9.2/avr5\libgcc.a(_negsi2.o)
                0x000033de                __negsi2
 .text.libgcc.mul
                0x000033ee       0x16 f:/atmel/studio/7.0/toolchain/avr8/avr8-gnu-toolchain/bin/../lib/gcc/avr/4.9.2/avr5\libgcc.a(_muluhisi3.o)
                0x000033ee                __muluhisi3
 .text.libgcc   0x00003404        0xc f:/atmel/studio/7.0/toolchain/avr8/avr8-gnu-toolchain/bin/../lib/gcc/avr/4.9.2/avr5\libgcc.a(_tablejump2.o)
                0x00003404                __tablejump2__
 .text.libgcc.mul
                0x00003410       0x1e f:/atmel/studio/7.0/toolchain/avr8/avr8-gnu-toolchain/bin/../lib/gcc/avr/4.9.2/avr5\libgcc.a(_umulhisi3.o)
                0x00003410                __umulhisi3
 .text.avr-libc.fplib
                0x0000342e        0xe f:/atmel/studio/7.0/toolchain/avr8/avr8-gnu-toolchain/bin/../lib/gcc/avr/4.9.2/../../../../avr/lib/avr5\libm.a(addsf3.o)
                0x0000342e                __subsf3
                0x00003430                __addsf3
 .text.avr-libc.fplib
                0x0000343c       0xcc f:/atmel/studio/7.0/toolchain/avr8/avr8-gnu-toolchain/bin/../lib/gcc/avr/4.9.2/../../../../avr/lib/avr5\libm.a(addsf3x.o)
                0x0000345e                __addsf3x
 .text.avr-libc.fplib
                0x00003508       0x36 f:/atmel/studio/7.0/toolchain/avr8/avr8-gnu-toolchain/bin/../lib/gcc/avr/4.9.2/../../../../avr/lib/avr5\libm.a(asin.o)
                0x00003508                asin
 .text.avr-libc.fplib
                0x0000353e       0x86 f:/atmel/studio/7.0/toolchain/avr8/avr8-gnu-toolchain/bin/../lib/gcc/avr/4.9.2/../../../../avr/lib/avr5\libm.a(atan2.o)
                0x00003564                atan2
 .text.avr-libc.fplib
                0x000035c4       0x5e f:/atmel/studio/7.0/toolchain/avr8/avr8-gnu-toolchain/bin/../lib/gcc/avr/4.9.2/../../../../avr/lib/avr5\libm.a(atan.o)
                0x000035c4                atan
 .text.avr-libc.fplib
                0x00003622        0xa f:/atmel/studio/7.0/toolchain/avr8/avr8-gnu-toolchain/bin/../lib/gcc/avr/4.9.2/../../../../avr/lib/avr5\libm.a(cmpsf2.o)
                0x00003622                __nesf2
                0x00003622                __eqsf2
                0x00003622                __cmpsf2
                0x00003622                __ltsf2
                0x00003622                __lesf2
 .text.avr-libc.fplib
                0x0000362c        0xa f:/atmel/studio/7.0/toolchain/avr8/avr8-gnu-toolchain/bin/../lib/gcc/avr/4.9.2/../../../../avr/lib/avr5\libm.a(cos.o)
                0x0000362c                cos
 .text.avr-libc.fplib
                0x00003636        0x8 f:/atmel/studio/7.0/toolchain/avr8/avr8-gnu-toolchain/bin/../lib/gcc/avr/4.9.2/../../../../avr/lib/avr5\libm.a(divsf3.o)
                0x00003636                __divsf3
 .text.avr-libc.fplib
                0x0000363e       0xdc f:/atmel/studio/7.0/toolchain/avr8/avr8-gnu-toolchain/bin/../lib/gcc/avr/4.9.2/../../../../avr/lib/avr5\libm.a(divsf3x.o)
                0x0000365e                __divsf3x
                0x00003664                __divsf3_pse
 .text.avr-libc.fplib
                0x0000371a        0xe f:/atmel/studio/7.0/toolchain/avr8/avr8-gnu-toolchain/bin/../lib/gcc/avr/4.9.2/../../../../avr/lib/avr5\libm.a(fixsfsi.o)
                0x0000371a                __fixsfsi
 .text.avr-libc.fplib
                0x00003728       0x5e f:/atmel/studio/7.0/toolchain/avr8/avr8-gnu-toolchain/bin/../lib/gcc/avr/4.9.2/../../../../avr/lib/avr5\libm.a(fixunssfsi.o)
                0x00003728                __fixunssfsi
 .text.avr-libc.fplib
                0x00003786       0x7a f:/atmel/studio/7.0/toolchain/avr8/avr8-gnu-toolchain/bin/../lib/gcc/avr/4.9.2/../../../../avr/lib/avr5\libm.a(floatsisf.o)
                0x00003786                __floatunsisf
                0x0000378a                __floatsisf
 .text.avr-libc.fplib
                0x00003800       0x40 f:/atmel/studio/7.0/toolchain/avr8/avr8-gnu-toolchain/bin/../lib/gcc/avr/4.9.2/../../../../avr/lib/avr5\libm.a(fp_arccos.o)
                0x00003800                __fp_arccos
 .text.avr-libc.fplib
                0x00003840       0x48 f:/atmel/studio/7.0/toolchain/avr8/avr8-gnu-toolchain/bin/../lib/gcc/avr/4.9.2/../../../../avr/lib/avr5\libm.a(fp_cmp.o)
                0x00003840                __fp_cmp
 .text.avr-libc.fplib
                0x00003888        0xc f:/atmel/studio/7.0/toolchain/avr8/avr8-gnu-toolchain/bin/../lib/gcc/avr/4.9.2/../../../../avr/lib/avr5\libm.a(fp_inf.o)
                0x00003888                __fp_inf
 .text.avr-libc.fplib
                0x00003894       0x1c f:/atmel/studio/7.0/toolchain/avr8/avr8-gnu-toolchain/bin/../lib/gcc/avr/4.9.2/../../../../avr/lib/avr5\libm.a(fp_mpack.o)
                0x00003894                __fp_mpack
                0x00003898                __fp_mpack_finite
 .text.avr-libc.fplib
                0x000038b0        0x6 f:/atmel/studio/7.0/toolchain/avr8/avr8-gnu-toolchain/bin/../lib/gcc/avr/4.9.2/../../../../avr/lib/avr5\libm.a(fp_nan.o)
                0x000038b0                __fp_nan
 .text.avr-libc.fplib
                0x000038b6       0x4e f:/atmel/studio/7.0/toolchain/avr8/avr8-gnu-toolchain/bin/../lib/gcc/avr/4.9.2/../../../../avr/lib/avr5\libm.a(fp_powser.o)
                0x000038b6                __fp_powser
 .text.avr-libc.fplib
                0x00003904       0x28 f:/atmel/studio/7.0/toolchain/avr8/avr8-gnu-toolchain/bin/../lib/gcc/avr/4.9.2/../../../../avr/lib/avr5\libm.a(fp_powsodd.o)
                0x00003904                __fp_powsodd
 .text.avr-libc.fplib
                0x0000392c        0xe f:/atmel/studio/7.0/toolchain/avr8/avr8-gnu-toolchain/bin/../lib/gcc/avr/4.9.2/../../../../avr/lib/avr5\libm.a(fp_pscA.o)
                0x0000392c                __fp_pscA
 .text.avr-libc.fplib
                0x0000393a        0xe f:/atmel/studio/7.0/toolchain/avr8/avr8-gnu-toolchain/bin/../lib/gcc/avr/4.9.2/../../../../avr/lib/avr5\libm.a(fp_pscB.o)
                0x0000393a                __fp_pscB
 .text.avr-libc.fplib
                0x00003948       0x56 f:/atmel/studio/7.0/toolchain/avr8/avr8-gnu-toolchain/bin/../lib/gcc/avr/4.9.2/../../../../avr/lib/avr5\libm.a(fp_rempio2.o)
                0x0000394c                __fp_rempio2
 .text.avr-libc.fplib
                0x0000399e       0x22 f:/atmel/studio/7.0/toolchain/avr8/avr8-gnu-toolchain/bin/../lib/gcc/avr/4.9.2/../../../../avr/lib/avr5\libm.a(fp_round.o)
                0x0000399e                __fp_round
 .text.avr-libc.fplib
                0x000039c0       0x28 f:/atmel/studio/7.0/toolchain/avr8/avr8-gnu-toolchain/bin/../lib/gcc/avr/4.9.2/../../../../avr/lib/avr5\libm.a(fp_sinus.o)
                0x000039c0                __fp_sinus
 .text.avr-libc.fplib
                0x000039e8       0x44 f:/atmel/studio/7.0/toolchain/avr8/avr8-gnu-toolchain/bin/../lib/gcc/avr/4.9.2/../../../../avr/lib/avr5\libm.a(fp_split3.o)
                0x000039e8                __fp_split3
                0x000039f8                __fp_splitA
 .text.avr-libc.fplib
                0x00003a2c        0xe f:/atmel/studio/7.0/toolchain/avr8/avr8-gnu-toolchain/bin/../lib/gcc/avr/4.9.2/../../../../avr/lib/avr5\libm.a(fp_zero.o)
                0x00003a2c                __fp_zero
                0x00003a2e                __fp_szero
 .text.avr-libc.fplib
                0x00003a3a        0xa f:/atmel/studio/7.0/toolchain/avr8/avr8-gnu-toolchain/bin/../lib/gcc/avr/4.9.2/../../../../avr/lib/avr5\libm.a(gesf2.o)
                0x00003a3a                __gesf2
                0x00003a3a                __gtsf2
 .text.avr-libc.fplib
                0x00003a44       0x10 f:/atmel/studio/7.0/toolchain/avr8/avr8-gnu-toolchain/bin/../lib/gcc/avr/4.9.2/../../../../avr/lib/avr5\libm.a(inverse.o)
                0x00003a44                inverse
 .text.avr-libc.fplib
                0x00003a54        0x8 f:/atmel/studio/7.0/toolchain/avr8/avr8-gnu-toolchain/bin/../lib/gcc/avr/4.9.2/../../../../avr/lib/avr5\libm.a(mulsf3.o)
                0x00003a54                __mulsf3
 .text.avr-libc.fplib
                0x00003a5c       0xd2 f:/atmel/studio/7.0/toolchain/avr8/avr8-gnu-toolchain/bin/../lib/gcc/avr/4.9.2/../../../../avr/lib/avr5\libm.a(mulsf3x.o)
                0x00003a7a                __mulsf3x
                0x00003a80                __mulsf3_pse
 .text.avr-libc.fplib
                0x00003b2e       0x10 f:/atmel/studio/7.0/toolchain/avr8/avr8-gnu-toolchain/bin/../lib/gcc/avr/4.9.2/../../../../avr/lib/avr5\libm.a(sin.o)
                0x00003b2e                sin
 .text.avr-libc.fplib
                0x00003b3e       0x8c f:/atmel/studio/7.0/toolchain/avr8/avr8-gnu-toolchain/bin/../lib/gcc/avr/4.9.2/../../../../avr/lib/avr5\libm.a(sqrt.o)
                0x00003b4a                sqrtf
                0x00003b4a                sqrt
 .text.avr-libc.fplib
                0x00003bca        0x8 f:/atmel/studio/7.0/toolchain/avr8/avr8-gnu-toolchain/bin/../lib/gcc/avr/4.9.2/../../../../avr/lib/avr5\libm.a(square.o)
                0x00003bca                square
 .text.avr-libc.fplib
                0x00003bd2        0xe f:/atmel/studio/7.0/toolchain/avr8/avr8-gnu-toolchain/bin/../lib/gcc/avr/4.9.2/../../../../avr/lib/avr5\libm.a(fp_norm2.o)
                0x00003bd2                __fp_norm2
 .text.avr-libc
                0x00003be0       0x40 f:/atmel/studio/7.0/toolchain/avr8/avr8-gnu-toolchain/bin/../lib/gcc/avr/4.9.2/../../../../avr/lib/avr5\libc.a(dtostrf.o)
                0x00003be0                dtostrf
 .text.avr-libc
                0x00003c20      0x25a f:/atmel/studio/7.0/toolchain/avr8/avr8-gnu-toolchain/bin/../lib/gcc/avr/4.9.2/../../../../avr/lib/avr5\libc.a(malloc.o)
                0x00003c20                malloc
                0x00003d4a                free
 .text.avr-libc
                0x00003e7a       0xb8 f:/atmel/studio/7.0/toolchain/avr8/avr8-gnu-toolchain/bin/../lib/gcc/avr/4.9.2/../../../../avr/lib/avr5\libc.a(random.o)
                0x00003f10                random_r
                0x00003f16                random
                0x00003f20                srandom
 .text.avr-libc
                0x00003f32      0x194 f:/atmel/studio/7.0/toolchain/avr8/avr8-gnu-toolchain/bin/../lib/gcc/avr/4.9.2/../../../../avr/lib/avr5\libc.a(realloc.o)
                0x00003f32                realloc
 .text.avr-libc
                0x000040c6      0x222 f:/atmel/studio/7.0/toolchain/avr8/avr8-gnu-toolchain/bin/../lib/gcc/avr/4.9.2/../../../../avr/lib/avr5\libc.a(strtol.o)
                0x000040c6                strtol
 .text.avr-libc
                0x000042e8        0x8 f:/atmel/studio/7.0/toolchain/avr8/avr8-gnu-toolchain/bin/../lib/gcc/avr/4.9.2/../../../../avr/lib/avr5\libc.a(atof.o)
                0x000042e8                atof
 .text.avr-libc
                0x000042f0       0x12 f:/atmel/studio/7.0/toolchain/avr8/avr8-gnu-toolchain/bin/../lib/gcc/avr/4.9.2/../../../../avr/lib/avr5\libc.a(isspace.o)
                0x000042f0                isspace
 .text.avr-libc
                0x00004302        0xa f:/atmel/studio/7.0/toolchain/avr8/avr8-gnu-toolchain/bin/../lib/gcc/avr/4.9.2/../../../../avr/lib/avr5\libc.a(strtok.o)
                0x00004302                strtok
 .text.avr-libc
                0x0000430c       0x1a f:/atmel/studio/7.0/toolchain/avr8/avr8-gnu-toolchain/bin/../lib/gcc/avr/4.9.2/../../../../avr/lib/avr5\libc.a(memcmp.o)
                0x0000430c                memcmp
 .text.avr-libc
                0x00004326       0x12 f:/atmel/studio/7.0/toolchain/avr8/avr8-gnu-toolchain/bin/../lib/gcc/avr/4.9.2/../../../../avr/lib/avr5\libc.a(memcpy.o)
                0x00004326                memcpy
 .text.avr-libc
                0x00004338        0xe f:/atmel/studio/7.0/toolchain/avr8/avr8-gnu-toolchain/bin/../lib/gcc/avr/4.9.2/../../../../avr/lib/avr5\libc.a(memset.o)
                0x00004338                memset
 .text.avr-libc
                0x00004346       0x16 f:/atmel/studio/7.0/toolchain/avr8/avr8-gnu-toolchain/bin/../lib/gcc/avr/4.9.2/../../../../avr/lib/avr5\libc.a(strcat.o)
                0x00004346                strcat
 .text.avr-libc
                0x0000435c        0xe f:/atmel/studio/7.0/toolchain/avr8/avr8-gnu-toolchain/bin/../lib/gcc/avr/4.9.2/../../../../avr/lib/avr5\libc.a(strcpy.o)
                0x0000435c                strcpy
 .text.avr-libc
                0x0000436a       0x4e f:/atmel/studio/7.0/toolchain/avr8/avr8-gnu-toolchain/bin/../lib/gcc/avr/4.9.2/../../../../avr/lib/avr5\libc.a(strtok_r.o)
                0x0000436a                strtok_r
 .text.avr-libc
                0x000043b8      0x31c f:/atmel/studio/7.0/toolchain/avr8/avr8-gnu-toolchain/bin/../lib/gcc/avr/4.9.2/../../../../avr/lib/avr5\libc.a(dtoa_prf.o)
                0x000043b8                dtoa_prf
 .text.avr-libc
                0x000046d4      0x2ba f:/atmel/studio/7.0/toolchain/avr8/avr8-gnu-toolchain/bin/../lib/gcc/avr/4.9.2/../../../../avr/lib/avr5\libc.a(strtod.o)
                0x000046d4                strtod
 .text.avr-libc
                0x0000498e      0x1b0 f:/atmel/studio/7.0/toolchain/avr8/avr8-gnu-toolchain/bin/../lib/gcc/avr/4.9.2/../../../../avr/lib/avr5\libc.a(ftoa_engine.o)
                0x0000498e                __ftoa_engine
 .text.avr-libc
                0x00004b3e        0x6 f:/atmel/studio/7.0/toolchain/avr8/avr8-gnu-toolchain/bin/../lib/gcc/avr/4.9.2/../../../../avr/lib/avr5\libc.a(cty_isfalse.o)
                0x00004b3e                __ctype_isfalse
                0x00004b42                __ctype_istrue
 .text.avr-libc
                0x00004b44       0x30 f:/atmel/studio/7.0/toolchain/avr8/avr8-gnu-toolchain/bin/../lib/gcc/avr/4.9.2/../../../../avr/lib/avr5\libc.a(strncasecmp_P.o)
                0x00004b44                strncasecmp_P
 .text.libgcc.mul
                0x00004b74       0x10 f:/atmel/studio/7.0/toolchain/avr8/avr8-gnu-toolchain/bin/../lib/gcc/avr/4.9.2/avr5\libgcc.a(_mulshisi3.o)
                0x00004b74                __mulshisi3
                0x00004b7a                __mulohisi3
 .text.libgcc.prologue
                0x00004b84       0x38 f:/atmel/studio/7.0/toolchain/avr8/avr8-gnu-toolchain/bin/../lib/gcc/avr/4.9.2/avr5\libgcc.a(_prologue.o)
                0x00004b84                __prologue_saves__
 .text.libgcc.prologue
                0x00004bbc       0x36 f:/atmel/studio/7.0/toolchain/avr8/avr8-gnu-toolchain/bin/../lib/gcc/avr/4.9.2/avr5\libgcc.a(_epilogue.o)
                0x00004bbc                __epilogue_restores__
                0x00004bf2                . = ALIGN (0x2)
 *(.fini9)
 .fini9         0x00004bf2        0x0 f:/atmel/studio/7.0/toolchain/avr8/avr8-gnu-toolchain/bin/../lib/gcc/avr/4.9.2/avr5\libgcc.a(_exit.o)
                0x00004bf2                _exit
                0x00004bf2                exit
 *(.fini9)
 *(.fini8)
 *(.fini8)
 *(.fini7)
 *(.fini7)
 *(.fini6)
 .fini6         0x00004bf2       0x16 f:/atmel/studio/7.0/toolchain/avr8/avr8-gnu-toolchain/bin/../lib/gcc/avr/4.9.2/avr5\libgcc.a(_dtors.o)
                0x00004bf2                __do_global_dtors
 *(.fini6)
 *(.fini5)
 *(.fini5)
 *(.fini4)
 *(.fini4)
 *(.fini3)
 *(.fini3)
 *(.fini2)
 *(.fini2)
 *(.fini1)
 *(.fini1)
 *(.fini0)
 .fini0         0x00004c08        0x4 f:/atmel/studio/7.0/toolchain/avr8/avr8-gnu-toolchain/bin/../lib/gcc/avr/4.9.2/avr5\libgcc.a(_exit.o)
 *(.fini0)
                0x00004c0c                _etext = .

.data           0x00800100      0x11c load address 0x00004c0c
                0x00800100                PROVIDE (__data_start, .)
 *(.data)
 .data          0x00800100        0x6 f:/atmel/studio/7.0/toolchain/avr8/avr8-gnu-toolchain/bin/../lib/gcc/avr/4.9.2/../../../../avr/lib/avr5\libc.a(malloc.o)
                0x00800100                __malloc_heap_end
                0x00800102                __malloc_heap_start
                0x00800104                __malloc_margin
 .data          0x00800106        0x4 f:/atmel/studio/7.0/toolchain/avr8/avr8-gnu-toolchain/bin/../lib/gcc/avr/4.9.2/../../../../avr/lib/avr5\libc.a(random.o)
 *(.data*)
 .data.distance
                0x0080010a        0x4 GeoCache.o
                0x0080010a                distance
 .data.heading  0x0080010e        0x4 GeoCache.o
                0x0080010e                heading
 *(.rodata)
 *(.rodata*)
 .rodata.str1.1
                0x00800112       0x5e GeoCache.o
                                 0x5f (size before relaxing)
 .rodata._ZTV14HardwareSerial
                0x00800170       0x10 F:\GPS_Project\COASolutions\ArduinoCore\Release\libArduinoCore.a(HardwareSerial.o)
                0x00800170                _ZTV14HardwareSerial
 .rodata.str1.1
                0x00800180       0x11 F:\GPS_Project\COASolutions\ArduinoCore\Release\libArduinoCore.a(Print.o)
 .rodata.str1.1
                0x00800191       0x60 F:\GPS_Project\COASolutions\OneSheeld\Release\libOneSheeld.a(OneSheeld.o)
 .rodata.str1.1
                0x008001f1        0xb F:\GPS_Project\COASolutions\OneSheeld\Release\libOneSheeld.a(OneSheeldPrintln.o)
                                  0xe (size before relaxing)
 .rodata._ZTV12ShieldParent
                0x008001fc        0x8 F:\GPS_Project\COASolutions\OneSheeld\Release\libOneSheeld.a(ShieldParent.o)
                0x008001fc                _ZTV12ShieldParent
 .rodata._ZTV14TerminalShield
                0x00800204        0x8 F:\GPS_Project\COASolutions\OneSheeld\Release\libOneSheeld.a(TerminalShield.o)
                0x00800204                _ZTV14TerminalShield
 .rodata._ZTV14SoftwareSerial
                0x0080020c       0x10 F:\GPS_Project\COASolutions\SoftwareSerial\Release\libSoftwareSerial.a(SoftwareSerial.o)
                0x0080020c                _ZTV14SoftwareSerial
 *(.gnu.linkonce.d*)
                0x0080021c                . = ALIGN (0x2)
                0x0080021c                _edata = .
                0x0080021c                PROVIDE (__data_end, .)

.bss            0x0080021c      0x328
                0x0080021c                PROVIDE (__bss_start, .)
 *(.bss)
 .bss           0x0080021c        0x2 f:/atmel/studio/7.0/toolchain/avr8/avr8-gnu-toolchain/bin/../lib/gcc/avr/4.9.2/../../../../avr/lib/avr5\libc.a(strtok.o)
 *(.bss*)
 .bss.Terminal  0x0080021e       0x51 GeoCache.o
                0x0080021e                Terminal
 .bss.strip     0x0080026f       0x13 GeoCache.o
                0x0080026f                strip
 .bss.gps       0x00800282       0x1f GeoCache.o
                0x00800282                gps
 .bss.cstr      0x008002a1       0x80 GeoCache.o
                0x008002a1                cstr
 .bss.target    0x00800321        0x1 GeoCache.o
                0x00800321                target
 .bss.Speed     0x00800322        0x4 GeoCache.o
                0x00800322                Speed
 .bss.CourseGround
                0x00800326        0x4 GeoCache.o
                0x00800326                CourseGround
 .bss.E_W       0x0080032a        0x1 GeoCache.o
                0x0080032a                E_W
 .bss.Longitude
                0x0080032b        0x4 GeoCache.o
                0x0080032b                Longitude
 .bss.N_S       0x0080032f        0x1 GeoCache.o
                0x0080032f                N_S
 .bss.Latitude  0x00800330        0x4 GeoCache.o
                0x00800330                Latitude
 .bss.GpsData   0x00800334       0x5a GeoCache.o
                0x00800334                GpsData
 .bss.Serial    0x0080038e       0xdd F:\GPS_Project\COASolutions\ArduinoCore\Release\libArduinoCore.a(HardwareSerial0.o)
                0x0080038e                Serial
 .bss.timer0_fract
                0x0080046b        0x1 F:\GPS_Project\COASolutions\ArduinoCore\Release\libArduinoCore.a(wiring.o)
 .bss.timer0_millis
                0x0080046c        0x4 F:\GPS_Project\COASolutions\ArduinoCore\Release\libArduinoCore.a(wiring.o)
                0x0080046c                timer0_millis
 .bss.timer0_overflow_count
                0x00800470        0x4 F:\GPS_Project\COASolutions\ArduinoCore\Release\libArduinoCore.a(wiring.o)
                0x00800470                timer0_overflow_count
 .bss._ZZN6StringixEjE19dummy_writable_char
                0x00800474        0x1 F:\GPS_Project\COASolutions\ArduinoCore\Release\libArduinoCore.a(WString.o)
 .bss.OneSheeld
                0x00800475       0x1f F:\GPS_Project\COASolutions\OneSheeld\Release\libOneSheeld.a(OneSheeld.o)
                0x00800475                OneSheeld
 .bss._ZN14OneSheeldClass13requestsArrayE
                0x00800494        0x2 F:\GPS_Project\COASolutions\OneSheeld\Release\libOneSheeld.a(OneSheeld.o)
                0x00800494                _ZN14OneSheeldClass13requestsArrayE
 .bss._ZN14OneSheeldClass15requestsCounterE
                0x00800496        0x1 F:\GPS_Project\COASolutions\OneSheeld\Release\libOneSheeld.a(OneSheeld.o)
                0x00800496                _ZN14OneSheeldClass15requestsCounterE
 .bss._ZN14OneSheeldClass15OneSheeldSerialE
                0x00800497        0x2 F:\GPS_Project\COASolutions\OneSheeld\Release\libOneSheeld.a(OneSheeld.o)
                0x00800497                _ZN14OneSheeldClass15OneSheeldSerialE
 .bss._ZN14OneSheeldClass12shieldsArrayE
                0x00800499       0x54 F:\GPS_Project\COASolutions\OneSheeld\Release\libOneSheeld.a(OneSheeld.o)
                0x00800499                _ZN14OneSheeldClass12shieldsArrayE
 .bss._ZN14OneSheeldClass12isFirstFrameE
                0x008004ed        0x1 F:\GPS_Project\COASolutions\OneSheeld\Release\libOneSheeld.a(OneSheeld.o)
                0x008004ed                _ZN14OneSheeldClass12isFirstFrameE
 .bss._ZN14OneSheeldClass19callbacksInterruptsE
                0x008004ee        0x1 F:\GPS_Project\COASolutions\OneSheeld\Release\libOneSheeld.a(OneSheeld.o)
                0x008004ee                _ZN14OneSheeldClass19callbacksInterruptsE
 .bss._ZN14OneSheeldClass11inACallbackE
                0x008004ef        0x1 F:\GPS_Project\COASolutions\OneSheeld\Release\libOneSheeld.a(OneSheeld.o)
                0x008004ef                _ZN14OneSheeldClass11inACallbackE
 .bss._ZN14OneSheeldClass17lastTimeFrameSentE
                0x008004f0        0x4 F:\GPS_Project\COASolutions\OneSheeld\Release\libOneSheeld.a(OneSheeld.o)
                0x008004f0                _ZN14OneSheeldClass17lastTimeFrameSentE
 .bss._ZN14OneSheeldClass14shieldsCounterE
                0x008004f4        0x1 F:\GPS_Project\COASolutions\OneSheeld\Release\libOneSheeld.a(OneSheeld.o)
                0x008004f4                _ZN14OneSheeldClass14shieldsCounterE
 .bss._ZN14OneSheeldClass5isSwsE
                0x008004f5        0x1 F:\GPS_Project\COASolutions\OneSheeld\Release\libOneSheeld.a(OneSheeld.o)
                0x008004f5                _ZN14OneSheeldClass5isSwsE
 .bss._ZN14OneSheeldClass6isInitE
                0x008004f6        0x1 F:\GPS_Project\COASolutions\OneSheeld\Release\libOneSheeld.a(OneSheeld.o)
                0x008004f6                _ZN14OneSheeldClass6isInitE
 .bss._ZN12ShieldParent26oneSheeldInstanceAvailableE
                0x008004f7        0x1 F:\GPS_Project\COASolutions\OneSheeld\Release\libOneSheeld.a(ShieldParent.o)
                0x008004f7                _ZN12ShieldParent26oneSheeldInstanceAvailableE
 .bss._ZN12ShieldParent17oneSheeldInstanceE
                0x008004f8        0x2 F:\GPS_Project\COASolutions\OneSheeld\Release\libOneSheeld.a(ShieldParent.o)
                0x008004f8                _ZN12ShieldParent17oneSheeldInstanceE
 .bss._ZN14SoftwareSerial20_receive_buffer_headE
                0x008004fa        0x1 F:\GPS_Project\COASolutions\SoftwareSerial\Release\libSoftwareSerial.a(SoftwareSerial.o)
                0x008004fa                _ZN14SoftwareSerial20_receive_buffer_headE
 .bss._ZN14SoftwareSerial20_receive_buffer_tailE
                0x008004fb        0x1 F:\GPS_Project\COASolutions\SoftwareSerial\Release\libSoftwareSerial.a(SoftwareSerial.o)
                0x008004fb                _ZN14SoftwareSerial20_receive_buffer_tailE
 .bss._ZN14SoftwareSerial15_receive_bufferE
                0x008004fc       0x40 F:\GPS_Project\COASolutions\SoftwareSerial\Release\libSoftwareSerial.a(SoftwareSerial.o)
                0x008004fc                _ZN14SoftwareSerial15_receive_bufferE
 .bss._ZN14SoftwareSerial13active_objectE
                0x0080053c        0x2 F:\GPS_Project\COASolutions\SoftwareSerial\Release\libSoftwareSerial.a(SoftwareSerial.o)
                0x0080053c                _ZN14SoftwareSerial13active_objectE
 *(COMMON)
 COMMON         0x0080053e        0x4 f:/atmel/studio/7.0/toolchain/avr8/avr8-gnu-toolchain/bin/../lib/gcc/avr/4.9.2/../../../../avr/lib/avr5\libc.a(malloc.o)
                0x0080053e                __brkval
                0x00800540                __flp
 COMMON         0x00800542        0x2 f:/atmel/studio/7.0/toolchain/avr8/avr8-gnu-toolchain/bin/../lib/gcc/avr/4.9.2/../../../../avr/lib/avr5\libc.a(errno.o)
                0x00800542                errno
                0x00800544                PROVIDE (__bss_end, .)
                0x00004c0c                __data_load_start = LOADADDR (.data)
                0x00004d28                __data_load_end = (__data_load_start + SIZEOF (.data))

.noinit         0x00800544        0x0
                [!provide]                PROVIDE (__noinit_start, .)
 *(.noinit*)
                [!provide]                PROVIDE (__noinit_end, .)
                0x00800544                _end = .
                0x00800544                PROVIDE (__heap_start, .)

.eeprom         0x00810000        0x0
 *(.eeprom*)
                0x00810000                __eeprom_end = .

.fuse
 *(.fuse)
 *(.lfuse)
 *(.hfuse)
 *(.efuse)

.lock
 *(.lock*)

.signature
 *(.signature*)

.user_signatures
 *(.user_signatures*)

.stab
 *(.stab)

.stabstr
 *(.stabstr)

.stab.excl
 *(.stab.excl)

.stab.exclstr
 *(.stab.exclstr)

.stab.index
 *(.stab.index)

.stab.indexstr
 *(.stab.indexstr)

.comment        0x00000000       0x5c
 *(.comment)
 .comment       0x00000000       0x30 GeoCache.o
                                 0x31 (size before relaxing)
 .comment       0x00000030       0x31 F:\GPS_Project\COASolutions\ArduinoCore\Release\libArduinoCore.a(HardwareSerial.o)
 .comment       0x00000030       0x31 F:\GPS_Project\COASolutions\ArduinoCore\Release\libArduinoCore.a(HardwareSerial0.o)
 .comment       0x00000030       0x31 F:\GPS_Project\COASolutions\ArduinoCore\Release\libArduinoCore.a(Print.o)
 .comment       0x00000030       0x31 F:\GPS_Project\COASolutions\ArduinoCore\Release\libArduinoCore.a(wiring.o)
 .comment       0x00000030       0x31 F:\GPS_Project\COASolutions\ArduinoCore\Release\libArduinoCore.a(WString.o)
 .comment       0x00000030       0x31 F:\GPS_Project\COASolutions\ArduinoCore\Release\libArduinoCore.a(hooks.o)
 .comment       0x00000030       0x31 F:\GPS_Project\COASolutions\NeoPixel\Release\libNeoPixel.a(NeoPixel.o)
 .comment       0x00000030       0x31 F:\GPS_Project\COASolutions\OneSheeld\Release\libOneSheeld.a(OneSheeld.o)
 .comment       0x00000030       0x31 F:\GPS_Project\COASolutions\OneSheeld\Release\libOneSheeld.a(OneSheeldPrintln.o)
 .comment       0x00000030       0x31 F:\GPS_Project\COASolutions\OneSheeld\Release\libOneSheeld.a(ShieldParent.o)
 .comment       0x00000030       0x31 F:\GPS_Project\COASolutions\OneSheeld\Release\libOneSheeld.a(TerminalShield.o)
 .comment       0x00000030       0x31 F:\GPS_Project\COASolutions\OneSheeld\Release\libOneSheeld.a(HttpRequest.o)
 .comment       0x00000030       0x31 F:\GPS_Project\COASolutions\OneSheeld\Release\libOneSheeld.a(OneSheeldPrint.o)
 .comment       0x00000030       0x31 F:\GPS_Project\COASolutions\SoftwareSerial\Release\libSoftwareSerial.a(SoftwareSerial.o)
 .comment       0x00000030       0x31 F:\GPS_Project\COASolutions\ArduinoCore\Release\libArduinoCore.a(new.o)
 .comment       0x00000030       0x31 F:\GPS_Project\COASolutions\ArduinoCore\Release\libArduinoCore.a(wiring_digital.o)
 .comment       0x00000030       0x31 F:\GPS_Project\COASolutions\ArduinoCore\Release\libArduinoCore.a(WMath.o)
 .comment       0x00000030       0x31 f:/atmel/studio/7.0/toolchain/avr8/avr8-gnu-toolchain/bin/../lib/gcc/avr/4.9.2/../../../../avr/lib/avr5\libc.a(dtostrf.o)
 .comment       0x00000030       0x31 f:/atmel/studio/7.0/toolchain/avr8/avr8-gnu-toolchain/bin/../lib/gcc/avr/4.9.2/../../../../avr/lib/avr5\libc.a(malloc.o)
 .comment       0x00000030       0x31 f:/atmel/studio/7.0/toolchain/avr8/avr8-gnu-toolchain/bin/../lib/gcc/avr/4.9.2/../../../../avr/lib/avr5\libc.a(random.o)
 .comment       0x00000030       0x31 f:/atmel/studio/7.0/toolchain/avr8/avr8-gnu-toolchain/bin/../lib/gcc/avr/4.9.2/../../../../avr/lib/avr5\libc.a(realloc.o)
 .comment       0x00000030       0x31 f:/atmel/studio/7.0/toolchain/avr8/avr8-gnu-toolchain/bin/../lib/gcc/avr/4.9.2/../../../../avr/lib/avr5\libc.a(strtol.o)
 .comment       0x00000030       0x31 f:/atmel/studio/7.0/toolchain/avr8/avr8-gnu-toolchain/bin/../lib/gcc/avr/4.9.2/../../../../avr/lib/avr5\libc.a(strtok.o)
 .comment       0x00000030       0x2c f:/atmel/studio/7.0/toolchain/avr8/avr8-gnu-toolchain/bin/../lib/gcc/avr/4.9.2/../../../../avr/lib/avr5\libc.a(errno.o)
                                 0x2d (size before relaxing)
 .comment       0x0000005c       0x31 f:/atmel/studio/7.0/toolchain/avr8/avr8-gnu-toolchain/bin/../lib/gcc/avr/4.9.2/../../../../avr/lib/avr5\libc.a(dtoa_prf.o)
 .comment       0x0000005c       0x31 f:/atmel/studio/7.0/toolchain/avr8/avr8-gnu-toolchain/bin/../lib/gcc/avr/4.9.2/../../../../avr/lib/avr5\libc.a(strtod.o)

.note.gnu.avr.deviceinfo
                0x00000000       0x40
 .note.gnu.avr.deviceinfo
                0x00000000       0x40 F:/Atmel/Studio/7.0/Packs/atmel/ATmega_DFP/1.0.106/gcc/dev/atmega328p/avr5/crtatmega328p.o

.note.gnu.build-id
 *(.note.gnu.build-id)

.debug
 *(.debug)

.line
 *(.line)

.debug_srcinfo
 *(.debug_srcinfo)

.debug_sfnames
 *(.debug_sfnames)

.debug_aranges  0x00000000      0x9f8
 *(.debug_aranges)
 .debug_aranges
                0x00000000       0x68 F:\GPS_Project\COASolutions\ArduinoCore\Release\libArduinoCore.a(HardwareSerial.o)
 .debug_aranges
                0x00000068       0x38 F:\GPS_Project\COASolutions\ArduinoCore\Release\libArduinoCore.a(HardwareSerial0.o)
 .debug_aranges
                0x000000a0       0xe8 F:\GPS_Project\COASolutions\ArduinoCore\Release\libArduinoCore.a(Print.o)
 .debug_aranges
                0x00000188       0x48 F:\GPS_Project\COASolutions\ArduinoCore\Release\libArduinoCore.a(wiring.o)
 .debug_aranges
                0x000001d0      0x280 F:\GPS_Project\COASolutions\ArduinoCore\Release\libArduinoCore.a(WString.o)
 .debug_aranges
                0x00000450       0x20 F:\GPS_Project\COASolutions\ArduinoCore\Release\libArduinoCore.a(hooks.o)
 .debug_aranges
                0x00000470       0x78 F:\GPS_Project\COASolutions\NeoPixel\Release\libNeoPixel.a(NeoPixel.o)
 .debug_aranges
                0x000004e8      0x158 F:\GPS_Project\COASolutions\OneSheeld\Release\libOneSheeld.a(OneSheeld.o)
 .debug_aranges
                0x00000640       0x68 F:\GPS_Project\COASolutions\OneSheeld\Release\libOneSheeld.a(OneSheeldPrintln.o)
 .debug_aranges
                0x000006a8       0x80 F:\GPS_Project\COASolutions\OneSheeld\Release\libOneSheeld.a(ShieldParent.o)
 .debug_aranges
                0x00000728       0x48 F:\GPS_Project\COASolutions\OneSheeld\Release\libOneSheeld.a(TerminalShield.o)
 .debug_aranges
                0x00000770       0xc8 F:\GPS_Project\COASolutions\OneSheeld\Release\libOneSheeld.a(HttpRequest.o)
 .debug_aranges
                0x00000838       0x68 F:\GPS_Project\COASolutions\OneSheeld\Release\libOneSheeld.a(OneSheeldPrint.o)
 .debug_aranges
                0x000008a0       0x98 F:\GPS_Project\COASolutions\SoftwareSerial\Release\libSoftwareSerial.a(SoftwareSerial.o)
 .debug_aranges
                0x00000938       0x38 F:\GPS_Project\COASolutions\ArduinoCore\Release\libArduinoCore.a(new.o)
 .debug_aranges
                0x00000970       0x38 F:\GPS_Project\COASolutions\ArduinoCore\Release\libArduinoCore.a(wiring_digital.o)
 .debug_aranges
                0x000009a8       0x50 F:\GPS_Project\COASolutions\ArduinoCore\Release\libArduinoCore.a(WMath.o)

.debug_pubnames
 *(.debug_pubnames)

.debug_info     0x00000000    0x1fe99
 *(.debug_info .gnu.linkonce.wi.*)
 .debug_info    0x00000000     0x1b99 F:\GPS_Project\COASolutions\ArduinoCore\Release\libArduinoCore.a(HardwareSerial.o)
 .debug_info    0x00001b99     0x17a8 F:\GPS_Project\COASolutions\ArduinoCore\Release\libArduinoCore.a(HardwareSerial0.o)
 .debug_info    0x00003341     0x2cca F:\GPS_Project\COASolutions\ArduinoCore\Release\libArduinoCore.a(Print.o)
 .debug_info    0x0000600b      0x2c8 F:\GPS_Project\COASolutions\ArduinoCore\Release\libArduinoCore.a(wiring.o)
 .debug_info    0x000062d3     0x4373 F:\GPS_Project\COASolutions\ArduinoCore\Release\libArduinoCore.a(WString.o)
 .debug_info    0x0000a646       0x3e F:\GPS_Project\COASolutions\ArduinoCore\Release\libArduinoCore.a(hooks.o)
 .debug_info    0x0000a684      0xb78 F:\GPS_Project\COASolutions\NeoPixel\Release\libNeoPixel.a(NeoPixel.o)
 .debug_info    0x0000b1fc     0x41e9 F:\GPS_Project\COASolutions\OneSheeld\Release\libOneSheeld.a(OneSheeld.o)
 .debug_info    0x0000f3e5     0x19cd F:\GPS_Project\COASolutions\OneSheeld\Release\libOneSheeld.a(OneSheeldPrintln.o)
 .debug_info    0x00010db2     0x2d07 F:\GPS_Project\COASolutions\OneSheeld\Release\libOneSheeld.a(ShieldParent.o)
 .debug_info    0x00013ab9     0x2fc2 F:\GPS_Project\COASolutions\OneSheeld\Release\libOneSheeld.a(TerminalShield.o)
 .debug_info    0x00016a7b     0x341a F:\GPS_Project\COASolutions\OneSheeld\Release\libOneSheeld.a(HttpRequest.o)
 .debug_info    0x00019e95     0x3046 F:\GPS_Project\COASolutions\OneSheeld\Release\libOneSheeld.a(OneSheeldPrint.o)
 .debug_info    0x0001cedb     0x258d F:\GPS_Project\COASolutions\SoftwareSerial\Release\libSoftwareSerial.a(SoftwareSerial.o)
 .debug_info    0x0001f468      0x18c F:\GPS_Project\COASolutions\ArduinoCore\Release\libArduinoCore.a(new.o)
 .debug_info    0x0001f5f4      0x5f7 F:\GPS_Project\COASolutions\ArduinoCore\Release\libArduinoCore.a(wiring_digital.o)
 .debug_info    0x0001fbeb      0x2ae F:\GPS_Project\COASolutions\ArduinoCore\Release\libArduinoCore.a(WMath.o)

.debug_abbrev   0x00000000     0x3f84
 *(.debug_abbrev)
 .debug_abbrev  0x00000000      0x451 F:\GPS_Project\COASolutions\ArduinoCore\Release\libArduinoCore.a(HardwareSerial.o)
 .debug_abbrev  0x00000451      0x3a1 F:\GPS_Project\COASolutions\ArduinoCore\Release\libArduinoCore.a(HardwareSerial0.o)
 .debug_abbrev  0x000007f2      0x454 F:\GPS_Project\COASolutions\ArduinoCore\Release\libArduinoCore.a(Print.o)
 .debug_abbrev  0x00000c46      0x145 F:\GPS_Project\COASolutions\ArduinoCore\Release\libArduinoCore.a(wiring.o)
 .debug_abbrev  0x00000d8b      0x4e6 F:\GPS_Project\COASolutions\ArduinoCore\Release\libArduinoCore.a(WString.o)
 .debug_abbrev  0x00001271       0x2a F:\GPS_Project\COASolutions\ArduinoCore\Release\libArduinoCore.a(hooks.o)
 .debug_abbrev  0x0000129b      0x350 F:\GPS_Project\COASolutions\NeoPixel\Release\libNeoPixel.a(NeoPixel.o)
 .debug_abbrev  0x000015eb      0x82d F:\GPS_Project\COASolutions\OneSheeld\Release\libOneSheeld.a(OneSheeld.o)
 .debug_abbrev  0x00001e18      0x345 F:\GPS_Project\COASolutions\OneSheeld\Release\libOneSheeld.a(OneSheeldPrintln.o)
 .debug_abbrev  0x0000215d      0x520 F:\GPS_Project\COASolutions\OneSheeld\Release\libOneSheeld.a(ShieldParent.o)
 .debug_abbrev  0x0000267d      0x4b5 F:\GPS_Project\COASolutions\OneSheeld\Release\libOneSheeld.a(TerminalShield.o)
 .debug_abbrev  0x00002b32      0x554 F:\GPS_Project\COASolutions\OneSheeld\Release\libOneSheeld.a(HttpRequest.o)
 .debug_abbrev  0x00003086      0x500 F:\GPS_Project\COASolutions\OneSheeld\Release\libOneSheeld.a(OneSheeldPrint.o)
 .debug_abbrev  0x00003586      0x61f F:\GPS_Project\COASolutions\SoftwareSerial\Release\libSoftwareSerial.a(SoftwareSerial.o)
 .debug_abbrev  0x00003ba5       0xd9 F:\GPS_Project\COASolutions\ArduinoCore\Release\libArduinoCore.a(new.o)
 .debug_abbrev  0x00003c7e      0x16a F:\GPS_Project\COASolutions\ArduinoCore\Release\libArduinoCore.a(wiring_digital.o)
 .debug_abbrev  0x00003de8      0x19c F:\GPS_Project\COASolutions\ArduinoCore\Release\libArduinoCore.a(WMath.o)

.debug_line     0x00000000     0x553a
 *(.debug_line .debug_line.* .debug_line_end)
 .debug_line    0x00000000      0x39b F:\GPS_Project\COASolutions\ArduinoCore\Release\libArduinoCore.a(HardwareSerial.o)
 .debug_line    0x0000039b      0x1d3 F:\GPS_Project\COASolutions\ArduinoCore\Release\libArduinoCore.a(HardwareSerial0.o)
 .debug_line    0x0000056e      0x606 F:\GPS_Project\COASolutions\ArduinoCore\Release\libArduinoCore.a(Print.o)
 .debug_line    0x00000b74      0x21a F:\GPS_Project\COASolutions\ArduinoCore\Release\libArduinoCore.a(wiring.o)
 .debug_line    0x00000d8e     0x125c F:\GPS_Project\COASolutions\ArduinoCore\Release\libArduinoCore.a(WString.o)
 .debug_line    0x00001fea       0x3a F:\GPS_Project\COASolutions\ArduinoCore\Release\libArduinoCore.a(hooks.o)
 .debug_line    0x00002024      0x48c F:\GPS_Project\COASolutions\NeoPixel\Release\libNeoPixel.a(NeoPixel.o)
 .debug_line    0x000024b0      0xe61 F:\GPS_Project\COASolutions\OneSheeld\Release\libOneSheeld.a(OneSheeld.o)
 .debug_line    0x00003311      0x394 F:\GPS_Project\COASolutions\OneSheeld\Release\libOneSheeld.a(OneSheeldPrintln.o)
 .debug_line    0x000036a5      0x373 F:\GPS_Project\COASolutions\OneSheeld\Release\libOneSheeld.a(ShieldParent.o)
 .debug_line    0x00003a18      0x32f F:\GPS_Project\COASolutions\OneSheeld\Release\libOneSheeld.a(TerminalShield.o)
 .debug_line    0x00003d47      0x8af F:\GPS_Project\COASolutions\OneSheeld\Release\libOneSheeld.a(HttpRequest.o)
 .debug_line    0x000045f6      0x428 F:\GPS_Project\COASolutions\OneSheeld\Release\libOneSheeld.a(OneSheeldPrint.o)
 .debug_line    0x00004a1e      0x6f1 F:\GPS_Project\COASolutions\SoftwareSerial\Release\libSoftwareSerial.a(SoftwareSerial.o)
 .debug_line    0x0000510f       0xf5 F:\GPS_Project\COASolutions\ArduinoCore\Release\libArduinoCore.a(new.o)
 .debug_line    0x00005204      0x1fd F:\GPS_Project\COASolutions\ArduinoCore\Release\libArduinoCore.a(wiring_digital.o)
 .debug_line    0x00005401      0x139 F:\GPS_Project\COASolutions\ArduinoCore\Release\libArduinoCore.a(WMath.o)

.debug_frame    0x00000000     0x2618
 *(.debug_frame)
 .debug_frame   0x00000000      0x11c F:\GPS_Project\COASolutions\ArduinoCore\Release\libArduinoCore.a(HardwareSerial.o)
 .debug_frame   0x0000011c       0xc0 F:\GPS_Project\COASolutions\ArduinoCore\Release\libArduinoCore.a(HardwareSerial0.o)
 .debug_frame   0x000001dc      0x394 F:\GPS_Project\COASolutions\ArduinoCore\Release\libArduinoCore.a(Print.o)
 .debug_frame   0x00000570       0xc4 F:\GPS_Project\COASolutions\ArduinoCore\Release\libArduinoCore.a(wiring.o)
 .debug_frame   0x00000634      0x9d8 F:\GPS_Project\COASolutions\ArduinoCore\Release\libArduinoCore.a(WString.o)
 .debug_frame   0x0000100c       0x24 F:\GPS_Project\COASolutions\ArduinoCore\Release\libArduinoCore.a(hooks.o)
 .debug_frame   0x00001030      0x1b0 F:\GPS_Project\COASolutions\NeoPixel\Release\libNeoPixel.a(NeoPixel.o)
 .debug_frame   0x000011e0      0x4d0 F:\GPS_Project\COASolutions\OneSheeld\Release\libOneSheeld.a(OneSheeld.o)
 .debug_frame   0x000016b0      0x220 F:\GPS_Project\COASolutions\OneSheeld\Release\libOneSheeld.a(OneSheeldPrintln.o)
 .debug_frame   0x000018d0      0x150 F:\GPS_Project\COASolutions\OneSheeld\Release\libOneSheeld.a(ShieldParent.o)
 .debug_frame   0x00001a20       0xfc F:\GPS_Project\COASolutions\OneSheeld\Release\libOneSheeld.a(TerminalShield.o)
 .debug_frame   0x00001b1c      0x4cc F:\GPS_Project\COASolutions\OneSheeld\Release\libOneSheeld.a(HttpRequest.o)
 .debug_frame   0x00001fe8      0x23c F:\GPS_Project\COASolutions\OneSheeld\Release\libOneSheeld.a(OneSheeldPrint.o)
 .debug_frame   0x00002224      0x1b4 F:\GPS_Project\COASolutions\SoftwareSerial\Release\libSoftwareSerial.a(SoftwareSerial.o)
 .debug_frame   0x000023d8       0x54 F:\GPS_Project\COASolutions\ArduinoCore\Release\libArduinoCore.a(new.o)
 .debug_frame   0x0000242c       0x7c F:\GPS_Project\COASolutions\ArduinoCore\Release\libArduinoCore.a(wiring_digital.o)
 .debug_frame   0x000024a8      0x170 F:\GPS_Project\COASolutions\ArduinoCore\Release\libArduinoCore.a(WMath.o)

.debug_str      0x00000000     0x4706
 *(.debug_str)
 .debug_str     0x00000000     0x1187 F:\GPS_Project\COASolutions\ArduinoCore\Release\libArduinoCore.a(HardwareSerial.o)
                               0x1220 (size before relaxing)
 .debug_str     0x00001187       0x84 F:\GPS_Project\COASolutions\ArduinoCore\Release\libArduinoCore.a(HardwareSerial0.o)
                               0x1020 (size before relaxing)
 .debug_str     0x0000120b      0x3a8 F:\GPS_Project\COASolutions\ArduinoCore\Release\libArduinoCore.a(Print.o)
                                0xe99 (size before relaxing)
 .debug_str     0x000015b3      0x12a F:\GPS_Project\COASolutions\ArduinoCore\Release\libArduinoCore.a(wiring.o)
                                0x1f9 (size before relaxing)
 .debug_str     0x000016dd      0x3d5 F:\GPS_Project\COASolutions\ArduinoCore\Release\libArduinoCore.a(WString.o)
                                0xe71 (size before relaxing)
 .debug_str     0x00001ab2       0x15 F:\GPS_Project\COASolutions\ArduinoCore\Release\libArduinoCore.a(hooks.o)
                                 0xee (size before relaxing)
 .debug_str     0x00001ac7      0x3fc F:\GPS_Project\COASolutions\NeoPixel\Release\libNeoPixel.a(NeoPixel.o)
                                0x542 (size before relaxing)
 .debug_str     0x00001ec3     0x1917 F:\GPS_Project\COASolutions\OneSheeld\Release\libOneSheeld.a(OneSheeld.o)
                               0x293a (size before relaxing)
 .debug_str     0x000037da      0x2d4 F:\GPS_Project\COASolutions\OneSheeld\Release\libOneSheeld.a(OneSheeldPrintln.o)
                                0xdae (size before relaxing)
 .debug_str     0x00003aae      0x266 F:\GPS_Project\COASolutions\OneSheeld\Release\libOneSheeld.a(ShieldParent.o)
                               0x2767 (size before relaxing)
 .debug_str     0x00003d14      0x19f F:\GPS_Project\COASolutions\OneSheeld\Release\libOneSheeld.a(TerminalShield.o)
                               0x2861 (size before relaxing)
 .debug_str     0x00003eb3      0x135 F:\GPS_Project\COASolutions\OneSheeld\Release\libOneSheeld.a(HttpRequest.o)
                               0x25a0 (size before relaxing)
 .debug_str     0x00003fe8       0x2e F:\GPS_Project\COASolutions\OneSheeld\Release\libOneSheeld.a(OneSheeldPrint.o)
                               0x25eb (size before relaxing)
 .debug_str     0x00004016      0x59f F:\GPS_Project\COASolutions\SoftwareSerial\Release\libSoftwareSerial.a(SoftwareSerial.o)
                               0x14fd (size before relaxing)
 .debug_str     0x000045b5       0x3d F:\GPS_Project\COASolutions\ArduinoCore\Release\libArduinoCore.a(new.o)
                                0x1a1 (size before relaxing)
 .debug_str     0x000045f2       0x62 F:\GPS_Project\COASolutions\ArduinoCore\Release\libArduinoCore.a(wiring_digital.o)
                                0x25e (size before relaxing)
 .debug_str     0x00004654       0xb2 F:\GPS_Project\COASolutions\ArduinoCore\Release\libArduinoCore.a(WMath.o)
                                0x212 (size before relaxing)

.debug_loc      0x00000000     0xe1c5
 *(.debug_loc)
 .debug_loc     0x00000000      0x4f5 F:\GPS_Project\COASolutions\ArduinoCore\Release\libArduinoCore.a(HardwareSerial.o)
 .debug_loc     0x000004f5      0x161 F:\GPS_Project\COASolutions\ArduinoCore\Release\libArduinoCore.a(HardwareSerial0.o)
 .debug_loc     0x00000656     0x2487 F:\GPS_Project\COASolutions\ArduinoCore\Release\libArduinoCore.a(Print.o)
 .debug_loc     0x00002add      0x274 F:\GPS_Project\COASolutions\ArduinoCore\Release\libArduinoCore.a(wiring.o)
 .debug_loc     0x00002d51     0x45e7 F:\GPS_Project\COASolutions\ArduinoCore\Release\libArduinoCore.a(WString.o)
 .debug_loc     0x00007338      0xac8 F:\GPS_Project\COASolutions\NeoPixel\Release\libNeoPixel.a(NeoPixel.o)
 .debug_loc     0x00007e00     0x1569 F:\GPS_Project\COASolutions\OneSheeld\Release\libOneSheeld.a(OneSheeld.o)
 .debug_loc     0x00009369      0x9dc F:\GPS_Project\COASolutions\OneSheeld\Release\libOneSheeld.a(OneSheeldPrintln.o)
 .debug_loc     0x00009d45      0x4d9 F:\GPS_Project\COASolutions\OneSheeld\Release\libOneSheeld.a(ShieldParent.o)
 .debug_loc     0x0000a21e      0x4e5 F:\GPS_Project\COASolutions\OneSheeld\Release\libOneSheeld.a(TerminalShield.o)
 .debug_loc     0x0000a703     0x142e F:\GPS_Project\COASolutions\OneSheeld\Release\libOneSheeld.a(HttpRequest.o)
 .debug_loc     0x0000bb31      0xb98 F:\GPS_Project\COASolutions\OneSheeld\Release\libOneSheeld.a(OneSheeldPrint.o)
 .debug_loc     0x0000c6c9      0xd69 F:\GPS_Project\COASolutions\SoftwareSerial\Release\libSoftwareSerial.a(SoftwareSerial.o)
 .debug_loc     0x0000d432       0x98 F:\GPS_Project\COASolutions\ArduinoCore\Release\libArduinoCore.a(new.o)
 .debug_loc     0x0000d4ca      0x6d8 F:\GPS_Project\COASolutions\ArduinoCore\Release\libArduinoCore.a(wiring_digital.o)
 .debug_loc     0x0000dba2      0x623 F:\GPS_Project\COASolutions\ArduinoCore\Release\libArduinoCore.a(WMath.o)

.debug_macinfo
 *(.debug_macinfo)

.debug_weaknames
 *(.debug_weaknames)

.debug_funcnames
 *(.debug_funcnames)

.debug_typenames
 *(.debug_typenames)

.debug_varnames
 *(.debug_varnames)

.debug_pubtypes
 *(.debug_pubtypes)

.debug_ranges   0x00000000      0xe70
 *(.debug_ranges)
 .debug_ranges  0x00000000       0xa0 F:\GPS_Project\COASolutions\ArduinoCore\Release\libArduinoCore.a(HardwareSerial.o)
 .debug_ranges  0x000000a0       0x58 F:\GPS_Project\COASolutions\ArduinoCore\Release\libArduinoCore.a(HardwareSerial0.o)
 .debug_ranges  0x000000f8      0x208 F:\GPS_Project\COASolutions\ArduinoCore\Release\libArduinoCore.a(Print.o)
 .debug_ranges  0x00000300       0x38 F:\GPS_Project\COASolutions\ArduinoCore\Release\libArduinoCore.a(wiring.o)
 .debug_ranges  0x00000338      0x3d8 F:\GPS_Project\COASolutions\ArduinoCore\Release\libArduinoCore.a(WString.o)
 .debug_ranges  0x00000710       0x10 F:\GPS_Project\COASolutions\ArduinoCore\Release\libArduinoCore.a(hooks.o)
 .debug_ranges  0x00000720       0x68 F:\GPS_Project\COASolutions\NeoPixel\Release\libNeoPixel.a(NeoPixel.o)
 .debug_ranges  0x00000788      0x190 F:\GPS_Project\COASolutions\OneSheeld\Release\libOneSheeld.a(OneSheeld.o)
 .debug_ranges  0x00000918       0x58 F:\GPS_Project\COASolutions\OneSheeld\Release\libOneSheeld.a(OneSheeldPrintln.o)
 .debug_ranges  0x00000970       0xc0 F:\GPS_Project\COASolutions\OneSheeld\Release\libOneSheeld.a(ShieldParent.o)
 .debug_ranges  0x00000a30       0x50 F:\GPS_Project\COASolutions\OneSheeld\Release\libOneSheeld.a(TerminalShield.o)
 .debug_ranges  0x00000a80      0x1f0 F:\GPS_Project\COASolutions\OneSheeld\Release\libOneSheeld.a(HttpRequest.o)
 .debug_ranges  0x00000c70       0x58 F:\GPS_Project\COASolutions\OneSheeld\Release\libOneSheeld.a(OneSheeldPrint.o)
 .debug_ranges  0x00000cc8       0xe8 F:\GPS_Project\COASolutions\SoftwareSerial\Release\libSoftwareSerial.a(SoftwareSerial.o)
 .debug_ranges  0x00000db0       0x28 F:\GPS_Project\COASolutions\ArduinoCore\Release\libArduinoCore.a(new.o)
 .debug_ranges  0x00000dd8       0x28 F:\GPS_Project\COASolutions\ArduinoCore\Release\libArduinoCore.a(wiring_digital.o)
 .debug_ranges  0x00000e00       0x70 F:\GPS_Project\COASolutions\ArduinoCore\Release\libArduinoCore.a(WMath.o)

.debug_macro
 *(.debug_macro)
OUTPUT(GeoCashProject.elf elf32-avr)
LOAD linker stubs
