Archive member included to satisfy reference by file (symbol)

F:\GPS_Project\COASolutions\ArduinoCore\Release\libArduinoCore.a(HardwareSerial.o)
                              main.o (_ZN14HardwareSerial5beginEmh)
F:\GPS_Project\COASolutions\ArduinoCore\Release\libArduinoCore.a(HardwareSerial0.o)
                              main.o (Serial)
F:\GPS_Project\COASolutions\ArduinoCore\Release\libArduinoCore.a(Print.o)
                              F:\GPS_Project\COASolutions\ArduinoCore\Release\libArduinoCore.a(HardwareSerial.o) (_ZN5Print5writeEPKhj)
F:\GPS_Project\COASolutions\ArduinoCore\Release\libArduinoCore.a(wiring.o)
                              main.o (millis)
F:\GPS_Project\COASolutions\ArduinoCore\Release\libArduinoCore.a(abi.o)
                              F:\GPS_Project\COASolutions\ArduinoCore\Release\libArduinoCore.a(Print.o) (__cxa_pure_virtual)
F:\GPS_Project\COASolutions\ArduinoCore\Release\libArduinoCore.a(hooks.o)
                              F:\GPS_Project\COASolutions\ArduinoCore\Release\libArduinoCore.a(wiring.o) (yield)
F:\GPS_Project\COASolutions\NeoPixel\Release\libNeoPixel.a(NeoPixel.o)
                              main.o (_ZN17Adafruit_NeoPixelC1Ejhh)
F:\GPS_Project\COASolutions\ArduinoCore\Release\libArduinoCore.a(wiring_digital.o)
                              F:\GPS_Project\COASolutions\NeoPixel\Release\libNeoPixel.a(NeoPixel.o) (pinMode)
f:/atmel/studio/7.0/toolchain/avr8/avr8-gnu-toolchain/bin/../lib/gcc/avr/4.9.2/avr5\libgcc.a(_udivmodhi4.o)
                              main.o (__udivmodhi4)
f:/atmel/studio/7.0/toolchain/avr8/avr8-gnu-toolchain/bin/../lib/gcc/avr/4.9.2/avr5\libgcc.a(_udivmodsi4.o)
                              F:\GPS_Project\COASolutions\ArduinoCore\Release\libArduinoCore.a(HardwareSerial.o) (__udivmodsi4)
f:/atmel/studio/7.0/toolchain/avr8/avr8-gnu-toolchain/bin/../lib/gcc/avr/4.9.2/avr5\libgcc.a(_divmodsi4.o)
                              F:\GPS_Project\COASolutions\NeoPixel\Release\libNeoPixel.a(NeoPixel.o) (__divmodsi4)
f:/atmel/studio/7.0/toolchain/avr8/avr8-gnu-toolchain/bin/../lib/gcc/avr/4.9.2/avr5\libgcc.a(_negsi2.o)
                              f:/atmel/studio/7.0/toolchain/avr8/avr8-gnu-toolchain/bin/../lib/gcc/avr/4.9.2/avr5\libgcc.a(_divmodsi4.o) (__negsi2)
f:/atmel/studio/7.0/toolchain/avr8/avr8-gnu-toolchain/bin/../lib/gcc/avr/4.9.2/avr5\libgcc.a(_exit.o)
                              F:/Atmel/Studio/7.0/Packs/atmel/ATmega_DFP/1.0.106/gcc/dev/atmega328p/avr5/crtatmega328p.o (exit)
f:/atmel/studio/7.0/toolchain/avr8/avr8-gnu-toolchain/bin/../lib/gcc/avr/4.9.2/avr5\libgcc.a(_copy_data.o)
                              F:\GPS_Project\COASolutions\ArduinoCore\Release\libArduinoCore.a(HardwareSerial.o) (__do_copy_data)
f:/atmel/studio/7.0/toolchain/avr8/avr8-gnu-toolchain/bin/../lib/gcc/avr/4.9.2/avr5\libgcc.a(_clear_bss.o)
                              main.o (__do_clear_bss)
f:/atmel/studio/7.0/toolchain/avr8/avr8-gnu-toolchain/bin/../lib/gcc/avr/4.9.2/avr5\libgcc.a(_ctors.o)
                              main.o (__do_global_ctors)
f:/atmel/studio/7.0/toolchain/avr8/avr8-gnu-toolchain/bin/../lib/gcc/avr/4.9.2/avr5\libgcc.a(_dtors.o)
                              main.o (__do_global_dtors)
f:/atmel/studio/7.0/toolchain/avr8/avr8-gnu-toolchain/bin/../lib/gcc/avr/4.9.2/avr5\libgcc.a(_tablejump2.o)
                              f:/atmel/studio/7.0/toolchain/avr8/avr8-gnu-toolchain/bin/../lib/gcc/avr/4.9.2/avr5\libgcc.a(_ctors.o) (__tablejump2__)
f:/atmel/studio/7.0/toolchain/avr8/avr8-gnu-toolchain/bin/../lib/gcc/avr/4.9.2/../../../../avr/lib/avr5\libm.a(addsf3.o)
                              F:\GPS_Project\COASolutions\ArduinoCore\Release\libArduinoCore.a(Print.o) (__subsf3)
f:/atmel/studio/7.0/toolchain/avr8/avr8-gnu-toolchain/bin/../lib/gcc/avr/4.9.2/../../../../avr/lib/avr5\libm.a(addsf3x.o)
                              f:/atmel/studio/7.0/toolchain/avr8/avr8-gnu-toolchain/bin/../lib/gcc/avr/4.9.2/../../../../avr/lib/avr5\libm.a(addsf3.o) (__addsf3x)
f:/atmel/studio/7.0/toolchain/avr8/avr8-gnu-toolchain/bin/../lib/gcc/avr/4.9.2/../../../../avr/lib/avr5\libm.a(cmpsf2.o)
                              main.o (__ltsf2)
f:/atmel/studio/7.0/toolchain/avr8/avr8-gnu-toolchain/bin/../lib/gcc/avr/4.9.2/../../../../avr/lib/avr5\libm.a(divsf3.o)
                              main.o (__divsf3)
f:/atmel/studio/7.0/toolchain/avr8/avr8-gnu-toolchain/bin/../lib/gcc/avr/4.9.2/../../../../avr/lib/avr5\libm.a(divsf3x.o)
                              f:/atmel/studio/7.0/toolchain/avr8/avr8-gnu-toolchain/bin/../lib/gcc/avr/4.9.2/../../../../avr/lib/avr5\libm.a(divsf3.o) (__divsf3x)
f:/atmel/studio/7.0/toolchain/avr8/avr8-gnu-toolchain/bin/../lib/gcc/avr/4.9.2/../../../../avr/lib/avr5\libm.a(fixsfsi.o)
                              main.o (__fixsfsi)
f:/atmel/studio/7.0/toolchain/avr8/avr8-gnu-toolchain/bin/../lib/gcc/avr/4.9.2/../../../../avr/lib/avr5\libm.a(fixunssfsi.o)
                              F:\GPS_Project\COASolutions\ArduinoCore\Release\libArduinoCore.a(Print.o) (__fixunssfsi)
f:/atmel/studio/7.0/toolchain/avr8/avr8-gnu-toolchain/bin/../lib/gcc/avr/4.9.2/../../../../avr/lib/avr5\libm.a(floatsisf.o)
                              F:\GPS_Project\COASolutions\ArduinoCore\Release\libArduinoCore.a(Print.o) (__floatunsisf)
f:/atmel/studio/7.0/toolchain/avr8/avr8-gnu-toolchain/bin/../lib/gcc/avr/4.9.2/../../../../avr/lib/avr5\libm.a(fp_cmp.o)
                              f:/atmel/studio/7.0/toolchain/avr8/avr8-gnu-toolchain/bin/../lib/gcc/avr/4.9.2/../../../../avr/lib/avr5\libm.a(cmpsf2.o) (__fp_cmp)
f:/atmel/studio/7.0/toolchain/avr8/avr8-gnu-toolchain/bin/../lib/gcc/avr/4.9.2/../../../../avr/lib/avr5\libm.a(fp_inf.o)
                              f:/atmel/studio/7.0/toolchain/avr8/avr8-gnu-toolchain/bin/../lib/gcc/avr/4.9.2/../../../../avr/lib/avr5\libm.a(addsf3x.o) (__fp_inf)
f:/atmel/studio/7.0/toolchain/avr8/avr8-gnu-toolchain/bin/../lib/gcc/avr/4.9.2/../../../../avr/lib/avr5\libm.a(fp_nan.o)
                              f:/atmel/studio/7.0/toolchain/avr8/avr8-gnu-toolchain/bin/../lib/gcc/avr/4.9.2/../../../../avr/lib/avr5\libm.a(addsf3x.o) (__fp_nan)
f:/atmel/studio/7.0/toolchain/avr8/avr8-gnu-toolchain/bin/../lib/gcc/avr/4.9.2/../../../../avr/lib/avr5\libm.a(fp_pscA.o)
                              f:/atmel/studio/7.0/toolchain/avr8/avr8-gnu-toolchain/bin/../lib/gcc/avr/4.9.2/../../../../avr/lib/avr5\libm.a(addsf3x.o) (__fp_pscA)
f:/atmel/studio/7.0/toolchain/avr8/avr8-gnu-toolchain/bin/../lib/gcc/avr/4.9.2/../../../../avr/lib/avr5\libm.a(fp_pscB.o)
                              f:/atmel/studio/7.0/toolchain/avr8/avr8-gnu-toolchain/bin/../lib/gcc/avr/4.9.2/../../../../avr/lib/avr5\libm.a(addsf3x.o) (__fp_pscB)
f:/atmel/studio/7.0/toolchain/avr8/avr8-gnu-toolchain/bin/../lib/gcc/avr/4.9.2/../../../../avr/lib/avr5\libm.a(fp_round.o)
                              f:/atmel/studio/7.0/toolchain/avr8/avr8-gnu-toolchain/bin/../lib/gcc/avr/4.9.2/../../../../avr/lib/avr5\libm.a(addsf3.o) (__fp_round)
f:/atmel/studio/7.0/toolchain/avr8/avr8-gnu-toolchain/bin/../lib/gcc/avr/4.9.2/../../../../avr/lib/avr5\libm.a(fp_split3.o)
                              f:/atmel/studio/7.0/toolchain/avr8/avr8-gnu-toolchain/bin/../lib/gcc/avr/4.9.2/../../../../avr/lib/avr5\libm.a(addsf3x.o) (__fp_split3)
f:/atmel/studio/7.0/toolchain/avr8/avr8-gnu-toolchain/bin/../lib/gcc/avr/4.9.2/../../../../avr/lib/avr5\libm.a(fp_zero.o)
                              f:/atmel/studio/7.0/toolchain/avr8/avr8-gnu-toolchain/bin/../lib/gcc/avr/4.9.2/../../../../avr/lib/avr5\libm.a(addsf3x.o) (__fp_zero)
f:/atmel/studio/7.0/toolchain/avr8/avr8-gnu-toolchain/bin/../lib/gcc/avr/4.9.2/../../../../avr/lib/avr5\libm.a(gesf2.o)
                              main.o (__gtsf2)
f:/atmel/studio/7.0/toolchain/avr8/avr8-gnu-toolchain/bin/../lib/gcc/avr/4.9.2/../../../../avr/lib/avr5\libm.a(mulsf3.o)
                              F:\GPS_Project\COASolutions\ArduinoCore\Release\libArduinoCore.a(Print.o) (__mulsf3)
f:/atmel/studio/7.0/toolchain/avr8/avr8-gnu-toolchain/bin/../lib/gcc/avr/4.9.2/../../../../avr/lib/avr5\libm.a(mulsf3x.o)
                              f:/atmel/studio/7.0/toolchain/avr8/avr8-gnu-toolchain/bin/../lib/gcc/avr/4.9.2/../../../../avr/lib/avr5\libm.a(mulsf3.o) (__mulsf3x)
f:/atmel/studio/7.0/toolchain/avr8/avr8-gnu-toolchain/bin/../lib/gcc/avr/4.9.2/../../../../avr/lib/avr5\libm.a(unordsf2.o)
                              F:\GPS_Project\COASolutions\ArduinoCore\Release\libArduinoCore.a(Print.o) (__unordsf2)
f:/atmel/studio/7.0/toolchain/avr8/avr8-gnu-toolchain/bin/../lib/gcc/avr/4.9.2/../../../../avr/lib/avr5\libc.a(malloc.o)
                              F:\GPS_Project\COASolutions\NeoPixel\Release\libNeoPixel.a(NeoPixel.o) (malloc)
f:/atmel/studio/7.0/toolchain/avr8/avr8-gnu-toolchain/bin/../lib/gcc/avr/4.9.2/../../../../avr/lib/avr5\libc.a(abort.o)
                              F:\GPS_Project\COASolutions\ArduinoCore\Release\libArduinoCore.a(abi.o) (abort)
f:/atmel/studio/7.0/toolchain/avr8/avr8-gnu-toolchain/bin/../lib/gcc/avr/4.9.2/../../../../avr/lib/avr5\libc.a(memset.o)
                              F:\GPS_Project\COASolutions\NeoPixel\Release\libNeoPixel.a(NeoPixel.o) (memset)

Allocating common symbols
Common symbol       size              file

__brkval            0x2               f:/atmel/studio/7.0/toolchain/avr8/avr8-gnu-toolchain/bin/../lib/gcc/avr/4.9.2/../../../../avr/lib/avr5\libc.a(malloc.o)
__flp               0x2               f:/atmel/studio/7.0/toolchain/avr8/avr8-gnu-toolchain/bin/../lib/gcc/avr/4.9.2/../../../../avr/lib/avr5\libc.a(malloc.o)

Discarded input sections

 .data          0x00000000        0x0 F:/Atmel/Studio/7.0/Packs/atmel/ATmega_DFP/1.0.106/gcc/dev/atmega328p/avr5/crtatmega328p.o
 .bss           0x00000000        0x0 F:/Atmel/Studio/7.0/Packs/atmel/ATmega_DFP/1.0.106/gcc/dev/atmega328p/avr5/crtatmega328p.o
 .text          0x00000000        0x0 main.o
 .data          0x00000000        0x0 main.o
 .bss           0x00000000        0x0 main.o
 .text._Z9colorWipemh
                0x00000000       0x6a main.o
 .text._Z12theaterChasemh
                0x00000000       0xc6 main.o
 .text._Z5Wheelh
                0x00000000       0x3a main.o
 .text._Z7rainbowh
                0x00000000       0x76 main.o
 .text._Z12rainbowCycleh
                0x00000000       0x94 main.o
 .text._Z19theaterChaseRainbowh
                0x00000000       0xd6 main.o
 .group         0x00000000        0x8 F:\GPS_Project\COASolutions\ArduinoCore\Release\libArduinoCore.a(HardwareSerial.o)
 .text          0x00000000        0x0 F:\GPS_Project\COASolutions\ArduinoCore\Release\libArduinoCore.a(HardwareSerial.o)
 .data          0x00000000        0x0 F:\GPS_Project\COASolutions\ArduinoCore\Release\libArduinoCore.a(HardwareSerial.o)
 .bss           0x00000000        0x0 F:\GPS_Project\COASolutions\ArduinoCore\Release\libArduinoCore.a(HardwareSerial.o)
 .text._Z14serialEventRunv
                0x00000000       0x1c F:\GPS_Project\COASolutions\ArduinoCore\Release\libArduinoCore.a(HardwareSerial.o)
 .text._ZN14HardwareSerial3endEv
                0x00000000       0x44 F:\GPS_Project\COASolutions\ArduinoCore\Release\libArduinoCore.a(HardwareSerial.o)
 .text._ZN14HardwareSerial17availableForWriteEv
                0x00000000       0x24 F:\GPS_Project\COASolutions\ArduinoCore\Release\libArduinoCore.a(HardwareSerial.o)
 .text          0x00000000        0x0 F:\GPS_Project\COASolutions\ArduinoCore\Release\libArduinoCore.a(HardwareSerial0.o)
 .data          0x00000000        0x0 F:\GPS_Project\COASolutions\ArduinoCore\Release\libArduinoCore.a(HardwareSerial0.o)
 .bss           0x00000000        0x0 F:\GPS_Project\COASolutions\ArduinoCore\Release\libArduinoCore.a(HardwareSerial0.o)
 .text._Z17Serial0_availablev
                0x00000000       0x14 F:\GPS_Project\COASolutions\ArduinoCore\Release\libArduinoCore.a(HardwareSerial0.o)
 .group         0x00000000        0x8 F:\GPS_Project\COASolutions\ArduinoCore\Release\libArduinoCore.a(Print.o)
 .text          0x00000000        0x0 F:\GPS_Project\COASolutions\ArduinoCore\Release\libArduinoCore.a(Print.o)
 .data          0x00000000        0x0 F:\GPS_Project\COASolutions\ArduinoCore\Release\libArduinoCore.a(Print.o)
 .bss           0x00000000        0x0 F:\GPS_Project\COASolutions\ArduinoCore\Release\libArduinoCore.a(Print.o)
 .text._ZN5Print5printEPK19__FlashStringHelper
                0x00000000       0x56 F:\GPS_Project\COASolutions\ArduinoCore\Release\libArduinoCore.a(Print.o)
 .text._ZN5Print5printERK6String
                0x00000000       0x1c F:\GPS_Project\COASolutions\ArduinoCore\Release\libArduinoCore.a(Print.o)
 .text._ZN5Print5printEPKc
                0x00000000       0x2a F:\GPS_Project\COASolutions\ArduinoCore\Release\libArduinoCore.a(Print.o)
 .text._ZN5Print5printEc
                0x00000000        0xe F:\GPS_Project\COASolutions\ArduinoCore\Release\libArduinoCore.a(Print.o)
 .text._ZN5Print7printlnEPK19__FlashStringHelper
                0x00000000       0x34 F:\GPS_Project\COASolutions\ArduinoCore\Release\libArduinoCore.a(Print.o)
 .text._ZN5Print5printERK9Printable
                0x00000000       0x14 F:\GPS_Project\COASolutions\ArduinoCore\Release\libArduinoCore.a(Print.o)
 .text._ZN5Print7printlnEv
                0x00000000       0x16 F:\GPS_Project\COASolutions\ArduinoCore\Release\libArduinoCore.a(Print.o)
 .text._ZN5Print7printlnERK6String
                0x00000000       0x4a F:\GPS_Project\COASolutions\ArduinoCore\Release\libArduinoCore.a(Print.o)
 .text._ZN5Print7printlnEPKc
                0x00000000       0x58 F:\GPS_Project\COASolutions\ArduinoCore\Release\libArduinoCore.a(Print.o)
 .text._ZN5Print7printlnEc
                0x00000000       0x3c F:\GPS_Project\COASolutions\ArduinoCore\Release\libArduinoCore.a(Print.o)
 .text._ZN5Print7printlnERK9Printable
                0x00000000       0x42 F:\GPS_Project\COASolutions\ArduinoCore\Release\libArduinoCore.a(Print.o)
 .text._ZN5Print5printEii
                0x00000000        0xe F:\GPS_Project\COASolutions\ArduinoCore\Release\libArduinoCore.a(Print.o)
 .text._ZN5Print7printlnEli
                0x00000000       0x34 F:\GPS_Project\COASolutions\ArduinoCore\Release\libArduinoCore.a(Print.o)
 .text._ZN5Print5printEmi
                0x00000000       0x1a F:\GPS_Project\COASolutions\ArduinoCore\Release\libArduinoCore.a(Print.o)
 .text._ZN5Print5printEhi
                0x00000000        0xe F:\GPS_Project\COASolutions\ArduinoCore\Release\libArduinoCore.a(Print.o)
 .text._ZN5Print7printlnEhi
                0x00000000       0x3e F:\GPS_Project\COASolutions\ArduinoCore\Release\libArduinoCore.a(Print.o)
 .text._ZN5Print5printEji
                0x00000000        0xc F:\GPS_Project\COASolutions\ArduinoCore\Release\libArduinoCore.a(Print.o)
 .text._ZN5Print7printlnEji
                0x00000000       0x3c F:\GPS_Project\COASolutions\ArduinoCore\Release\libArduinoCore.a(Print.o)
 .text._ZN5Print7printlnEmi
                0x00000000       0x34 F:\GPS_Project\COASolutions\ArduinoCore\Release\libArduinoCore.a(Print.o)
 .text._ZN5Print10printFloatEdh
                0x00000000      0x248 F:\GPS_Project\COASolutions\ArduinoCore\Release\libArduinoCore.a(Print.o)
 .text._ZN5Print5printEdi
                0x00000000        0x4 F:\GPS_Project\COASolutions\ArduinoCore\Release\libArduinoCore.a(Print.o)
 .text._ZN5Print7printlnEdi
                0x00000000       0x34 F:\GPS_Project\COASolutions\ArduinoCore\Release\libArduinoCore.a(Print.o)
 .rodata._ZTV5Print
                0x00000000        0x8 F:\GPS_Project\COASolutions\ArduinoCore\Release\libArduinoCore.a(Print.o)
 .text          0x00000000        0x0 F:\GPS_Project\COASolutions\ArduinoCore\Release\libArduinoCore.a(wiring.o)
 .data          0x00000000        0x0 F:\GPS_Project\COASolutions\ArduinoCore\Release\libArduinoCore.a(wiring.o)
 .bss           0x00000000        0x0 F:\GPS_Project\COASolutions\ArduinoCore\Release\libArduinoCore.a(wiring.o)
 .text.delay    0x00000000       0x76 F:\GPS_Project\COASolutions\ArduinoCore\Release\libArduinoCore.a(wiring.o)
 .text.delayMicroseconds
                0x00000000       0x16 F:\GPS_Project\COASolutions\ArduinoCore\Release\libArduinoCore.a(wiring.o)
 .text          0x00000000        0x0 F:\GPS_Project\COASolutions\ArduinoCore\Release\libArduinoCore.a(abi.o)
 .data          0x00000000        0x0 F:\GPS_Project\COASolutions\ArduinoCore\Release\libArduinoCore.a(abi.o)
 .bss           0x00000000        0x0 F:\GPS_Project\COASolutions\ArduinoCore\Release\libArduinoCore.a(abi.o)
 .text.__cxa_pure_virtual
                0x00000000        0x4 F:\GPS_Project\COASolutions\ArduinoCore\Release\libArduinoCore.a(abi.o)
 .text.__cxa_deleted_virtual
                0x00000000        0x4 F:\GPS_Project\COASolutions\ArduinoCore\Release\libArduinoCore.a(abi.o)
 .debug_info    0x00000000       0x8e F:\GPS_Project\COASolutions\ArduinoCore\Release\libArduinoCore.a(abi.o)
 .debug_abbrev  0x00000000       0x5e F:\GPS_Project\COASolutions\ArduinoCore\Release\libArduinoCore.a(abi.o)
 .debug_aranges
                0x00000000       0x28 F:\GPS_Project\COASolutions\ArduinoCore\Release\libArduinoCore.a(abi.o)
 .debug_ranges  0x00000000       0x18 F:\GPS_Project\COASolutions\ArduinoCore\Release\libArduinoCore.a(abi.o)
 .debug_line    0x00000000       0x6d F:\GPS_Project\COASolutions\ArduinoCore\Release\libArduinoCore.a(abi.o)
 .debug_str     0x00000000      0x15e F:\GPS_Project\COASolutions\ArduinoCore\Release\libArduinoCore.a(abi.o)
 .comment       0x00000000       0x31 F:\GPS_Project\COASolutions\ArduinoCore\Release\libArduinoCore.a(abi.o)
 .debug_frame   0x00000000       0x34 F:\GPS_Project\COASolutions\ArduinoCore\Release\libArduinoCore.a(abi.o)
 .text          0x00000000        0x0 F:\GPS_Project\COASolutions\ArduinoCore\Release\libArduinoCore.a(hooks.o)
 .data          0x00000000        0x0 F:\GPS_Project\COASolutions\ArduinoCore\Release\libArduinoCore.a(hooks.o)
 .bss           0x00000000        0x0 F:\GPS_Project\COASolutions\ArduinoCore\Release\libArduinoCore.a(hooks.o)
 .text.__empty  0x00000000        0x2 F:\GPS_Project\COASolutions\ArduinoCore\Release\libArduinoCore.a(hooks.o)
 .debug_info    0x00000000       0x3e F:\GPS_Project\COASolutions\ArduinoCore\Release\libArduinoCore.a(hooks.o)
 .debug_abbrev  0x00000000       0x2a F:\GPS_Project\COASolutions\ArduinoCore\Release\libArduinoCore.a(hooks.o)
 .debug_aranges
                0x00000000       0x20 F:\GPS_Project\COASolutions\ArduinoCore\Release\libArduinoCore.a(hooks.o)
 .debug_ranges  0x00000000       0x10 F:\GPS_Project\COASolutions\ArduinoCore\Release\libArduinoCore.a(hooks.o)
 .debug_line    0x00000000       0x3a F:\GPS_Project\COASolutions\ArduinoCore\Release\libArduinoCore.a(hooks.o)
 .debug_str     0x00000000       0xee F:\GPS_Project\COASolutions\ArduinoCore\Release\libArduinoCore.a(hooks.o)
 .comment       0x00000000       0x31 F:\GPS_Project\COASolutions\ArduinoCore\Release\libArduinoCore.a(hooks.o)
 .debug_frame   0x00000000       0x24 F:\GPS_Project\COASolutions\ArduinoCore\Release\libArduinoCore.a(hooks.o)
 .text          0x00000000        0x0 F:\GPS_Project\COASolutions\NeoPixel\Release\libNeoPixel.a(NeoPixel.o)
 .data          0x00000000        0x0 F:\GPS_Project\COASolutions\NeoPixel\Release\libNeoPixel.a(NeoPixel.o)
 .bss           0x00000000        0x0 F:\GPS_Project\COASolutions\NeoPixel\Release\libNeoPixel.a(NeoPixel.o)
 .text._ZN17Adafruit_NeoPixel6setPinEh
                0x00000000       0x54 F:\GPS_Project\COASolutions\NeoPixel\Release\libNeoPixel.a(NeoPixel.o)
 .text._ZN17Adafruit_NeoPixel13setPixelColorEjhhh
                0x00000000       0x64 F:\GPS_Project\COASolutions\NeoPixel\Release\libNeoPixel.a(NeoPixel.o)
 .text._ZNK17Adafruit_NeoPixel13getPixelColorEj
                0x00000000       0x5e F:\GPS_Project\COASolutions\NeoPixel\Release\libNeoPixel.a(NeoPixel.o)
 .text._ZNK17Adafruit_NeoPixel9getPixelsEv
                0x00000000        0x8 F:\GPS_Project\COASolutions\NeoPixel\Release\libNeoPixel.a(NeoPixel.o)
 .text._ZNK17Adafruit_NeoPixel9numPixelsEv
                0x00000000        0x8 F:\GPS_Project\COASolutions\NeoPixel\Release\libNeoPixel.a(NeoPixel.o)
 .text          0x00000000        0x0 F:\GPS_Project\COASolutions\ArduinoCore\Release\libArduinoCore.a(wiring_digital.o)
 .data          0x00000000        0x0 F:\GPS_Project\COASolutions\ArduinoCore\Release\libArduinoCore.a(wiring_digital.o)
 .bss           0x00000000        0x0 F:\GPS_Project\COASolutions\ArduinoCore\Release\libArduinoCore.a(wiring_digital.o)
 .text.digitalRead
                0x00000000       0x60 F:\GPS_Project\COASolutions\ArduinoCore\Release\libArduinoCore.a(wiring_digital.o)
 .progmem.data.port_to_input_PGM
                0x00000000        0xa F:\GPS_Project\COASolutions\ArduinoCore\Release\libArduinoCore.a(wiring_digital.o)
 .text          0x00000000        0x0 f:/atmel/studio/7.0/toolchain/avr8/avr8-gnu-toolchain/bin/../lib/gcc/avr/4.9.2/avr5\libgcc.a(_udivmodhi4.o)
 .data          0x00000000        0x0 f:/atmel/studio/7.0/toolchain/avr8/avr8-gnu-toolchain/bin/../lib/gcc/avr/4.9.2/avr5\libgcc.a(_udivmodhi4.o)
 .bss           0x00000000        0x0 f:/atmel/studio/7.0/toolchain/avr8/avr8-gnu-toolchain/bin/../lib/gcc/avr/4.9.2/avr5\libgcc.a(_udivmodhi4.o)
 .text.libgcc.mul
                0x00000000        0x0 f:/atmel/studio/7.0/toolchain/avr8/avr8-gnu-toolchain/bin/../lib/gcc/avr/4.9.2/avr5\libgcc.a(_udivmodhi4.o)
 .text.libgcc   0x00000000        0x0 f:/atmel/studio/7.0/toolchain/avr8/avr8-gnu-toolchain/bin/../lib/gcc/avr/4.9.2/avr5\libgcc.a(_udivmodhi4.o)
 .text.libgcc.prologue
                0x00000000        0x0 f:/atmel/studio/7.0/toolchain/avr8/avr8-gnu-toolchain/bin/../lib/gcc/avr/4.9.2/avr5\libgcc.a(_udivmodhi4.o)
 .text.libgcc.builtins
                0x00000000        0x0 f:/atmel/studio/7.0/toolchain/avr8/avr8-gnu-toolchain/bin/../lib/gcc/avr/4.9.2/avr5\libgcc.a(_udivmodhi4.o)
 .text.libgcc.fmul
                0x00000000        0x0 f:/atmel/studio/7.0/toolchain/avr8/avr8-gnu-toolchain/bin/../lib/gcc/avr/4.9.2/avr5\libgcc.a(_udivmodhi4.o)
 .text.libgcc.fixed
                0x00000000        0x0 f:/atmel/studio/7.0/toolchain/avr8/avr8-gnu-toolchain/bin/../lib/gcc/avr/4.9.2/avr5\libgcc.a(_udivmodhi4.o)
 .text          0x00000000        0x0 f:/atmel/studio/7.0/toolchain/avr8/avr8-gnu-toolchain/bin/../lib/gcc/avr/4.9.2/avr5\libgcc.a(_udivmodsi4.o)
 .data          0x00000000        0x0 f:/atmel/studio/7.0/toolchain/avr8/avr8-gnu-toolchain/bin/../lib/gcc/avr/4.9.2/avr5\libgcc.a(_udivmodsi4.o)
 .bss           0x00000000        0x0 f:/atmel/studio/7.0/toolchain/avr8/avr8-gnu-toolchain/bin/../lib/gcc/avr/4.9.2/avr5\libgcc.a(_udivmodsi4.o)
 .text.libgcc.mul
                0x00000000        0x0 f:/atmel/studio/7.0/toolchain/avr8/avr8-gnu-toolchain/bin/../lib/gcc/avr/4.9.2/avr5\libgcc.a(_udivmodsi4.o)
 .text.libgcc   0x00000000        0x0 f:/atmel/studio/7.0/toolchain/avr8/avr8-gnu-toolchain/bin/../lib/gcc/avr/4.9.2/avr5\libgcc.a(_udivmodsi4.o)
 .text.libgcc.prologue
                0x00000000        0x0 f:/atmel/studio/7.0/toolchain/avr8/avr8-gnu-toolchain/bin/../lib/gcc/avr/4.9.2/avr5\libgcc.a(_udivmodsi4.o)
 .text.libgcc.builtins
                0x00000000        0x0 f:/atmel/studio/7.0/toolchain/avr8/avr8-gnu-toolchain/bin/../lib/gcc/avr/4.9.2/avr5\libgcc.a(_udivmodsi4.o)
 .text.libgcc.fmul
                0x00000000        0x0 f:/atmel/studio/7.0/toolchain/avr8/avr8-gnu-toolchain/bin/../lib/gcc/avr/4.9.2/avr5\libgcc.a(_udivmodsi4.o)
 .text.libgcc.fixed
                0x00000000        0x0 f:/atmel/studio/7.0/toolchain/avr8/avr8-gnu-toolchain/bin/../lib/gcc/avr/4.9.2/avr5\libgcc.a(_udivmodsi4.o)
 .text          0x00000000        0x0 f:/atmel/studio/7.0/toolchain/avr8/avr8-gnu-toolchain/bin/../lib/gcc/avr/4.9.2/avr5\libgcc.a(_divmodsi4.o)
 .data          0x00000000        0x0 f:/atmel/studio/7.0/toolchain/avr8/avr8-gnu-toolchain/bin/../lib/gcc/avr/4.9.2/avr5\libgcc.a(_divmodsi4.o)
 .bss           0x00000000        0x0 f:/atmel/studio/7.0/toolchain/avr8/avr8-gnu-toolchain/bin/../lib/gcc/avr/4.9.2/avr5\libgcc.a(_divmodsi4.o)
 .text.libgcc.mul
                0x00000000        0x0 f:/atmel/studio/7.0/toolchain/avr8/avr8-gnu-toolchain/bin/../lib/gcc/avr/4.9.2/avr5\libgcc.a(_divmodsi4.o)
 .text.libgcc   0x00000000        0x0 f:/atmel/studio/7.0/toolchain/avr8/avr8-gnu-toolchain/bin/../lib/gcc/avr/4.9.2/avr5\libgcc.a(_divmodsi4.o)
 .text.libgcc.prologue
                0x00000000        0x0 f:/atmel/studio/7.0/toolchain/avr8/avr8-gnu-toolchain/bin/../lib/gcc/avr/4.9.2/avr5\libgcc.a(_divmodsi4.o)
 .text.libgcc.builtins
                0x00000000        0x0 f:/atmel/studio/7.0/toolchain/avr8/avr8-gnu-toolchain/bin/../lib/gcc/avr/4.9.2/avr5\libgcc.a(_divmodsi4.o)
 .text.libgcc.fmul
                0x00000000        0x0 f:/atmel/studio/7.0/toolchain/avr8/avr8-gnu-toolchain/bin/../lib/gcc/avr/4.9.2/avr5\libgcc.a(_divmodsi4.o)
 .text.libgcc.fixed
                0x00000000        0x0 f:/atmel/studio/7.0/toolchain/avr8/avr8-gnu-toolchain/bin/../lib/gcc/avr/4.9.2/avr5\libgcc.a(_divmodsi4.o)
 .text          0x00000000        0x0 f:/atmel/studio/7.0/toolchain/avr8/avr8-gnu-toolchain/bin/../lib/gcc/avr/4.9.2/avr5\libgcc.a(_negsi2.o)
 .data          0x00000000        0x0 f:/atmel/studio/7.0/toolchain/avr8/avr8-gnu-toolchain/bin/../lib/gcc/avr/4.9.2/avr5\libgcc.a(_negsi2.o)
 .bss           0x00000000        0x0 f:/atmel/studio/7.0/toolchain/avr8/avr8-gnu-toolchain/bin/../lib/gcc/avr/4.9.2/avr5\libgcc.a(_negsi2.o)
 .text.libgcc.mul
                0x00000000        0x0 f:/atmel/studio/7.0/toolchain/avr8/avr8-gnu-toolchain/bin/../lib/gcc/avr/4.9.2/avr5\libgcc.a(_negsi2.o)
 .text.libgcc   0x00000000        0x0 f:/atmel/studio/7.0/toolchain/avr8/avr8-gnu-toolchain/bin/../lib/gcc/avr/4.9.2/avr5\libgcc.a(_negsi2.o)
 .text.libgcc.prologue
                0x00000000        0x0 f:/atmel/studio/7.0/toolchain/avr8/avr8-gnu-toolchain/bin/../lib/gcc/avr/4.9.2/avr5\libgcc.a(_negsi2.o)
 .text.libgcc.builtins
                0x00000000        0x0 f:/atmel/studio/7.0/toolchain/avr8/avr8-gnu-toolchain/bin/../lib/gcc/avr/4.9.2/avr5\libgcc.a(_negsi2.o)
 .text.libgcc.fmul
                0x00000000        0x0 f:/atmel/studio/7.0/toolchain/avr8/avr8-gnu-toolchain/bin/../lib/gcc/avr/4.9.2/avr5\libgcc.a(_negsi2.o)
 .text.libgcc.fixed
                0x00000000        0x0 f:/atmel/studio/7.0/toolchain/avr8/avr8-gnu-toolchain/bin/../lib/gcc/avr/4.9.2/avr5\libgcc.a(_negsi2.o)
 .text          0x00000000        0x0 f:/atmel/studio/7.0/toolchain/avr8/avr8-gnu-toolchain/bin/../lib/gcc/avr/4.9.2/avr5\libgcc.a(_exit.o)
 .data          0x00000000        0x0 f:/atmel/studio/7.0/toolchain/avr8/avr8-gnu-toolchain/bin/../lib/gcc/avr/4.9.2/avr5\libgcc.a(_exit.o)
 .bss           0x00000000        0x0 f:/atmel/studio/7.0/toolchain/avr8/avr8-gnu-toolchain/bin/../lib/gcc/avr/4.9.2/avr5\libgcc.a(_exit.o)
 .text.libgcc.mul
                0x00000000        0x0 f:/atmel/studio/7.0/toolchain/avr8/avr8-gnu-toolchain/bin/../lib/gcc/avr/4.9.2/avr5\libgcc.a(_exit.o)
 .text.libgcc.div
                0x00000000        0x0 f:/atmel/studio/7.0/toolchain/avr8/avr8-gnu-toolchain/bin/../lib/gcc/avr/4.9.2/avr5\libgcc.a(_exit.o)
 .text.libgcc   0x00000000        0x0 f:/atmel/studio/7.0/toolchain/avr8/avr8-gnu-toolchain/bin/../lib/gcc/avr/4.9.2/avr5\libgcc.a(_exit.o)
 .text.libgcc.prologue
                0x00000000        0x0 f:/atmel/studio/7.0/toolchain/avr8/avr8-gnu-toolchain/bin/../lib/gcc/avr/4.9.2/avr5\libgcc.a(_exit.o)
 .text.libgcc.builtins
                0x00000000        0x0 f:/atmel/studio/7.0/toolchain/avr8/avr8-gnu-toolchain/bin/../lib/gcc/avr/4.9.2/avr5\libgcc.a(_exit.o)
 .text.libgcc.fmul
                0x00000000        0x0 f:/atmel/studio/7.0/toolchain/avr8/avr8-gnu-toolchain/bin/../lib/gcc/avr/4.9.2/avr5\libgcc.a(_exit.o)
 .text.libgcc.fixed
                0x00000000        0x0 f:/atmel/studio/7.0/toolchain/avr8/avr8-gnu-toolchain/bin/../lib/gcc/avr/4.9.2/avr5\libgcc.a(_exit.o)
 .text          0x00000000        0x0 f:/atmel/studio/7.0/toolchain/avr8/avr8-gnu-toolchain/bin/../lib/gcc/avr/4.9.2/avr5\libgcc.a(_copy_data.o)
 .data          0x00000000        0x0 f:/atmel/studio/7.0/toolchain/avr8/avr8-gnu-toolchain/bin/../lib/gcc/avr/4.9.2/avr5\libgcc.a(_copy_data.o)
 .bss           0x00000000        0x0 f:/atmel/studio/7.0/toolchain/avr8/avr8-gnu-toolchain/bin/../lib/gcc/avr/4.9.2/avr5\libgcc.a(_copy_data.o)
 .text.libgcc.mul
                0x00000000        0x0 f:/atmel/studio/7.0/toolchain/avr8/avr8-gnu-toolchain/bin/../lib/gcc/avr/4.9.2/avr5\libgcc.a(_copy_data.o)
 .text.libgcc.div
                0x00000000        0x0 f:/atmel/studio/7.0/toolchain/avr8/avr8-gnu-toolchain/bin/../lib/gcc/avr/4.9.2/avr5\libgcc.a(_copy_data.o)
 .text.libgcc   0x00000000        0x0 f:/atmel/studio/7.0/toolchain/avr8/avr8-gnu-toolchain/bin/../lib/gcc/avr/4.9.2/avr5\libgcc.a(_copy_data.o)
 .text.libgcc.prologue
                0x00000000        0x0 f:/atmel/studio/7.0/toolchain/avr8/avr8-gnu-toolchain/bin/../lib/gcc/avr/4.9.2/avr5\libgcc.a(_copy_data.o)
 .text.libgcc.builtins
                0x00000000        0x0 f:/atmel/studio/7.0/toolchain/avr8/avr8-gnu-toolchain/bin/../lib/gcc/avr/4.9.2/avr5\libgcc.a(_copy_data.o)
 .text.libgcc.fmul
                0x00000000        0x0 f:/atmel/studio/7.0/toolchain/avr8/avr8-gnu-toolchain/bin/../lib/gcc/avr/4.9.2/avr5\libgcc.a(_copy_data.o)
 .text.libgcc.fixed
                0x00000000        0x0 f:/atmel/studio/7.0/toolchain/avr8/avr8-gnu-toolchain/bin/../lib/gcc/avr/4.9.2/avr5\libgcc.a(_copy_data.o)
 .text          0x00000000        0x0 f:/atmel/studio/7.0/toolchain/avr8/avr8-gnu-toolchain/bin/../lib/gcc/avr/4.9.2/avr5\libgcc.a(_clear_bss.o)
 .data          0x00000000        0x0 f:/atmel/studio/7.0/toolchain/avr8/avr8-gnu-toolchain/bin/../lib/gcc/avr/4.9.2/avr5\libgcc.a(_clear_bss.o)
 .bss           0x00000000        0x0 f:/atmel/studio/7.0/toolchain/avr8/avr8-gnu-toolchain/bin/../lib/gcc/avr/4.9.2/avr5\libgcc.a(_clear_bss.o)
 .text.libgcc.mul
                0x00000000        0x0 f:/atmel/studio/7.0/toolchain/avr8/avr8-gnu-toolchain/bin/../lib/gcc/avr/4.9.2/avr5\libgcc.a(_clear_bss.o)
 .text.libgcc.div
                0x00000000        0x0 f:/atmel/studio/7.0/toolchain/avr8/avr8-gnu-toolchain/bin/../lib/gcc/avr/4.9.2/avr5\libgcc.a(_clear_bss.o)
 .text.libgcc   0x00000000        0x0 f:/atmel/studio/7.0/toolchain/avr8/avr8-gnu-toolchain/bin/../lib/gcc/avr/4.9.2/avr5\libgcc.a(_clear_bss.o)
 .text.libgcc.prologue
                0x00000000        0x0 f:/atmel/studio/7.0/toolchain/avr8/avr8-gnu-toolchain/bin/../lib/gcc/avr/4.9.2/avr5\libgcc.a(_clear_bss.o)
 .text.libgcc.builtins
                0x00000000        0x0 f:/atmel/studio/7.0/toolchain/avr8/avr8-gnu-toolchain/bin/../lib/gcc/avr/4.9.2/avr5\libgcc.a(_clear_bss.o)
 .text.libgcc.fmul
                0x00000000        0x0 f:/atmel/studio/7.0/toolchain/avr8/avr8-gnu-toolchain/bin/../lib/gcc/avr/4.9.2/avr5\libgcc.a(_clear_bss.o)
 .text.libgcc.fixed
                0x00000000        0x0 f:/atmel/studio/7.0/toolchain/avr8/avr8-gnu-toolchain/bin/../lib/gcc/avr/4.9.2/avr5\libgcc.a(_clear_bss.o)
 .text          0x00000000        0x0 f:/atmel/studio/7.0/toolchain/avr8/avr8-gnu-toolchain/bin/../lib/gcc/avr/4.9.2/avr5\libgcc.a(_ctors.o)
 .data          0x00000000        0x0 f:/atmel/studio/7.0/toolchain/avr8/avr8-gnu-toolchain/bin/../lib/gcc/avr/4.9.2/avr5\libgcc.a(_ctors.o)
 .bss           0x00000000        0x0 f:/atmel/studio/7.0/toolchain/avr8/avr8-gnu-toolchain/bin/../lib/gcc/avr/4.9.2/avr5\libgcc.a(_ctors.o)
 .text.libgcc.mul
                0x00000000        0x0 f:/atmel/studio/7.0/toolchain/avr8/avr8-gnu-toolchain/bin/../lib/gcc/avr/4.9.2/avr5\libgcc.a(_ctors.o)
 .text.libgcc.div
                0x00000000        0x0 f:/atmel/studio/7.0/toolchain/avr8/avr8-gnu-toolchain/bin/../lib/gcc/avr/4.9.2/avr5\libgcc.a(_ctors.o)
 .text.libgcc   0x00000000        0x0 f:/atmel/studio/7.0/toolchain/avr8/avr8-gnu-toolchain/bin/../lib/gcc/avr/4.9.2/avr5\libgcc.a(_ctors.o)
 .text.libgcc.prologue
                0x00000000        0x0 f:/atmel/studio/7.0/toolchain/avr8/avr8-gnu-toolchain/bin/../lib/gcc/avr/4.9.2/avr5\libgcc.a(_ctors.o)
 .text.libgcc.builtins
                0x00000000        0x0 f:/atmel/studio/7.0/toolchain/avr8/avr8-gnu-toolchain/bin/../lib/gcc/avr/4.9.2/avr5\libgcc.a(_ctors.o)
 .text.libgcc.fmul
                0x00000000        0x0 f:/atmel/studio/7.0/toolchain/avr8/avr8-gnu-toolchain/bin/../lib/gcc/avr/4.9.2/avr5\libgcc.a(_ctors.o)
 .text.libgcc.fixed
                0x00000000        0x0 f:/atmel/studio/7.0/toolchain/avr8/avr8-gnu-toolchain/bin/../lib/gcc/avr/4.9.2/avr5\libgcc.a(_ctors.o)
 .text          0x00000000        0x0 f:/atmel/studio/7.0/toolchain/avr8/avr8-gnu-toolchain/bin/../lib/gcc/avr/4.9.2/avr5\libgcc.a(_dtors.o)
 .data          0x00000000        0x0 f:/atmel/studio/7.0/toolchain/avr8/avr8-gnu-toolchain/bin/../lib/gcc/avr/4.9.2/avr5\libgcc.a(_dtors.o)
 .bss           0x00000000        0x0 f:/atmel/studio/7.0/toolchain/avr8/avr8-gnu-toolchain/bin/../lib/gcc/avr/4.9.2/avr5\libgcc.a(_dtors.o)
 .text.libgcc.mul
                0x00000000        0x0 f:/atmel/studio/7.0/toolchain/avr8/avr8-gnu-toolchain/bin/../lib/gcc/avr/4.9.2/avr5\libgcc.a(_dtors.o)
 .text.libgcc.div
                0x00000000        0x0 f:/atmel/studio/7.0/toolchain/avr8/avr8-gnu-toolchain/bin/../lib/gcc/avr/4.9.2/avr5\libgcc.a(_dtors.o)
 .text.libgcc   0x00000000        0x0 f:/atmel/studio/7.0/toolchain/avr8/avr8-gnu-toolchain/bin/../lib/gcc/avr/4.9.2/avr5\libgcc.a(_dtors.o)
 .text.libgcc.prologue
                0x00000000        0x0 f:/atmel/studio/7.0/toolchain/avr8/avr8-gnu-toolchain/bin/../lib/gcc/avr/4.9.2/avr5\libgcc.a(_dtors.o)
 .text.libgcc.builtins
                0x00000000        0x0 f:/atmel/studio/7.0/toolchain/avr8/avr8-gnu-toolchain/bin/../lib/gcc/avr/4.9.2/avr5\libgcc.a(_dtors.o)
 .text.libgcc.fmul
                0x00000000        0x0 f:/atmel/studio/7.0/toolchain/avr8/avr8-gnu-toolchain/bin/../lib/gcc/avr/4.9.2/avr5\libgcc.a(_dtors.o)
 .text.libgcc.fixed
                0x00000000        0x0 f:/atmel/studio/7.0/toolchain/avr8/avr8-gnu-toolchain/bin/../lib/gcc/avr/4.9.2/avr5\libgcc.a(_dtors.o)
 .text          0x00000000        0x0 f:/atmel/studio/7.0/toolchain/avr8/avr8-gnu-toolchain/bin/../lib/gcc/avr/4.9.2/avr5\libgcc.a(_tablejump2.o)
 .data          0x00000000        0x0 f:/atmel/studio/7.0/toolchain/avr8/avr8-gnu-toolchain/bin/../lib/gcc/avr/4.9.2/avr5\libgcc.a(_tablejump2.o)
 .bss           0x00000000        0x0 f:/atmel/studio/7.0/toolchain/avr8/avr8-gnu-toolchain/bin/../lib/gcc/avr/4.9.2/avr5\libgcc.a(_tablejump2.o)
 .text.libgcc.mul
                0x00000000        0x0 f:/atmel/studio/7.0/toolchain/avr8/avr8-gnu-toolchain/bin/../lib/gcc/avr/4.9.2/avr5\libgcc.a(_tablejump2.o)
 .text.libgcc.div
                0x00000000        0x0 f:/atmel/studio/7.0/toolchain/avr8/avr8-gnu-toolchain/bin/../lib/gcc/avr/4.9.2/avr5\libgcc.a(_tablejump2.o)
 .text.libgcc.prologue
                0x00000000        0x0 f:/atmel/studio/7.0/toolchain/avr8/avr8-gnu-toolchain/bin/../lib/gcc/avr/4.9.2/avr5\libgcc.a(_tablejump2.o)
 .text.libgcc.builtins
                0x00000000        0x0 f:/atmel/studio/7.0/toolchain/avr8/avr8-gnu-toolchain/bin/../lib/gcc/avr/4.9.2/avr5\libgcc.a(_tablejump2.o)
 .text.libgcc.fmul
                0x00000000        0x0 f:/atmel/studio/7.0/toolchain/avr8/avr8-gnu-toolchain/bin/../lib/gcc/avr/4.9.2/avr5\libgcc.a(_tablejump2.o)
 .text.libgcc.fixed
                0x00000000        0x0 f:/atmel/studio/7.0/toolchain/avr8/avr8-gnu-toolchain/bin/../lib/gcc/avr/4.9.2/avr5\libgcc.a(_tablejump2.o)
 .text          0x00000000        0x0 f:/atmel/studio/7.0/toolchain/avr8/avr8-gnu-toolchain/bin/../lib/gcc/avr/4.9.2/../../../../avr/lib/avr5\libm.a(addsf3.o)
 .data          0x00000000        0x0 f:/atmel/studio/7.0/toolchain/avr8/avr8-gnu-toolchain/bin/../lib/gcc/avr/4.9.2/../../../../avr/lib/avr5\libm.a(addsf3.o)
 .bss           0x00000000        0x0 f:/atmel/studio/7.0/toolchain/avr8/avr8-gnu-toolchain/bin/../lib/gcc/avr/4.9.2/../../../../avr/lib/avr5\libm.a(addsf3.o)
 .text.avr-libc.fplib
                0x00000000        0xe f:/atmel/studio/7.0/toolchain/avr8/avr8-gnu-toolchain/bin/../lib/gcc/avr/4.9.2/../../../../avr/lib/avr5\libm.a(addsf3.o)
 .text          0x00000000        0x0 f:/atmel/studio/7.0/toolchain/avr8/avr8-gnu-toolchain/bin/../lib/gcc/avr/4.9.2/../../../../avr/lib/avr5\libm.a(addsf3x.o)
 .data          0x00000000        0x0 f:/atmel/studio/7.0/toolchain/avr8/avr8-gnu-toolchain/bin/../lib/gcc/avr/4.9.2/../../../../avr/lib/avr5\libm.a(addsf3x.o)
 .bss           0x00000000        0x0 f:/atmel/studio/7.0/toolchain/avr8/avr8-gnu-toolchain/bin/../lib/gcc/avr/4.9.2/../../../../avr/lib/avr5\libm.a(addsf3x.o)
 .text.avr-libc.fplib
                0x00000000       0xcc f:/atmel/studio/7.0/toolchain/avr8/avr8-gnu-toolchain/bin/../lib/gcc/avr/4.9.2/../../../../avr/lib/avr5\libm.a(addsf3x.o)
 .text          0x00000000        0x0 f:/atmel/studio/7.0/toolchain/avr8/avr8-gnu-toolchain/bin/../lib/gcc/avr/4.9.2/../../../../avr/lib/avr5\libm.a(cmpsf2.o)
 .data          0x00000000        0x0 f:/atmel/studio/7.0/toolchain/avr8/avr8-gnu-toolchain/bin/../lib/gcc/avr/4.9.2/../../../../avr/lib/avr5\libm.a(cmpsf2.o)
 .bss           0x00000000        0x0 f:/atmel/studio/7.0/toolchain/avr8/avr8-gnu-toolchain/bin/../lib/gcc/avr/4.9.2/../../../../avr/lib/avr5\libm.a(cmpsf2.o)
 .text          0x00000000        0x0 f:/atmel/studio/7.0/toolchain/avr8/avr8-gnu-toolchain/bin/../lib/gcc/avr/4.9.2/../../../../avr/lib/avr5\libm.a(divsf3.o)
 .data          0x00000000        0x0 f:/atmel/studio/7.0/toolchain/avr8/avr8-gnu-toolchain/bin/../lib/gcc/avr/4.9.2/../../../../avr/lib/avr5\libm.a(divsf3.o)
 .bss           0x00000000        0x0 f:/atmel/studio/7.0/toolchain/avr8/avr8-gnu-toolchain/bin/../lib/gcc/avr/4.9.2/../../../../avr/lib/avr5\libm.a(divsf3.o)
 .text          0x00000000        0x0 f:/atmel/studio/7.0/toolchain/avr8/avr8-gnu-toolchain/bin/../lib/gcc/avr/4.9.2/../../../../avr/lib/avr5\libm.a(divsf3x.o)
 .data          0x00000000        0x0 f:/atmel/studio/7.0/toolchain/avr8/avr8-gnu-toolchain/bin/../lib/gcc/avr/4.9.2/../../../../avr/lib/avr5\libm.a(divsf3x.o)
 .bss           0x00000000        0x0 f:/atmel/studio/7.0/toolchain/avr8/avr8-gnu-toolchain/bin/../lib/gcc/avr/4.9.2/../../../../avr/lib/avr5\libm.a(divsf3x.o)
 .text          0x00000000        0x0 f:/atmel/studio/7.0/toolchain/avr8/avr8-gnu-toolchain/bin/../lib/gcc/avr/4.9.2/../../../../avr/lib/avr5\libm.a(fixsfsi.o)
 .data          0x00000000        0x0 f:/atmel/studio/7.0/toolchain/avr8/avr8-gnu-toolchain/bin/../lib/gcc/avr/4.9.2/../../../../avr/lib/avr5\libm.a(fixsfsi.o)
 .bss           0x00000000        0x0 f:/atmel/studio/7.0/toolchain/avr8/avr8-gnu-toolchain/bin/../lib/gcc/avr/4.9.2/../../../../avr/lib/avr5\libm.a(fixsfsi.o)
 .text          0x00000000        0x0 f:/atmel/studio/7.0/toolchain/avr8/avr8-gnu-toolchain/bin/../lib/gcc/avr/4.9.2/../../../../avr/lib/avr5\libm.a(fixunssfsi.o)
 .data          0x00000000        0x0 f:/atmel/studio/7.0/toolchain/avr8/avr8-gnu-toolchain/bin/../lib/gcc/avr/4.9.2/../../../../avr/lib/avr5\libm.a(fixunssfsi.o)
 .bss           0x00000000        0x0 f:/atmel/studio/7.0/toolchain/avr8/avr8-gnu-toolchain/bin/../lib/gcc/avr/4.9.2/../../../../avr/lib/avr5\libm.a(fixunssfsi.o)
 .text          0x00000000        0x0 f:/atmel/studio/7.0/toolchain/avr8/avr8-gnu-toolchain/bin/../lib/gcc/avr/4.9.2/../../../../avr/lib/avr5\libm.a(floatsisf.o)
 .data          0x00000000        0x0 f:/atmel/studio/7.0/toolchain/avr8/avr8-gnu-toolchain/bin/../lib/gcc/avr/4.9.2/../../../../avr/lib/avr5\libm.a(floatsisf.o)
 .bss           0x00000000        0x0 f:/atmel/studio/7.0/toolchain/avr8/avr8-gnu-toolchain/bin/../lib/gcc/avr/4.9.2/../../../../avr/lib/avr5\libm.a(floatsisf.o)
 .text          0x00000000        0x0 f:/atmel/studio/7.0/toolchain/avr8/avr8-gnu-toolchain/bin/../lib/gcc/avr/4.9.2/../../../../avr/lib/avr5\libm.a(fp_cmp.o)
 .data          0x00000000        0x0 f:/atmel/studio/7.0/toolchain/avr8/avr8-gnu-toolchain/bin/../lib/gcc/avr/4.9.2/../../../../avr/lib/avr5\libm.a(fp_cmp.o)
 .bss           0x00000000        0x0 f:/atmel/studio/7.0/toolchain/avr8/avr8-gnu-toolchain/bin/../lib/gcc/avr/4.9.2/../../../../avr/lib/avr5\libm.a(fp_cmp.o)
 .text          0x00000000        0x0 f:/atmel/studio/7.0/toolchain/avr8/avr8-gnu-toolchain/bin/../lib/gcc/avr/4.9.2/../../../../avr/lib/avr5\libm.a(fp_inf.o)
 .data          0x00000000        0x0 f:/atmel/studio/7.0/toolchain/avr8/avr8-gnu-toolchain/bin/../lib/gcc/avr/4.9.2/../../../../avr/lib/avr5\libm.a(fp_inf.o)
 .bss           0x00000000        0x0 f:/atmel/studio/7.0/toolchain/avr8/avr8-gnu-toolchain/bin/../lib/gcc/avr/4.9.2/../../../../avr/lib/avr5\libm.a(fp_inf.o)
 .text          0x00000000        0x0 f:/atmel/studio/7.0/toolchain/avr8/avr8-gnu-toolchain/bin/../lib/gcc/avr/4.9.2/../../../../avr/lib/avr5\libm.a(fp_nan.o)
 .data          0x00000000        0x0 f:/atmel/studio/7.0/toolchain/avr8/avr8-gnu-toolchain/bin/../lib/gcc/avr/4.9.2/../../../../avr/lib/avr5\libm.a(fp_nan.o)
 .bss           0x00000000        0x0 f:/atmel/studio/7.0/toolchain/avr8/avr8-gnu-toolchain/bin/../lib/gcc/avr/4.9.2/../../../../avr/lib/avr5\libm.a(fp_nan.o)
 .text          0x00000000        0x0 f:/atmel/studio/7.0/toolchain/avr8/avr8-gnu-toolchain/bin/../lib/gcc/avr/4.9.2/../../../../avr/lib/avr5\libm.a(fp_pscA.o)
 .data          0x00000000        0x0 f:/atmel/studio/7.0/toolchain/avr8/avr8-gnu-toolchain/bin/../lib/gcc/avr/4.9.2/../../../../avr/lib/avr5\libm.a(fp_pscA.o)
 .bss           0x00000000        0x0 f:/atmel/studio/7.0/toolchain/avr8/avr8-gnu-toolchain/bin/../lib/gcc/avr/4.9.2/../../../../avr/lib/avr5\libm.a(fp_pscA.o)
 .text          0x00000000        0x0 f:/atmel/studio/7.0/toolchain/avr8/avr8-gnu-toolchain/bin/../lib/gcc/avr/4.9.2/../../../../avr/lib/avr5\libm.a(fp_pscB.o)
 .data          0x00000000        0x0 f:/atmel/studio/7.0/toolchain/avr8/avr8-gnu-toolchain/bin/../lib/gcc/avr/4.9.2/../../../../avr/lib/avr5\libm.a(fp_pscB.o)
 .bss           0x00000000        0x0 f:/atmel/studio/7.0/toolchain/avr8/avr8-gnu-toolchain/bin/../lib/gcc/avr/4.9.2/../../../../avr/lib/avr5\libm.a(fp_pscB.o)
 .text          0x00000000        0x0 f:/atmel/studio/7.0/toolchain/avr8/avr8-gnu-toolchain/bin/../lib/gcc/avr/4.9.2/../../../../avr/lib/avr5\libm.a(fp_round.o)
 .data          0x00000000        0x0 f:/atmel/studio/7.0/toolchain/avr8/avr8-gnu-toolchain/bin/../lib/gcc/avr/4.9.2/../../../../avr/lib/avr5\libm.a(fp_round.o)
 .bss           0x00000000        0x0 f:/atmel/studio/7.0/toolchain/avr8/avr8-gnu-toolchain/bin/../lib/gcc/avr/4.9.2/../../../../avr/lib/avr5\libm.a(fp_round.o)
 .text          0x00000000        0x0 f:/atmel/studio/7.0/toolchain/avr8/avr8-gnu-toolchain/bin/../lib/gcc/avr/4.9.2/../../../../avr/lib/avr5\libm.a(fp_split3.o)
 .data          0x00000000        0x0 f:/atmel/studio/7.0/toolchain/avr8/avr8-gnu-toolchain/bin/../lib/gcc/avr/4.9.2/../../../../avr/lib/avr5\libm.a(fp_split3.o)
 .bss           0x00000000        0x0 f:/atmel/studio/7.0/toolchain/avr8/avr8-gnu-toolchain/bin/../lib/gcc/avr/4.9.2/../../../../avr/lib/avr5\libm.a(fp_split3.o)
 .text          0x00000000        0x0 f:/atmel/studio/7.0/toolchain/avr8/avr8-gnu-toolchain/bin/../lib/gcc/avr/4.9.2/../../../../avr/lib/avr5\libm.a(fp_zero.o)
 .data          0x00000000        0x0 f:/atmel/studio/7.0/toolchain/avr8/avr8-gnu-toolchain/bin/../lib/gcc/avr/4.9.2/../../../../avr/lib/avr5\libm.a(fp_zero.o)
 .bss           0x00000000        0x0 f:/atmel/studio/7.0/toolchain/avr8/avr8-gnu-toolchain/bin/../lib/gcc/avr/4.9.2/../../../../avr/lib/avr5\libm.a(fp_zero.o)
 .text          0x00000000        0x0 f:/atmel/studio/7.0/toolchain/avr8/avr8-gnu-toolchain/bin/../lib/gcc/avr/4.9.2/../../../../avr/lib/avr5\libm.a(gesf2.o)
 .data          0x00000000        0x0 f:/atmel/studio/7.0/toolchain/avr8/avr8-gnu-toolchain/bin/../lib/gcc/avr/4.9.2/../../../../avr/lib/avr5\libm.a(gesf2.o)
 .bss           0x00000000        0x0 f:/atmel/studio/7.0/toolchain/avr8/avr8-gnu-toolchain/bin/../lib/gcc/avr/4.9.2/../../../../avr/lib/avr5\libm.a(gesf2.o)
 .text          0x00000000        0x0 f:/atmel/studio/7.0/toolchain/avr8/avr8-gnu-toolchain/bin/../lib/gcc/avr/4.9.2/../../../../avr/lib/avr5\libm.a(mulsf3.o)
 .data          0x00000000        0x0 f:/atmel/studio/7.0/toolchain/avr8/avr8-gnu-toolchain/bin/../lib/gcc/avr/4.9.2/../../../../avr/lib/avr5\libm.a(mulsf3.o)
 .bss           0x00000000        0x0 f:/atmel/studio/7.0/toolchain/avr8/avr8-gnu-toolchain/bin/../lib/gcc/avr/4.9.2/../../../../avr/lib/avr5\libm.a(mulsf3.o)
 .text.avr-libc.fplib
                0x00000000        0x8 f:/atmel/studio/7.0/toolchain/avr8/avr8-gnu-toolchain/bin/../lib/gcc/avr/4.9.2/../../../../avr/lib/avr5\libm.a(mulsf3.o)
 .text          0x00000000        0x0 f:/atmel/studio/7.0/toolchain/avr8/avr8-gnu-toolchain/bin/../lib/gcc/avr/4.9.2/../../../../avr/lib/avr5\libm.a(mulsf3x.o)
 .data          0x00000000        0x0 f:/atmel/studio/7.0/toolchain/avr8/avr8-gnu-toolchain/bin/../lib/gcc/avr/4.9.2/../../../../avr/lib/avr5\libm.a(mulsf3x.o)
 .bss           0x00000000        0x0 f:/atmel/studio/7.0/toolchain/avr8/avr8-gnu-toolchain/bin/../lib/gcc/avr/4.9.2/../../../../avr/lib/avr5\libm.a(mulsf3x.o)
 .text.avr-libc.fplib
                0x00000000       0xd2 f:/atmel/studio/7.0/toolchain/avr8/avr8-gnu-toolchain/bin/../lib/gcc/avr/4.9.2/../../../../avr/lib/avr5\libm.a(mulsf3x.o)
 .text          0x00000000        0x0 f:/atmel/studio/7.0/toolchain/avr8/avr8-gnu-toolchain/bin/../lib/gcc/avr/4.9.2/../../../../avr/lib/avr5\libm.a(unordsf2.o)
 .data          0x00000000        0x0 f:/atmel/studio/7.0/toolchain/avr8/avr8-gnu-toolchain/bin/../lib/gcc/avr/4.9.2/../../../../avr/lib/avr5\libm.a(unordsf2.o)
 .bss           0x00000000        0x0 f:/atmel/studio/7.0/toolchain/avr8/avr8-gnu-toolchain/bin/../lib/gcc/avr/4.9.2/../../../../avr/lib/avr5\libm.a(unordsf2.o)
 .text.avr-libc.fplib
                0x00000000        0xa f:/atmel/studio/7.0/toolchain/avr8/avr8-gnu-toolchain/bin/../lib/gcc/avr/4.9.2/../../../../avr/lib/avr5\libm.a(unordsf2.o)
 .text          0x00000000        0x0 f:/atmel/studio/7.0/toolchain/avr8/avr8-gnu-toolchain/bin/../lib/gcc/avr/4.9.2/../../../../avr/lib/avr5\libc.a(malloc.o)
 .bss           0x00000000        0x0 f:/atmel/studio/7.0/toolchain/avr8/avr8-gnu-toolchain/bin/../lib/gcc/avr/4.9.2/../../../../avr/lib/avr5\libc.a(malloc.o)
 .text          0x00000000        0x0 f:/atmel/studio/7.0/toolchain/avr8/avr8-gnu-toolchain/bin/../lib/gcc/avr/4.9.2/../../../../avr/lib/avr5\libc.a(abort.o)
 .data          0x00000000        0x0 f:/atmel/studio/7.0/toolchain/avr8/avr8-gnu-toolchain/bin/../lib/gcc/avr/4.9.2/../../../../avr/lib/avr5\libc.a(abort.o)
 .bss           0x00000000        0x0 f:/atmel/studio/7.0/toolchain/avr8/avr8-gnu-toolchain/bin/../lib/gcc/avr/4.9.2/../../../../avr/lib/avr5\libc.a(abort.o)
 .text.avr-libc
                0x00000000        0xa f:/atmel/studio/7.0/toolchain/avr8/avr8-gnu-toolchain/bin/../lib/gcc/avr/4.9.2/../../../../avr/lib/avr5\libc.a(abort.o)
 .text          0x00000000        0x0 f:/atmel/studio/7.0/toolchain/avr8/avr8-gnu-toolchain/bin/../lib/gcc/avr/4.9.2/../../../../avr/lib/avr5\libc.a(memset.o)
 .data          0x00000000        0x0 f:/atmel/studio/7.0/toolchain/avr8/avr8-gnu-toolchain/bin/../lib/gcc/avr/4.9.2/../../../../avr/lib/avr5\libc.a(memset.o)
 .bss           0x00000000        0x0 f:/atmel/studio/7.0/toolchain/avr8/avr8-gnu-toolchain/bin/../lib/gcc/avr/4.9.2/../../../../avr/lib/avr5\libc.a(memset.o)

Memory Configuration

Name             Origin             Length             Attributes
text             0x00000000         0x00020000         xr
data             0x00800060         0x0000ffa0         rw !x
eeprom           0x00810000         0x00010000         rw !x
fuse             0x00820000         0x00000400         rw !x
lock             0x00830000         0x00000400         rw !x
signature        0x00840000         0x00000400         rw !x
user_signatures  0x00850000         0x00000400         rw !x
*default*        0x00000000         0xffffffff

Linker script and memory map

Address of section .data set to 0x800100
LOAD F:/Atmel/Studio/7.0/Packs/atmel/ATmega_DFP/1.0.106/gcc/dev/atmega328p/avr5/crtatmega328p.o
LOAD main.o
START GROUP
LOAD F:\GPS_Project\COASolutions\ArduinoCore\Release\libArduinoCore.a
LOAD F:\GPS_Project\COASolutions\NeoPixel\Release\libNeoPixel.a
END GROUP
LOAD f:/atmel/studio/7.0/toolchain/avr8/avr8-gnu-toolchain/bin/../lib/gcc/avr/4.9.2/avr5\libgcc.a
LOAD f:/atmel/studio/7.0/toolchain/avr8/avr8-gnu-toolchain/bin/../lib/gcc/avr/4.9.2/../../../../avr/lib/avr5\libm.a
START GROUP
LOAD f:/atmel/studio/7.0/toolchain/avr8/avr8-gnu-toolchain/bin/../lib/gcc/avr/4.9.2/avr5\libgcc.a
LOAD f:/atmel/studio/7.0/toolchain/avr8/avr8-gnu-toolchain/bin/../lib/gcc/avr/4.9.2/../../../../avr/lib/avr5\libm.a
LOAD f:/atmel/studio/7.0/toolchain/avr8/avr8-gnu-toolchain/bin/../lib/gcc/avr/4.9.2/../../../../avr/lib/avr5\libc.a
LOAD F:/Atmel/Studio/7.0/Packs/atmel/ATmega_DFP/1.0.106/gcc/dev/atmega328p/avr5\libatmega328p.a
END GROUP
                0x00020000                __TEXT_REGION_LENGTH__ = DEFINED (__TEXT_REGION_LENGTH__)?__TEXT_REGION_LENGTH__:0x20000
                0x0000ffa0                __DATA_REGION_LENGTH__ = DEFINED (__DATA_REGION_LENGTH__)?__DATA_REGION_LENGTH__:0xffa0
                0x00010000                __EEPROM_REGION_LENGTH__ = DEFINED (__EEPROM_REGION_LENGTH__)?__EEPROM_REGION_LENGTH__:0x10000
                0x00000400                __FUSE_REGION_LENGTH__ = DEFINED (__FUSE_REGION_LENGTH__)?__FUSE_REGION_LENGTH__:0x400
                0x00000400                __LOCK_REGION_LENGTH__ = DEFINED (__LOCK_REGION_LENGTH__)?__LOCK_REGION_LENGTH__:0x400
                0x00000400                __SIGNATURE_REGION_LENGTH__ = DEFINED (__SIGNATURE_REGION_LENGTH__)?__SIGNATURE_REGION_LENGTH__:0x400
                0x00000400                __USER_SIGNATURE_REGION_LENGTH__ = DEFINED (__USER_SIGNATURE_REGION_LENGTH__)?__USER_SIGNATURE_REGION_LENGTH__:0x400

.hash
 *(.hash)

.dynsym
 *(.dynsym)

.dynstr
 *(.dynstr)

.gnu.version
 *(.gnu.version)

.gnu.version_d
 *(.gnu.version_d)

.gnu.version_r
 *(.gnu.version_r)

.rel.init
 *(.rel.init)

.rela.init
 *(.rela.init)

.rel.text
 *(.rel.text)
 *(.rel.text.*)
 *(.rel.gnu.linkonce.t*)

.rela.text
 *(.rela.text)
 *(.rela.text.*)
 *(.rela.gnu.linkonce.t*)

.rel.fini
 *(.rel.fini)

.rela.fini
 *(.rela.fini)

.rel.rodata
 *(.rel.rodata)
 *(.rel.rodata.*)
 *(.rel.gnu.linkonce.r*)

.rela.rodata
 *(.rela.rodata)
 *(.rela.rodata.*)
 *(.rela.gnu.linkonce.r*)

.rel.data
 *(.rel.data)
 *(.rel.data.*)
 *(.rel.gnu.linkonce.d*)

.rela.data
 *(.rela.data)
 *(.rela.data.*)
 *(.rela.gnu.linkonce.d*)

.rel.ctors
 *(.rel.ctors)

.rela.ctors
 *(.rela.ctors)

.rel.dtors
 *(.rel.dtors)

.rela.dtors
 *(.rela.dtors)

.rel.got
 *(.rel.got)

.rela.got
 *(.rela.got)

.rel.bss
 *(.rel.bss)

.rela.bss
 *(.rela.bss)

.rel.plt
 *(.rel.plt)

.rela.plt
 *(.rela.plt)

.text           0x00000000     0x1820
 *(.vectors)
 .vectors       0x00000000       0x68 F:/Atmel/Studio/7.0/Packs/atmel/ATmega_DFP/1.0.106/gcc/dev/atmega328p/avr5/crtatmega328p.o
                0x00000000                __vector_default
                0x00000000                __vectors
 *(.vectors)
 *(.progmem.gcc*)
                0x00000068                . = ALIGN (0x2)
                0x00000068                __trampolines_start = .
 *(.trampolines)
 .trampolines   0x00000068        0x0 linker stubs
 *(.trampolines*)
                0x00000068                __trampolines_end = .
 *(.progmem*)
 .progmem.data.digital_pin_to_timer_PGM
                0x00000068       0x14 F:\GPS_Project\COASolutions\ArduinoCore\Release\libArduinoCore.a(wiring_digital.o)
                0x00000068                digital_pin_to_timer_PGM
 .progmem.data.digital_pin_to_bit_mask_PGM
                0x0000007c       0x14 F:\GPS_Project\COASolutions\ArduinoCore\Release\libArduinoCore.a(wiring_digital.o)
                0x0000007c                digital_pin_to_bit_mask_PGM
 .progmem.data.digital_pin_to_port_PGM
                0x00000090       0x14 F:\GPS_Project\COASolutions\ArduinoCore\Release\libArduinoCore.a(wiring_digital.o)
                0x00000090                digital_pin_to_port_PGM
 .progmem.data.port_to_output_PGM
                0x000000a4        0xa F:\GPS_Project\COASolutions\ArduinoCore\Release\libArduinoCore.a(wiring_digital.o)
                0x000000a4                port_to_output_PGM
 .progmem.data.port_to_mode_PGM
                0x000000ae        0xa F:\GPS_Project\COASolutions\ArduinoCore\Release\libArduinoCore.a(wiring_digital.o)
                0x000000ae                port_to_mode_PGM
                0x000000b8                . = ALIGN (0x2)
 *(.jumptables)
 *(.jumptables*)
 *(.lowtext)
 *(.lowtext*)
                0x000000b8                __ctors_start = .
 *(.ctors)
 .ctors         0x000000b8        0x2 main.o
 .ctors         0x000000ba        0x2 F:\GPS_Project\COASolutions\ArduinoCore\Release\libArduinoCore.a(HardwareSerial0.o)
                0x000000bc                __ctors_end = .
                0x000000bc                __dtors_start = .
 *(.dtors)
 .dtors         0x000000bc        0x2 main.o
                0x000000be                __dtors_end = .
 SORT(*)(.ctors)
 SORT(*)(.dtors)
 *(.init0)
 .init0         0x000000be        0x0 F:/Atmel/Studio/7.0/Packs/atmel/ATmega_DFP/1.0.106/gcc/dev/atmega328p/avr5/crtatmega328p.o
                0x000000be                __init
 *(.init0)
 *(.init1)
 *(.init1)
 *(.init2)
 .init2         0x000000be        0xc F:/Atmel/Studio/7.0/Packs/atmel/ATmega_DFP/1.0.106/gcc/dev/atmega328p/avr5/crtatmega328p.o
 *(.init2)
 *(.init3)
 *(.init3)
 *(.init4)
 .init4         0x000000ca       0x16 f:/atmel/studio/7.0/toolchain/avr8/avr8-gnu-toolchain/bin/../lib/gcc/avr/4.9.2/avr5\libgcc.a(_copy_data.o)
                0x000000ca                __do_copy_data
 .init4         0x000000e0       0x10 f:/atmel/studio/7.0/toolchain/avr8/avr8-gnu-toolchain/bin/../lib/gcc/avr/4.9.2/avr5\libgcc.a(_clear_bss.o)
                0x000000e0                __do_clear_bss
 *(.init4)
 *(.init5)
 *(.init5)
 *(.init6)
 .init6         0x000000f0       0x16 f:/atmel/studio/7.0/toolchain/avr8/avr8-gnu-toolchain/bin/../lib/gcc/avr/4.9.2/avr5\libgcc.a(_ctors.o)
                0x000000f0                __do_global_ctors
 *(.init6)
 *(.init7)
 *(.init7)
 *(.init8)
 *(.init8)
 *(.init9)
 .init9         0x00000106        0x8 F:/Atmel/Studio/7.0/Packs/atmel/ATmega_DFP/1.0.106/gcc/dev/atmega328p/avr5/crtatmega328p.o
 *(.init9)
 *(.text)
 .text          0x0000010e        0x4 F:/Atmel/Studio/7.0/Packs/atmel/ATmega_DFP/1.0.106/gcc/dev/atmega328p/avr5/crtatmega328p.o
                0x0000010e                __vector_22
                0x0000010e                __vector_1
                0x0000010e                __vector_24
                0x0000010e                __vector_12
                0x0000010e                __bad_interrupt
                0x0000010e                __vector_6
                0x0000010e                __vector_3
                0x0000010e                __vector_23
                0x0000010e                __vector_25
                0x0000010e                __vector_11
                0x0000010e                __vector_13
                0x0000010e                __vector_17
                0x0000010e                __vector_7
                0x0000010e                __vector_5
                0x0000010e                __vector_4
                0x0000010e                __vector_9
                0x0000010e                __vector_2
                0x0000010e                __vector_21
                0x0000010e                __vector_15
                0x0000010e                __vector_8
                0x0000010e                __vector_14
                0x0000010e                __vector_10
                0x0000010e                __vector_20
                0x00000112                . = ALIGN (0x2)
 *(.text.*)
 .text._Z11setNeoPixelhff
                0x00000112      0x4ac main.o
                0x00000112                _Z11setNeoPixelhff
 .text.startup.main
                0x000005be       0x98 main.o
                0x000005be                main
 .text.startup._GLOBAL__sub_I_strip
                0x00000656       0x10 main.o
 .text.exit._GLOBAL__sub_D_strip
                0x00000666        0x8 main.o
 .text._ZN14HardwareSerial9availableEv
                0x0000066e       0x18 F:\GPS_Project\COASolutions\ArduinoCore\Release\libArduinoCore.a(HardwareSerial.o)
                0x0000066e                _ZN14HardwareSerial9availableEv
 .text._ZN14HardwareSerial4peekEv
                0x00000686       0x1c F:\GPS_Project\COASolutions\ArduinoCore\Release\libArduinoCore.a(HardwareSerial.o)
                0x00000686                _ZN14HardwareSerial4peekEv
 .text._ZN14HardwareSerial4readEv
                0x000006a2       0x28 F:\GPS_Project\COASolutions\ArduinoCore\Release\libArduinoCore.a(HardwareSerial.o)
                0x000006a2                _ZN14HardwareSerial4readEv
 .text._ZN14HardwareSerial17_tx_udr_empty_irqEv
                0x000006ca       0x42 F:\GPS_Project\COASolutions\ArduinoCore\Release\libArduinoCore.a(HardwareSerial.o)
                0x000006ca                _ZN14HardwareSerial17_tx_udr_empty_irqEv
 .text._ZN14HardwareSerial5flushEv
                0x0000070c       0x40 F:\GPS_Project\COASolutions\ArduinoCore\Release\libArduinoCore.a(HardwareSerial.o)
                0x0000070c                _ZN14HardwareSerial5flushEv
 .text._ZN14HardwareSerial5writeEh
                0x0000074c       0x96 F:\GPS_Project\COASolutions\ArduinoCore\Release\libArduinoCore.a(HardwareSerial.o)
                0x0000074c                _ZN14HardwareSerial5writeEh
 .text._ZN14HardwareSerial5beginEmh
                0x000007e2       0xd2 F:\GPS_Project\COASolutions\ArduinoCore\Release\libArduinoCore.a(HardwareSerial.o)
                0x000007e2                _ZN14HardwareSerial5beginEmh
 .text.__vector_18
                0x000008b4       0x64 F:\GPS_Project\COASolutions\ArduinoCore\Release\libArduinoCore.a(HardwareSerial0.o)
                0x000008b4                __vector_18
 .text.__vector_19
                0x00000918       0x4c F:\GPS_Project\COASolutions\ArduinoCore\Release\libArduinoCore.a(HardwareSerial0.o)
                0x00000918                __vector_19
 .text.startup._GLOBAL__sub_I___vector_18
                0x00000964       0x5a F:\GPS_Project\COASolutions\ArduinoCore\Release\libArduinoCore.a(HardwareSerial0.o)
 .text._ZN5Print5writeEPKhj
                0x000009be       0x5e F:\GPS_Project\COASolutions\ArduinoCore\Release\libArduinoCore.a(Print.o)
                0x000009be                _ZN5Print5writeEPKhj
 .text._ZN5Print11printNumberEmh
                0x00000a1c       0xe4 F:\GPS_Project\COASolutions\ArduinoCore\Release\libArduinoCore.a(Print.o)
                0x00000a1c                _ZN5Print11printNumberEmh
 .text._ZN5Print5printEli
                0x00000b00       0x9e F:\GPS_Project\COASolutions\ArduinoCore\Release\libArduinoCore.a(Print.o)
                0x00000b00                _ZN5Print5printEli
 .text._ZN5Print7printlnEii
                0x00000b9e       0x3e F:\GPS_Project\COASolutions\ArduinoCore\Release\libArduinoCore.a(Print.o)
                0x00000b9e                _ZN5Print7printlnEii
 .text.__vector_16
                0x00000bdc       0x94 F:\GPS_Project\COASolutions\ArduinoCore\Release\libArduinoCore.a(wiring.o)
                0x00000bdc                __vector_16
 .text.millis   0x00000c70       0x18 F:\GPS_Project\COASolutions\ArduinoCore\Release\libArduinoCore.a(wiring.o)
                0x00000c70                millis
 .text.micros   0x00000c88       0x4c F:\GPS_Project\COASolutions\ArduinoCore\Release\libArduinoCore.a(wiring.o)
                0x00000c88                micros
 .text.init     0x00000cd4       0x76 F:\GPS_Project\COASolutions\ArduinoCore\Release\libArduinoCore.a(wiring.o)
                0x00000cd4                init
 .text._ZN17Adafruit_NeoPixelC2Ejhh
                0x00000d4a       0x94 F:\GPS_Project\COASolutions\NeoPixel\Release\libNeoPixel.a(NeoPixel.o)
                0x00000d4a                _ZN17Adafruit_NeoPixelC2Ejhh
                0x00000d4a                _ZN17Adafruit_NeoPixelC1Ejhh
 .text._ZN17Adafruit_NeoPixelD2Ev
                0x00000dde       0x1e F:\GPS_Project\COASolutions\NeoPixel\Release\libNeoPixel.a(NeoPixel.o)
                0x00000dde                _ZN17Adafruit_NeoPixelD2Ev
                0x00000dde                _ZN17Adafruit_NeoPixelD1Ev
 .text._ZN17Adafruit_NeoPixel5beginEv
                0x00000dfc       0x1a F:\GPS_Project\COASolutions\NeoPixel\Release\libNeoPixel.a(NeoPixel.o)
                0x00000dfc                _ZN17Adafruit_NeoPixel5beginEv
 .text._ZN17Adafruit_NeoPixel4showEv
                0x00000e16      0x18a F:\GPS_Project\COASolutions\NeoPixel\Release\libNeoPixel.a(NeoPixel.o)
                0x00000e16                _ZN17Adafruit_NeoPixel4showEv
 .text._ZN17Adafruit_NeoPixel13setPixelColorEjm
                0x00000fa0       0x98 F:\GPS_Project\COASolutions\NeoPixel\Release\libNeoPixel.a(NeoPixel.o)
                0x00000fa0                _ZN17Adafruit_NeoPixel13setPixelColorEjm
 .text._ZN17Adafruit_NeoPixel5ColorEhhh
                0x00001038       0x1e F:\GPS_Project\COASolutions\NeoPixel\Release\libNeoPixel.a(NeoPixel.o)
                0x00001038                _ZN17Adafruit_NeoPixel5ColorEhhh
 .text._ZN17Adafruit_NeoPixel13setBrightnessEh
                0x00001056       0x82 F:\GPS_Project\COASolutions\NeoPixel\Release\libNeoPixel.a(NeoPixel.o)
                0x00001056                _ZN17Adafruit_NeoPixel13setBrightnessEh
 .text.turnOffPWM
                0x000010d8       0x5e F:\GPS_Project\COASolutions\ArduinoCore\Release\libArduinoCore.a(wiring_digital.o)
 .text.pinMode  0x00001136       0x82 F:\GPS_Project\COASolutions\ArduinoCore\Release\libArduinoCore.a(wiring_digital.o)
                0x00001136                pinMode
 .text.digitalWrite
                0x000011b8       0x68 F:\GPS_Project\COASolutions\ArduinoCore\Release\libArduinoCore.a(wiring_digital.o)
                0x000011b8                digitalWrite
 .text.libgcc.div
                0x00001220       0x28 f:/atmel/studio/7.0/toolchain/avr8/avr8-gnu-toolchain/bin/../lib/gcc/avr/4.9.2/avr5\libgcc.a(_udivmodhi4.o)
                0x00001220                __udivmodhi4
 .text.libgcc.div
                0x00001248       0x44 f:/atmel/studio/7.0/toolchain/avr8/avr8-gnu-toolchain/bin/../lib/gcc/avr/4.9.2/avr5\libgcc.a(_udivmodsi4.o)
                0x00001248                __udivmodsi4
 .text.libgcc.div
                0x0000128c       0x2e f:/atmel/studio/7.0/toolchain/avr8/avr8-gnu-toolchain/bin/../lib/gcc/avr/4.9.2/avr5\libgcc.a(_divmodsi4.o)
                0x0000128c                __divmodsi4
 .text.libgcc.div
                0x000012ba       0x10 f:/atmel/studio/7.0/toolchain/avr8/avr8-gnu-toolchain/bin/../lib/gcc/avr/4.9.2/avr5\libgcc.a(_negsi2.o)
                0x000012ba                __negsi2
 .text.libgcc   0x000012ca        0xc f:/atmel/studio/7.0/toolchain/avr8/avr8-gnu-toolchain/bin/../lib/gcc/avr/4.9.2/avr5\libgcc.a(_tablejump2.o)
                0x000012ca                __tablejump2__
 .text.avr-libc.fplib
                0x000012d6        0xa f:/atmel/studio/7.0/toolchain/avr8/avr8-gnu-toolchain/bin/../lib/gcc/avr/4.9.2/../../../../avr/lib/avr5\libm.a(cmpsf2.o)
                0x000012d6                __nesf2
                0x000012d6                __eqsf2
                0x000012d6                __cmpsf2
                0x000012d6                __ltsf2
                0x000012d6                __lesf2
 .text.avr-libc.fplib
                0x000012e0        0x8 f:/atmel/studio/7.0/toolchain/avr8/avr8-gnu-toolchain/bin/../lib/gcc/avr/4.9.2/../../../../avr/lib/avr5\libm.a(divsf3.o)
                0x000012e0                __divsf3
 .text.avr-libc.fplib
                0x000012e8       0xdc f:/atmel/studio/7.0/toolchain/avr8/avr8-gnu-toolchain/bin/../lib/gcc/avr/4.9.2/../../../../avr/lib/avr5\libm.a(divsf3x.o)
                0x00001308                __divsf3x
                0x0000130e                __divsf3_pse
 .text.avr-libc.fplib
                0x000013c4        0xe f:/atmel/studio/7.0/toolchain/avr8/avr8-gnu-toolchain/bin/../lib/gcc/avr/4.9.2/../../../../avr/lib/avr5\libm.a(fixsfsi.o)
                0x000013c4                __fixsfsi
 .text.avr-libc.fplib
                0x000013d2       0x5e f:/atmel/studio/7.0/toolchain/avr8/avr8-gnu-toolchain/bin/../lib/gcc/avr/4.9.2/../../../../avr/lib/avr5\libm.a(fixunssfsi.o)
                0x000013d2                __fixunssfsi
 .text.avr-libc.fplib
                0x00001430       0x7a f:/atmel/studio/7.0/toolchain/avr8/avr8-gnu-toolchain/bin/../lib/gcc/avr/4.9.2/../../../../avr/lib/avr5\libm.a(floatsisf.o)
                0x00001430                __floatunsisf
                0x00001434                __floatsisf
 .text.avr-libc.fplib
                0x000014aa       0x48 f:/atmel/studio/7.0/toolchain/avr8/avr8-gnu-toolchain/bin/../lib/gcc/avr/4.9.2/../../../../avr/lib/avr5\libm.a(fp_cmp.o)
                0x000014aa                __fp_cmp
 .text.avr-libc.fplib
                0x000014f2        0xc f:/atmel/studio/7.0/toolchain/avr8/avr8-gnu-toolchain/bin/../lib/gcc/avr/4.9.2/../../../../avr/lib/avr5\libm.a(fp_inf.o)
                0x000014f2                __fp_inf
 .text.avr-libc.fplib
                0x000014fe        0x6 f:/atmel/studio/7.0/toolchain/avr8/avr8-gnu-toolchain/bin/../lib/gcc/avr/4.9.2/../../../../avr/lib/avr5\libm.a(fp_nan.o)
                0x000014fe                __fp_nan
 .text.avr-libc.fplib
                0x00001504        0xe f:/atmel/studio/7.0/toolchain/avr8/avr8-gnu-toolchain/bin/../lib/gcc/avr/4.9.2/../../../../avr/lib/avr5\libm.a(fp_pscA.o)
                0x00001504                __fp_pscA
 .text.avr-libc.fplib
                0x00001512        0xe f:/atmel/studio/7.0/toolchain/avr8/avr8-gnu-toolchain/bin/../lib/gcc/avr/4.9.2/../../../../avr/lib/avr5\libm.a(fp_pscB.o)
                0x00001512                __fp_pscB
 .text.avr-libc.fplib
                0x00001520       0x22 f:/atmel/studio/7.0/toolchain/avr8/avr8-gnu-toolchain/bin/../lib/gcc/avr/4.9.2/../../../../avr/lib/avr5\libm.a(fp_round.o)
                0x00001520                __fp_round
 .text.avr-libc.fplib
                0x00001542       0x44 f:/atmel/studio/7.0/toolchain/avr8/avr8-gnu-toolchain/bin/../lib/gcc/avr/4.9.2/../../../../avr/lib/avr5\libm.a(fp_split3.o)
                0x00001542                __fp_split3
                0x00001552                __fp_splitA
 .text.avr-libc.fplib
                0x00001586        0xe f:/atmel/studio/7.0/toolchain/avr8/avr8-gnu-toolchain/bin/../lib/gcc/avr/4.9.2/../../../../avr/lib/avr5\libm.a(fp_zero.o)
                0x00001586                __fp_zero
                0x00001588                __fp_szero
 .text.avr-libc.fplib
                0x00001594        0xa f:/atmel/studio/7.0/toolchain/avr8/avr8-gnu-toolchain/bin/../lib/gcc/avr/4.9.2/../../../../avr/lib/avr5\libm.a(gesf2.o)
                0x00001594                __gesf2
                0x00001594                __gtsf2
 .text.avr-libc
                0x0000159e      0x25a f:/atmel/studio/7.0/toolchain/avr8/avr8-gnu-toolchain/bin/../lib/gcc/avr/4.9.2/../../../../avr/lib/avr5\libc.a(malloc.o)
                0x0000159e                malloc
                0x000016c8                free
 .text.avr-libc
                0x000017f8        0xe f:/atmel/studio/7.0/toolchain/avr8/avr8-gnu-toolchain/bin/../lib/gcc/avr/4.9.2/../../../../avr/lib/avr5\libc.a(memset.o)
                0x000017f8                memset
                0x00001806                . = ALIGN (0x2)
 *(.fini9)
 .fini9         0x00001806        0x0 f:/atmel/studio/7.0/toolchain/avr8/avr8-gnu-toolchain/bin/../lib/gcc/avr/4.9.2/avr5\libgcc.a(_exit.o)
                0x00001806                _exit
                0x00001806                exit
 *(.fini9)
 *(.fini8)
 *(.fini8)
 *(.fini7)
 *(.fini7)
 *(.fini6)
 .fini6         0x00001806       0x16 f:/atmel/studio/7.0/toolchain/avr8/avr8-gnu-toolchain/bin/../lib/gcc/avr/4.9.2/avr5\libgcc.a(_dtors.o)
                0x00001806                __do_global_dtors
 *(.fini6)
 *(.fini5)
 *(.fini5)
 *(.fini4)
 *(.fini4)
 *(.fini3)
 *(.fini3)
 *(.fini2)
 *(.fini2)
 *(.fini1)
 *(.fini1)
 *(.fini0)
 .fini0         0x0000181c        0x4 f:/atmel/studio/7.0/toolchain/avr8/avr8-gnu-toolchain/bin/../lib/gcc/avr/4.9.2/avr5\libgcc.a(_exit.o)
 *(.fini0)
                0x00001820                _etext = .

.data           0x00800100       0x28 load address 0x00001820
                0x00800100                PROVIDE (__data_start, .)
 *(.data)
 .data          0x00800100        0x6 f:/atmel/studio/7.0/toolchain/avr8/avr8-gnu-toolchain/bin/../lib/gcc/avr/4.9.2/../../../../avr/lib/avr5\libc.a(malloc.o)
                0x00800100                __malloc_heap_end
                0x00800102                __malloc_heap_start
                0x00800104                __malloc_margin
 *(.data*)
 *(.rodata)
 *(.rodata*)
 .rodata._ZTV14HardwareSerial
                0x00800106       0x10 F:\GPS_Project\COASolutions\ArduinoCore\Release\libArduinoCore.a(HardwareSerial.o)
                0x00800106                _ZTV14HardwareSerial
 .rodata.str1.1
                0x00800116       0x11 F:\GPS_Project\COASolutions\ArduinoCore\Release\libArduinoCore.a(Print.o)
 *(.gnu.linkonce.d*)
                0x00800128                . = ALIGN (0x2)
 *fill*         0x00800127        0x1 
                0x00800128                _edata = .
                0x00800128                PROVIDE (__data_end, .)

.bss            0x00800128       0xfd
                0x00800128                PROVIDE (__bss_start, .)
 *(.bss)
 *(.bss*)
 .bss.strip     0x00800128       0x13 main.o
                0x00800128                strip
 .bss.Serial    0x0080013b       0xdd F:\GPS_Project\COASolutions\ArduinoCore\Release\libArduinoCore.a(HardwareSerial0.o)
                0x0080013b                Serial
 .bss.timer0_fract
                0x00800218        0x1 F:\GPS_Project\COASolutions\ArduinoCore\Release\libArduinoCore.a(wiring.o)
 .bss.timer0_millis
                0x00800219        0x4 F:\GPS_Project\COASolutions\ArduinoCore\Release\libArduinoCore.a(wiring.o)
                0x00800219                timer0_millis
 .bss.timer0_overflow_count
                0x0080021d        0x4 F:\GPS_Project\COASolutions\ArduinoCore\Release\libArduinoCore.a(wiring.o)
                0x0080021d                timer0_overflow_count
 *(COMMON)
 COMMON         0x00800221        0x4 f:/atmel/studio/7.0/toolchain/avr8/avr8-gnu-toolchain/bin/../lib/gcc/avr/4.9.2/../../../../avr/lib/avr5\libc.a(malloc.o)
                0x00800221                __brkval
                0x00800223                __flp
                0x00800225                PROVIDE (__bss_end, .)
                0x00001820                __data_load_start = LOADADDR (.data)
                0x00001848                __data_load_end = (__data_load_start + SIZEOF (.data))

.noinit         0x00800225        0x0
                [!provide]                PROVIDE (__noinit_start, .)
 *(.noinit*)
                [!provide]                PROVIDE (__noinit_end, .)
                0x00800225                _end = .
                0x00800225                PROVIDE (__heap_start, .)

.eeprom         0x00810000        0x0
 *(.eeprom*)
                0x00810000                __eeprom_end = .

.fuse
 *(.fuse)
 *(.lfuse)
 *(.hfuse)
 *(.efuse)

.lock
 *(.lock*)

.signature
 *(.signature*)

.user_signatures
 *(.user_signatures*)

.stab
 *(.stab)

.stabstr
 *(.stabstr)

.stab.excl
 *(.stab.excl)

.stab.exclstr
 *(.stab.exclstr)

.stab.index
 *(.stab.index)

.stab.indexstr
 *(.stab.indexstr)

.comment        0x00000000       0x30
 *(.comment)
 .comment       0x00000000       0x30 main.o
                                 0x31 (size before relaxing)
 .comment       0x00000030       0x31 F:\GPS_Project\COASolutions\ArduinoCore\Release\libArduinoCore.a(HardwareSerial.o)
 .comment       0x00000030       0x31 F:\GPS_Project\COASolutions\ArduinoCore\Release\libArduinoCore.a(HardwareSerial0.o)
 .comment       0x00000030       0x31 F:\GPS_Project\COASolutions\ArduinoCore\Release\libArduinoCore.a(Print.o)
 .comment       0x00000030       0x31 F:\GPS_Project\COASolutions\ArduinoCore\Release\libArduinoCore.a(wiring.o)
 .comment       0x00000030       0x31 F:\GPS_Project\COASolutions\NeoPixel\Release\libNeoPixel.a(NeoPixel.o)
 .comment       0x00000030       0x31 F:\GPS_Project\COASolutions\ArduinoCore\Release\libArduinoCore.a(wiring_digital.o)
 .comment       0x00000030       0x31 f:/atmel/studio/7.0/toolchain/avr8/avr8-gnu-toolchain/bin/../lib/gcc/avr/4.9.2/../../../../avr/lib/avr5\libc.a(malloc.o)

.note.gnu.avr.deviceinfo
                0x00000000       0x40
 .note.gnu.avr.deviceinfo
                0x00000000       0x40 F:/Atmel/Studio/7.0/Packs/atmel/ATmega_DFP/1.0.106/gcc/dev/atmega328p/avr5/crtatmega328p.o

.note.gnu.build-id
 *(.note.gnu.build-id)

.debug
 *(.debug)

.line
 *(.line)

.debug_srcinfo
 *(.debug_srcinfo)

.debug_sfnames
 *(.debug_sfnames)

.debug_aranges  0x00000000      0x280
 *(.debug_aranges)
 .debug_aranges
                0x00000000       0x68 F:\GPS_Project\COASolutions\ArduinoCore\Release\libArduinoCore.a(HardwareSerial.o)
 .debug_aranges
                0x00000068       0x38 F:\GPS_Project\COASolutions\ArduinoCore\Release\libArduinoCore.a(HardwareSerial0.o)
 .debug_aranges
                0x000000a0       0xe8 F:\GPS_Project\COASolutions\ArduinoCore\Release\libArduinoCore.a(Print.o)
 .debug_aranges
                0x00000188       0x48 F:\GPS_Project\COASolutions\ArduinoCore\Release\libArduinoCore.a(wiring.o)
 .debug_aranges
                0x000001d0       0x78 F:\GPS_Project\COASolutions\NeoPixel\Release\libNeoPixel.a(NeoPixel.o)
 .debug_aranges
                0x00000248       0x38 F:\GPS_Project\COASolutions\ArduinoCore\Release\libArduinoCore.a(wiring_digital.o)

.debug_pubnames
 *(.debug_pubnames)

.debug_info     0x00000000     0x7442
 *(.debug_info .gnu.linkonce.wi.*)
 .debug_info    0x00000000     0x1b99 F:\GPS_Project\COASolutions\ArduinoCore\Release\libArduinoCore.a(HardwareSerial.o)
 .debug_info    0x00001b99     0x17a8 F:\GPS_Project\COASolutions\ArduinoCore\Release\libArduinoCore.a(HardwareSerial0.o)
 .debug_info    0x00003341     0x2cca F:\GPS_Project\COASolutions\ArduinoCore\Release\libArduinoCore.a(Print.o)
 .debug_info    0x0000600b      0x2c8 F:\GPS_Project\COASolutions\ArduinoCore\Release\libArduinoCore.a(wiring.o)
 .debug_info    0x000062d3      0xb78 F:\GPS_Project\COASolutions\NeoPixel\Release\libNeoPixel.a(NeoPixel.o)
 .debug_info    0x00006e4b      0x5f7 F:\GPS_Project\COASolutions\ArduinoCore\Release\libArduinoCore.a(wiring_digital.o)

.debug_abbrev   0x00000000     0x1245
 *(.debug_abbrev)
 .debug_abbrev  0x00000000      0x451 F:\GPS_Project\COASolutions\ArduinoCore\Release\libArduinoCore.a(HardwareSerial.o)
 .debug_abbrev  0x00000451      0x3a1 F:\GPS_Project\COASolutions\ArduinoCore\Release\libArduinoCore.a(HardwareSerial0.o)
 .debug_abbrev  0x000007f2      0x454 F:\GPS_Project\COASolutions\ArduinoCore\Release\libArduinoCore.a(Print.o)
 .debug_abbrev  0x00000c46      0x145 F:\GPS_Project\COASolutions\ArduinoCore\Release\libArduinoCore.a(wiring.o)
 .debug_abbrev  0x00000d8b      0x350 F:\GPS_Project\COASolutions\NeoPixel\Release\libNeoPixel.a(NeoPixel.o)
 .debug_abbrev  0x000010db      0x16a F:\GPS_Project\COASolutions\ArduinoCore\Release\libArduinoCore.a(wiring_digital.o)

.debug_line     0x00000000     0x1417
 *(.debug_line .debug_line.* .debug_line_end)
 .debug_line    0x00000000      0x39b F:\GPS_Project\COASolutions\ArduinoCore\Release\libArduinoCore.a(HardwareSerial.o)
 .debug_line    0x0000039b      0x1d3 F:\GPS_Project\COASolutions\ArduinoCore\Release\libArduinoCore.a(HardwareSerial0.o)
 .debug_line    0x0000056e      0x606 F:\GPS_Project\COASolutions\ArduinoCore\Release\libArduinoCore.a(Print.o)
 .debug_line    0x00000b74      0x21a F:\GPS_Project\COASolutions\ArduinoCore\Release\libArduinoCore.a(wiring.o)
 .debug_line    0x00000d8e      0x48c F:\GPS_Project\COASolutions\NeoPixel\Release\libNeoPixel.a(NeoPixel.o)
 .debug_line    0x0000121a      0x1fd F:\GPS_Project\COASolutions\ArduinoCore\Release\libArduinoCore.a(wiring_digital.o)

.debug_frame    0x00000000      0x860
 *(.debug_frame)
 .debug_frame   0x00000000      0x11c F:\GPS_Project\COASolutions\ArduinoCore\Release\libArduinoCore.a(HardwareSerial.o)
 .debug_frame   0x0000011c       0xc0 F:\GPS_Project\COASolutions\ArduinoCore\Release\libArduinoCore.a(HardwareSerial0.o)
 .debug_frame   0x000001dc      0x394 F:\GPS_Project\COASolutions\ArduinoCore\Release\libArduinoCore.a(Print.o)
 .debug_frame   0x00000570       0xc4 F:\GPS_Project\COASolutions\ArduinoCore\Release\libArduinoCore.a(wiring.o)
 .debug_frame   0x00000634      0x1b0 F:\GPS_Project\COASolutions\NeoPixel\Release\libNeoPixel.a(NeoPixel.o)
 .debug_frame   0x000007e4       0x7c F:\GPS_Project\COASolutions\ArduinoCore\Release\libArduinoCore.a(wiring_digital.o)

.debug_str      0x00000000     0x1b79
 *(.debug_str)
 .debug_str     0x00000000     0x118c F:\GPS_Project\COASolutions\ArduinoCore\Release\libArduinoCore.a(HardwareSerial.o)
                               0x1220 (size before relaxing)
 .debug_str     0x0000118c       0x84 F:\GPS_Project\COASolutions\ArduinoCore\Release\libArduinoCore.a(HardwareSerial0.o)
                               0x1020 (size before relaxing)
 .debug_str     0x00001210      0x3b4 F:\GPS_Project\COASolutions\ArduinoCore\Release\libArduinoCore.a(Print.o)
                                0xe99 (size before relaxing)
 .debug_str     0x000015c4      0x136 F:\GPS_Project\COASolutions\ArduinoCore\Release\libArduinoCore.a(wiring.o)
                                0x1f9 (size before relaxing)
 .debug_str     0x000016fa      0x40b F:\GPS_Project\COASolutions\NeoPixel\Release\libNeoPixel.a(NeoPixel.o)
                                0x542 (size before relaxing)
 .debug_str     0x00001b05       0x74 F:\GPS_Project\COASolutions\ArduinoCore\Release\libArduinoCore.a(wiring_digital.o)
                                0x25e (size before relaxing)

.debug_loc      0x00000000     0x3ef1
 *(.debug_loc)
 .debug_loc     0x00000000      0x4f5 F:\GPS_Project\COASolutions\ArduinoCore\Release\libArduinoCore.a(HardwareSerial.o)
 .debug_loc     0x000004f5      0x161 F:\GPS_Project\COASolutions\ArduinoCore\Release\libArduinoCore.a(HardwareSerial0.o)
 .debug_loc     0x00000656     0x2487 F:\GPS_Project\COASolutions\ArduinoCore\Release\libArduinoCore.a(Print.o)
 .debug_loc     0x00002add      0x274 F:\GPS_Project\COASolutions\ArduinoCore\Release\libArduinoCore.a(wiring.o)
 .debug_loc     0x00002d51      0xac8 F:\GPS_Project\COASolutions\NeoPixel\Release\libNeoPixel.a(NeoPixel.o)
 .debug_loc     0x00003819      0x6d8 F:\GPS_Project\COASolutions\ArduinoCore\Release\libArduinoCore.a(wiring_digital.o)

.debug_macinfo
 *(.debug_macinfo)

.debug_weaknames
 *(.debug_weaknames)

.debug_funcnames
 *(.debug_funcnames)

.debug_typenames
 *(.debug_typenames)

.debug_varnames
 *(.debug_varnames)

.debug_pubtypes
 *(.debug_pubtypes)

.debug_ranges   0x00000000      0x3c8
 *(.debug_ranges)
 .debug_ranges  0x00000000       0xa0 F:\GPS_Project\COASolutions\ArduinoCore\Release\libArduinoCore.a(HardwareSerial.o)
 .debug_ranges  0x000000a0       0x58 F:\GPS_Project\COASolutions\ArduinoCore\Release\libArduinoCore.a(HardwareSerial0.o)
 .debug_ranges  0x000000f8      0x208 F:\GPS_Project\COASolutions\ArduinoCore\Release\libArduinoCore.a(Print.o)
 .debug_ranges  0x00000300       0x38 F:\GPS_Project\COASolutions\ArduinoCore\Release\libArduinoCore.a(wiring.o)
 .debug_ranges  0x00000338       0x68 F:\GPS_Project\COASolutions\NeoPixel\Release\libNeoPixel.a(NeoPixel.o)
 .debug_ranges  0x000003a0       0x28 F:\GPS_Project\COASolutions\ArduinoCore\Release\libArduinoCore.a(wiring_digital.o)

.debug_macro
 *(.debug_macro)
OUTPUT(NeoPixelTest.elf elf32-avr)
LOAD linker stubs
